159.91.23.202 - - [12/Feb/2007:12:16:05 -0500] "GET /~depasqua/csc230/dataSources/itunes.txt HTTP/1.1" 200 361868 "-" "Java/1.5.0_04"
74.6.73.117 - - [12/Feb/2007:12:18:09 -0500] "GET /gallery/main.php?g2_view=slideshowapplet.SlideshowApplet&g2_itemId=1643 HTTP/1.0" 200 11043 "-" "Mozilla/5.0 (compatible; Yahoo! Slurp; http://help.yahoo.com/help/us/ysearch/slurp)"
74.6.68.17 - - [12/Feb/2007:12:19:15 -0500] "GET /gallery/v/events/album02/digitalfortress/november2006/27.jpg.html?g2_imageViewsIndex=1 HTTP/1.0" 200 15261 "-" "Mozilla/5.0 (compatible; Yahoo! Slurp; http://help.yahoo.com/help/us/ysearch/slurp)"
159.91.23.202 - - [12/Feb/2007:12:21:15 -0500] "GET /~depasqua/csc230/dataSources/itunes.txt HTTP/1.1" 200 361868 "-" "Java/1.5.0_04"
66.249.65.103 - - [12/Feb/2007:12:25:19 -0500] "GET /gallery/v/graduations/graduation05/Graduation_2005_09.jpg.html HTTP/1.1" 200 14829 "-" "Mozilla/5.0 (compatible; Googlebot/2.1; +http://www.google.com/bot.html)"
72.30.177.95 - - [12/Feb/2007:12:26:52 -0500] "GET /facultyview.php?id=1 HTTP/1.0" 200 9944 "-" "Mozilla/5.0 (compatible; Yahoo! Slurp; http://help.yahoo.com/help/us/ysearch/slurp)"
159.91.23.202 - - [12/Feb/2007:12:27:34 -0500] "GET /~depasqua/csc230/dataSources/itunes.txt HTTP/1.1" 200 361868 "-" "Java/1.5.0_04"
74.6.70.7 - - [12/Feb/2007:12:29:50 -0500] "GET /gallery/main.php?g2_view=slideshowapplet.SlideshowApplet&g2_itemId=569 HTTP/1.0" 200 11341 "-" "Mozilla/5.0 (compatible; Yahoo! Slurp; http://help.yahoo.com/help/us/ysearch/slurp)"
74.6.68.104 - - [12/Feb/2007:12:30:55 -0500] "GET /gallery/v/events/album02/digitalfortress/november2006/6.jpg.html?g2_imageViewsIndex=1 HTTP/1.0" 200 13016 "-" "Mozilla/5.0 (compatible; Yahoo! Slurp; http://help.yahoo.com/help/us/ysearch/slurp)"
130.156.129.254 - - [12/Feb/2007:12:31:11 -0500] "GET /style.css HTTP/1.1" 200 3484 "http://cs.tcnj.edu/" "Mozilla/4.0 (compatible; MSIE 6.0; Windows NT 5.1; SV1; .NET CLR 2.0.50727; .NET CLR 1.1.4322)"
130.156.129.254 - - [12/Feb/2007:12:31:11 -0500] "GET /images/top_banner.jpg HTTP/1.1" 200 145765 "http://cs.tcnj.edu/" "Mozilla/4.0 (compatible; MSIE 6.0; Windows NT 5.1; SV1; .NET CLR 2.0.50727; .NET CLR 1.1.4322)"
130.156.129.254 - - [12/Feb/2007:12:31:11 -0500] "GET / HTTP/1.1" 200 14873 "http://www.tcnj.edu/%7Escience/" "Mozilla/4.0 (compatible; MSIE 6.0; Windows NT 5.1; SV1; .NET CLR 2.0.50727; .NET CLR 1.1.4322)"
130.156.129.254 - - [12/Feb/2007:12:31:12 -0500] "GET /images/frontpageImage/grad05b.jpg HTTP/1.1" 200 53632 "http://cs.tcnj.edu/" "Mozilla/4.0 (compatible; MSIE 6.0; Windows NT 5.1; SV1; .NET CLR 2.0.50727; .NET CLR 1.1.4322)"
130.156.129.254 - - [12/Feb/2007:12:31:12 -0500] "GET /images/feed-icon-16x16.gif HTTP/1.1" 200 652 "http://cs.tcnj.edu/" "Mozilla/4.0 (compatible; MSIE 6.0; Windows NT 5.1; SV1; .NET CLR 2.0.50727; .NET CLR 1.1.4322)"
159.91.23.202 - - [12/Feb/2007:12:31:16 -0500] "GET /~depasqua/csc230/dataSources/itunes.txt HTTP/1.1" 200 361868 "-" "Java/1.5.0_04"
130.156.129.254 - - [12/Feb/2007:12:31:18 -0500] "GET /faculty_fulltime.php HTTP/1.1" 200 10107 "http://cs.tcnj.edu/" "Mozilla/4.0 (compatible; MSIE 6.0; Windows NT 5.1; SV1; .NET CLR 2.0.50727; .NET CLR 1.1.4322)"
130.156.129.254 - - [12/Feb/2007:12:31:18 -0500] "GET /images/facultyHeadshots/depasquale.jpg HTTP/1.1" 200 13455 "http://cs.tcnj.edu/faculty_fulltime.php" "Mozilla/4.0 (compatible; MSIE 6.0; Windows NT 5.1; SV1; .NET CLR 2.0.50727; .NET CLR 1.1.4322)"
130.156.129.254 - - [12/Feb/2007:12:31:18 -0500] "GET /images/facultyHeadshots/li.jpg HTTP/1.1" 200 15594 "http://cs.tcnj.edu/faculty_fulltime.php" "Mozilla/4.0 (compatible; MSIE 6.0; Windows NT 5.1; SV1; .NET CLR 2.0.50727; .NET CLR 1.1.4322)"
130.156.129.254 - - [12/Feb/2007:12:31:18 -0500] "GET /images/facultyHeadshots/knox.jpg HTTP/1.1" 200 15190 "http://cs.tcnj.edu/faculty_fulltime.php" "Mozilla/4.0 (compatible; MSIE 6.0; Windows NT 5.1; SV1; .NET CLR 2.0.50727; .NET CLR 1.1.4322)"
130.156.129.254 - - [12/Feb/2007:12:31:18 -0500] "GET /images/facultyHeadshots/goldberg.jpg HTTP/1.1" 200 15695 "http://cs.tcnj.edu/faculty_fulltime.php" "Mozilla/4.0 (compatible; MSIE 6.0; Windows NT 5.1; SV1; .NET CLR 2.0.50727; .NET CLR 1.1.4322)"
130.156.129.254 - - [12/Feb/2007:12:31:18 -0500] "GET /images/facultyHeadshots/martinovic.jpg HTTP/1.1" 200 16499 "http://cs.tcnj.edu/faculty_fulltime.php" "Mozilla/4.0 (compatible; MSIE 6.0; Windows NT 5.1; SV1; .NET CLR 2.0.50727; .NET CLR 1.1.4322)"
130.156.129.254 - - [12/Feb/2007:12:31:18 -0500] "GET /images/facultyHeadshots/pulimood.jpg HTTP/1.1" 200 13261 "http://cs.tcnj.edu/faculty_fulltime.php" "Mozilla/4.0 (compatible; MSIE 6.0; Windows NT 5.1; SV1; .NET CLR 2.0.50727; .NET CLR 1.1.4322)"
130.156.129.254 - - [12/Feb/2007:12:31:18 -0500] "GET /images/facultyHeadshots/neff.jpg HTTP/1.1" 200 15761 "http://cs.tcnj.edu/faculty_fulltime.php" "Mozilla/4.0 (compatible; MSIE 6.0; Windows NT 5.1; SV1; .NET CLR 2.0.50727; .NET CLR 1.1.4322)"
130.156.129.254 - - [12/Feb/2007:12:31:18 -0500] "GET /images/facultyHeadshots/salgian.jpg HTTP/1.1" 200 7557 "http://cs.tcnj.edu/faculty_fulltime.php" "Mozilla/4.0 (compatible; MSIE 6.0; Windows NT 5.1; SV1; .NET CLR 2.0.50727; .NET CLR 1.1.4322)"
130.156.129.254 - - [12/Feb/2007:12:31:18 -0500] "GET /images/facultyHeadshots/wolz.jpg HTTP/1.1" 200 18970 "http://cs.tcnj.edu/faculty_fulltime.php" "Mozilla/4.0 (compatible; MSIE 6.0; Windows NT 5.1; SV1; .NET CLR 2.0.50727; .NET CLR 1.1.4322)"
130.156.129.254 - - [12/Feb/2007:12:31:22 -0500] "GET /facultyview.php?id=2 HTTP/1.1" 200 22110 "http://cs.tcnj.edu/faculty_fulltime.php" "Mozilla/4.0 (compatible; MSIE 6.0; Windows NT 5.1; SV1; .NET CLR 2.0.50727; .NET CLR 1.1.4322)"
130.156.129.254 - - [12/Feb/2007:12:31:22 -0500] "GET /style.css HTTP/1.1" 200 3484 "http://cs.tcnj.edu/facultyview.php?id=2" "Mozilla/4.0 (compatible; MSIE 6.0; Windows NT 5.1; SV1; .NET CLR 2.0.50727; .NET CLR 1.1.4322)"
130.156.129.254 - - [12/Feb/2007:12:31:22 -0500] "GET /images/top_banner.jpg HTTP/1.1" 304 - "http://cs.tcnj.edu/facultyview.php?id=2" "Mozilla/4.0 (compatible; MSIE 6.0; Windows NT 5.1; SV1; .NET CLR 2.0.50727; .NET CLR 1.1.4322)"
130.156.129.254 - - [12/Feb/2007:12:31:22 -0500] "GET /images/facultyHeadshots/depasquale.jpg HTTP/1.1" 200 13455 "http://cs.tcnj.edu/facultyview.php?id=2" "Mozilla/4.0 (compatible; MSIE 6.0; Windows NT 5.1; SV1; .NET CLR 2.0.50727; .NET CLR 1.1.4322)"
130.156.129.254 - - [12/Feb/2007:12:31:43 -0500] "GET /facultyview.php?id=12 HTTP/1.1" 200 17647 "http://cs.tcnj.edu/faculty_fulltime.php" "Mozilla/4.0 (compatible; MSIE 6.0; Windows NT 5.1; SV1; .NET CLR 2.0.50727; .NET CLR 1.1.4322)"
130.156.129.254 - - [12/Feb/2007:12:31:43 -0500] "GET /style.css HTTP/1.1" 304 - "http://cs.tcnj.edu/facultyview.php?id=12" "Mozilla/4.0 (compatible; MSIE 6.0; Windows NT 5.1; SV1; .NET CLR 2.0.50727; .NET CLR 1.1.4322)"
130.156.129.254 - - [12/Feb/2007:12:31:44 -0500] "GET /images/top_banner.jpg HTTP/1.1" 304 - "http://cs.tcnj.edu/facultyview.php?id=12" "Mozilla/4.0 (compatible; MSIE 6.0; Windows NT 5.1; SV1; .NET CLR 2.0.50727; .NET CLR 1.1.4322)"
130.156.129.254 - - [12/Feb/2007:12:31:44 -0500] "GET /images/facultyHeadshots/goldberg.jpg HTTP/1.1" 304 - "http://cs.tcnj.edu/facultyview.php?id=12" "Mozilla/4.0 (compatible; MSIE 6.0; Windows NT 5.1; SV1; .NET CLR 2.0.50727; .NET CLR 1.1.4322)"
130.156.129.254 - - [12/Feb/2007:12:31:48 -0500] "GET /style.css HTTP/1.1" 304 - "-" "Mozilla/4.0 (compatible; MSIE 6.0; Windows NT 5.1; SV1; .NET CLR 2.0.50727; .NET CLR 1.1.4322)"
130.156.129.254 - - [12/Feb/2007:12:31:56 -0500] "GET /facultyview.php?id=1 HTTP/1.1" 200 9944 "http://cs.tcnj.edu/faculty_fulltime.php" "Mozilla/4.0 (compatible; MSIE 6.0; Windows NT 5.1; SV1; .NET CLR 2.0.50727; .NET CLR 1.1.4322)"
130.156.129.254 - - [12/Feb/2007:12:31:56 -0500] "GET /style.css HTTP/1.1" 304 - "http://cs.tcnj.edu/facultyview.php?id=1" "Mozilla/4.0 (compatible; MSIE 6.0; Windows NT 5.1; SV1; .NET CLR 2.0.50727; .NET CLR 1.1.4322)"
130.156.129.254 - - [12/Feb/2007:12:31:56 -0500] "GET /images/top_banner.jpg HTTP/1.1" 304 - "http://cs.tcnj.edu/facultyview.php?id=1" "Mozilla/4.0 (compatible; MSIE 6.0; Windows NT 5.1; SV1; .NET CLR 2.0.50727; .NET CLR 1.1.4322)"
130.156.129.254 - - [12/Feb/2007:12:31:56 -0500] "GET /images/facultyHeadshots/knox.jpg HTTP/1.1" 304 - "http://cs.tcnj.edu/facultyview.php?id=1" "Mozilla/4.0 (compatible; MSIE 6.0; Windows NT 5.1; SV1; .NET CLR 2.0.50727; .NET CLR 1.1.4322)"
130.156.129.254 - - [12/Feb/2007:12:32:00 -0500] "GET /style.css HTTP/1.1" 304 - "-" "Mozilla/4.0 (compatible; MSIE 6.0; Windows NT 5.1; SV1; .NET CLR 2.0.50727; .NET CLR 1.1.4322)"
130.156.129.254 - - [12/Feb/2007:12:32:08 -0500] "GET /facultyview.php?id=21 HTTP/1.1" 200 17386 "http://cs.tcnj.edu/faculty_fulltime.php" "Mozilla/4.0 (compatible; MSIE 6.0; Windows NT 5.1; SV1; .NET CLR 2.0.50727; .NET CLR 1.1.4322)"
130.156.129.254 - - [12/Feb/2007:12:32:08 -0500] "GET /style.css HTTP/1.1" 304 - "http://cs.tcnj.edu/facultyview.php?id=21" "Mozilla/4.0 (compatible; MSIE 6.0; Windows NT 5.1; SV1; .NET CLR 2.0.50727; .NET CLR 1.1.4322)"
130.156.129.254 - - [12/Feb/2007:12:32:08 -0500] "GET /images/top_banner.jpg HTTP/1.1" 304 - "http://cs.tcnj.edu/facultyview.php?id=21" "Mozilla/4.0 (compatible; MSIE 6.0; Windows NT 5.1; SV1; .NET CLR 2.0.50727; .NET CLR 1.1.4322)"
130.156.129.254 - - [12/Feb/2007:12:32:08 -0500] "GET /images/facultyHeadshots/li.jpg HTTP/1.1" 304 - "http://cs.tcnj.edu/facultyview.php?id=21" "Mozilla/4.0 (compatible; MSIE 6.0; Windows NT 5.1; SV1; .NET CLR 2.0.50727; .NET CLR 1.1.4322)"
130.156.129.254 - - [12/Feb/2007:12:32:14 -0500] "GET /style.css HTTP/1.1" 304 - "-" "Mozilla/4.0 (compatible; MSIE 6.0; Windows NT 5.1; SV1; .NET CLR 2.0.50727; .NET CLR 1.1.4322)"
130.156.129.254 - - [12/Feb/2007:12:32:20 -0500] "GET /facultyview.php?id=5 HTTP/1.1" 200 10926 "http://cs.tcnj.edu/faculty_fulltime.php" "Mozilla/4.0 (compatible; MSIE 6.0; Windows NT 5.1; SV1; .NET CLR 2.0.50727; .NET CLR 1.1.4322)"
130.156.129.254 - - [12/Feb/2007:12:32:21 -0500] "GET /style.css HTTP/1.1" 304 - "http://cs.tcnj.edu/facultyview.php?id=5" "Mozilla/4.0 (compatible; MSIE 6.0; Windows NT 5.1; SV1; .NET CLR 2.0.50727; .NET CLR 1.1.4322)"
130.156.129.254 - - [12/Feb/2007:12:32:21 -0500] "GET /images/top_banner.jpg HTTP/1.1" 304 - "http://cs.tcnj.edu/facultyview.php?id=5" "Mozilla/4.0 (compatible; MSIE 6.0; Windows NT 5.1; SV1; .NET CLR 2.0.50727; .NET CLR 1.1.4322)"
130.156.129.254 - - [12/Feb/2007:12:32:21 -0500] "GET /images/facultyHeadshots/martinovic.jpg HTTP/1.1" 304 - "http://cs.tcnj.edu/facultyview.php?id=5" "Mozilla/4.0 (compatible; MSIE 6.0; Windows NT 5.1; SV1; .NET CLR 2.0.50727; .NET CLR 1.1.4322)"
130.156.129.254 - - [12/Feb/2007:12:32:25 -0500] "GET /style.css HTTP/1.1" 304 - "-" "Mozilla/4.0 (compatible; MSIE 6.0; Windows NT 5.1; SV1; .NET CLR 2.0.50727; .NET CLR 1.1.4322)"
130.156.129.254 - - [12/Feb/2007:12:32:31 -0500] "GET /facultyview.php?id=6 HTTP/1.1" 200 19089 "http://cs.tcnj.edu/faculty_fulltime.php" "Mozilla/4.0 (compatible; MSIE 6.0; Windows NT 5.1; SV1; .NET CLR 2.0.50727; .NET CLR 1.1.4322)"
130.156.129.254 - - [12/Feb/2007:12:32:31 -0500] "GET /style.css HTTP/1.1" 304 - "http://cs.tcnj.edu/facultyview.php?id=6" "Mozilla/4.0 (compatible; MSIE 6.0; Windows NT 5.1; SV1; .NET CLR 2.0.50727; .NET CLR 1.1.4322)"
130.156.129.254 - - [12/Feb/2007:12:32:32 -0500] "GET /images/top_banner.jpg HTTP/1.1" 304 - "http://cs.tcnj.edu/facultyview.php?id=6" "Mozilla/4.0 (compatible; MSIE 6.0; Windows NT 5.1; SV1; .NET CLR 2.0.50727; .NET CLR 1.1.4322)"
130.156.129.254 - - [12/Feb/2007:12:32:32 -0500] "GET /images/facultyHeadshots/neff.jpg HTTP/1.1" 304 - "http://cs.tcnj.edu/facultyview.php?id=6" "Mozilla/4.0 (compatible; MSIE 6.0; Windows NT 5.1; SV1; .NET CLR 2.0.50727; .NET CLR 1.1.4322)"
130.156.129.254 - - [12/Feb/2007:12:32:36 -0500] "GET /style.css HTTP/1.1" 304 - "-" "Mozilla/4.0 (compatible; MSIE 6.0; Windows NT 5.1; SV1; .NET CLR 2.0.50727; .NET CLR 1.1.4322)"
130.156.129.254 - - [12/Feb/2007:12:32:43 -0500] "GET /style.css HTTP/1.1" 304 - "http://cs.tcnj.edu/facultyview.php?id=22" "Mozilla/4.0 (compatible; MSIE 6.0; Windows NT 5.1; SV1; .NET CLR 2.0.50727; .NET CLR 1.1.4322)"
130.156.129.254 - - [12/Feb/2007:12:32:44 -0500] "GET /images/top_banner.jpg HTTP/1.1" 304 - "http://cs.tcnj.edu/facultyview.php?id=22" "Mozilla/4.0 (compatible; MSIE 6.0; Windows NT 5.1; SV1; .NET CLR 2.0.50727; .NET CLR 1.1.4322)"
130.156.129.254 - - [12/Feb/2007:12:32:43 -0500] "GET /facultyview.php?id=22 HTTP/1.1" 200 19167 "http://cs.tcnj.edu/faculty_fulltime.php" "Mozilla/4.0 (compatible; MSIE 6.0; Windows NT 5.1; SV1; .NET CLR 2.0.50727; .NET CLR 1.1.4322)"
130.156.129.254 - - [12/Feb/2007:12:32:44 -0500] "GET /images/facultyHeadshots/pulimood.jpg HTTP/1.1" 304 - "http://cs.tcnj.edu/facultyview.php?id=22" "Mozilla/4.0 (compatible; MSIE 6.0; Windows NT 5.1; SV1; .NET CLR 2.0.50727; .NET CLR 1.1.4322)"
130.156.129.254 - - [12/Feb/2007:12:32:47 -0500] "GET /style.css HTTP/1.1" 304 - "-" "Mozilla/4.0 (compatible; MSIE 6.0; Windows NT 5.1; SV1; .NET CLR 2.0.50727; .NET CLR 1.1.4322)"
130.156.129.254 - - [12/Feb/2007:12:32:55 -0500] "GET /facultyview.php?id=24 HTTP/1.1" 200 18452 "http://cs.tcnj.edu/faculty_fulltime.php" "Mozilla/4.0 (compatible; MSIE 6.0; Windows NT 5.1; SV1; .NET CLR 2.0.50727; .NET CLR 1.1.4322)"
130.156.129.254 - - [12/Feb/2007:12:32:55 -0500] "GET /style.css HTTP/1.1" 304 - "http://cs.tcnj.edu/facultyview.php?id=24" "Mozilla/4.0 (compatible; MSIE 6.0; Windows NT 5.1; SV1; .NET CLR 2.0.50727; .NET CLR 1.1.4322)"
130.156.129.254 - - [12/Feb/2007:12:32:55 -0500] "GET /images/top_banner.jpg HTTP/1.1" 304 - "http://cs.tcnj.edu/facultyview.php?id=24" "Mozilla/4.0 (compatible; MSIE 6.0; Windows NT 5.1; SV1; .NET CLR 2.0.50727; .NET CLR 1.1.4322)"
130.156.129.254 - - [12/Feb/2007:12:32:55 -0500] "GET /images/facultyHeadshots/salgian.jpg HTTP/1.1" 304 - "http://cs.tcnj.edu/facultyview.php?id=24" "Mozilla/4.0 (compatible; MSIE 6.0; Windows NT 5.1; SV1; .NET CLR 2.0.50727; .NET CLR 1.1.4322)"
130.156.129.254 - - [12/Feb/2007:12:33:03 -0500] "GET /style.css HTTP/1.1" 304 - "-" "Mozilla/4.0 (compatible; MSIE 6.0; Windows NT 5.1; SV1; .NET CLR 2.0.50727; .NET CLR 1.1.4322)"
130.156.129.254 - - [12/Feb/2007:12:33:07 -0500] "GET /facultyview.php?id=11 HTTP/1.1" 200 16965 "http://cs.tcnj.edu/faculty_fulltime.php" "Mozilla/4.0 (compatible; MSIE 6.0; Windows NT 5.1; SV1; .NET CLR 2.0.50727; .NET CLR 1.1.4322)"
130.156.129.254 - - [12/Feb/2007:12:33:07 -0500] "GET /style.css HTTP/1.1" 304 - "http://cs.tcnj.edu/facultyview.php?id=11" "Mozilla/4.0 (compatible; MSIE 6.0; Windows NT 5.1; SV1; .NET CLR 2.0.50727; .NET CLR 1.1.4322)"
130.156.129.254 - - [12/Feb/2007:12:33:07 -0500] "GET /images/top_banner.jpg HTTP/1.1" 304 - "http://cs.tcnj.edu/facultyview.php?id=11" "Mozilla/4.0 (compatible; MSIE 6.0; Windows NT 5.1; SV1; .NET CLR 2.0.50727; .NET CLR 1.1.4322)"
130.156.129.254 - - [12/Feb/2007:12:33:07 -0500] "GET /images/facultyHeadshots/wolz.jpg HTTP/1.1" 304 - "http://cs.tcnj.edu/facultyview.php?id=11" "Mozilla/4.0 (compatible; MSIE 6.0; Windows NT 5.1; SV1; .NET CLR 2.0.50727; .NET CLR 1.1.4322)"
130.156.129.254 - - [12/Feb/2007:12:33:16 -0500] "GET /faculty_fulltime.php?type=2 HTTP/1.1" 200 7801 "http://cs.tcnj.edu/faculty_fulltime.php" "Mozilla/4.0 (compatible; MSIE 6.0; Windows NT 5.1; SV1; .NET CLR 2.0.50727; .NET CLR 1.1.4322)"
130.156.129.254 - - [12/Feb/2007:12:33:17 -0500] "GET /images/facultyHeadshots/blankfaculty1.jpg HTTP/1.1" 200 4538 "http://cs.tcnj.edu/faculty_fulltime.php?type=2" "Mozilla/4.0 (compatible; MSIE 6.0; Windows NT 5.1; SV1; .NET CLR 2.0.50727; .NET CLR 1.1.4322)"
130.156.129.254 - - [12/Feb/2007:12:33:20 -0500] "GET /style.css HTTP/1.1" 304 - "-" "Mozilla/4.0 (compatible; MSIE 6.0; Windows NT 5.1; SV1; .NET CLR 2.0.50727; .NET CLR 1.1.4322)"
130.156.129.254 - - [12/Feb/2007:12:33:23 -0500] "GET /facultyview.php?id=26 HTTP/1.1" 200 14343 "http://cs.tcnj.edu/faculty_fulltime.php?type=2" "Mozilla/4.0 (compatible; MSIE 6.0; Windows NT 5.1; SV1; .NET CLR 2.0.50727; .NET CLR 1.1.4322)"
130.156.129.254 - - [12/Feb/2007:12:33:23 -0500] "GET /images/facultyHeadshots/blankfaculty.jpg HTTP/1.1" 200 6770 "http://cs.tcnj.edu/facultyview.php?id=26" "Mozilla/4.0 (compatible; MSIE 6.0; Windows NT 5.1; SV1; .NET CLR 2.0.50727; .NET CLR 1.1.4322)"
130.156.129.254 - - [12/Feb/2007:12:33:29 -0500] "GET /style.css HTTP/1.1" 304 - "-" "Mozilla/4.0 (compatible; MSIE 6.0; Windows NT 5.1; SV1; .NET CLR 2.0.50727; .NET CLR 1.1.4322)"
74.6.67.233 - - [12/Feb/2007:12:33:34 -0500] "GET /gallery/main.php?g2_view=slideshow.Slideshow&g2_itemId=380 HTTP/1.0" 200 19507 "-" "Mozilla/5.0 (compatible; Yahoo! Slurp; http://help.yahoo.com/help/us/ysearch/slurp)"
130.156.129.254 - - [12/Feb/2007:12:33:36 -0500] "GET /facultyview.php?id=25 HTTP/1.1" 200 15442 "http://cs.tcnj.edu/faculty_fulltime.php?type=2" "Mozilla/4.0 (compatible; MSIE 6.0; Windows NT 5.1; SV1; .NET CLR 2.0.50727; .NET CLR 1.1.4322)"
130.156.129.254 - - [12/Feb/2007:12:33:42 -0500] "GET /style.css HTTP/1.1" 304 - "-" "Mozilla/4.0 (compatible; MSIE 6.0; Windows NT 5.1; SV1; .NET CLR 2.0.50727; .NET CLR 1.1.4322)"
66.249.65.103 - - [12/Feb/2007:12:39:04 -0500] "GET /gallery/v/graduations/graduation05/Graduation_2005_10.jpg.html HTTP/1.1" 200 14763 "-" "Mozilla/5.0 (compatible; Googlebot/2.1; +http://www.google.com/bot.html)"
72.14.199.84 - - [12/Feb/2007:12:45:43 -0500] "GET /newsEventsRSS.php HTTP/1.1" 200 10627 "-" "Feedfetcher-Google; (+http://www.google.com/feedfetcher.html)"
159.91.140.235 - - [12/Feb/2007:12:47:38 -0500] "GET /registrationInfo.php HTTP/1.1" 200 9755 "http://www.googlesyndicatedsearch.com/u/tcnj?domains=www.tcnj.edu&sitesearch=www.tcnj.edu&q=fall+2007+registration" "Mozilla/4.0 (compatible; MSIE 7.0; Windows NT 5.1; .NET CLR 1.1.4322)"
159.91.140.235 - - [12/Feb/2007:12:47:38 -0500] "GET /style.css HTTP/1.1" 200 3484 "http://cs.tcnj.edu/registrationInfo.php" "Mozilla/4.0 (compatible; MSIE 7.0; Windows NT 5.1; .NET CLR 1.1.4322)"
159.91.140.235 - - [12/Feb/2007:12:47:38 -0500] "GET /images/top_banner.jpg HTTP/1.1" 200 145765 "http://cs.tcnj.edu/registrationInfo.php" "Mozilla/4.0 (compatible; MSIE 7.0; Windows NT 5.1; .NET CLR 1.1.4322)"
159.91.140.235 - - [12/Feb/2007:12:47:39 -0500] "GET /favicon.ico HTTP/1.1" 200 614 "-" "Mozilla/4.0 (compatible; MSIE 7.0; Windows NT 5.1; .NET CLR 1.1.4322)"
194.72.238.16 - - [12/Feb/2007:12:49:16 -0500] "GET /cobalt-images/welcome2.gif HTTP/1.0" 404 419 "-" "Mozilla/4.0 (compatible; MSIE 6.0; Windows NT 5.1)"
74.6.74.211 - - [12/Feb/2007:12:50:11 -0500] "GET /courselist.php?id=5 HTTP/1.0" 200 9196 "-" "Mozilla/5.0 (compatible; Yahoo! Slurp; http://help.yahoo.com/help/us/ysearch/slurp)"
219.235.2.72 - - [12/Feb/2007:12:51:03 -0500] "GET / HTTP/1.1" 200 14892 "http://cs.tcnj.edu/" "Mozilla/4.0 (compatible; MSIE 5.01; Windows 95; MSIECrawler)"
209.160.40.189 - - [12/Feb/2007:12:51:08 -0500] "GET / HTTP/1.0" 200 14892 "http://cs.tcnj.edu/" "Mozilla/4.0 (compatible; MSIE 5.01; Windows 95; MSIECrawler)"
209.160.40.189 - - [12/Feb/2007:12:51:10 -0500] "GET /newsAndEvents.php?type=e HTTP/1.0" 200 35150 "http://cs.tcnj.edu/newsAndEvents.php?type=e" "Mozilla/4.0 (compatible; MSIE 5.01; Windows 95; MSIECrawler)"
66.249.65.103 - - [12/Feb/2007:12:52:56 -0500] "GET /gallery/v/graduations/graduation05/Graduation_2005_20.jpg.html HTTP/1.1" 200 16044 "-" "Mozilla/5.0 (compatible; Googlebot/2.1; +http://www.google.com/bot.html)"
193.47.80.48 - - [12/Feb/2007:12:54:05 -0500] "GET /gallery/v/presentations/album06/Poster_Presentations_15.jpg.html?g2_GALLERYSID=e0fa1891037491bf3e61ce76ef3c67c3 HTTP/1.1" 200 15818 "-" "Mozilla/5.0 (compatible; Exabot/3.0; +http://www.exabot.com/go/robot)"
69.249.180.193 - - [12/Feb/2007:12:55:24 -0500] "POST /gallery/main.php?g2_GALLERYSID=cfde5d48c5d0a226687cffe2a3658247 HTTP/1.1" 200 8755 "-" "User-Agent: Mozilla/4.0 (compatible; MSIE 6.0; Windows NT 5.1)"
159.91.23.202 - - [12/Feb/2007:12:55:25 -0500] "GET /~depasqua/csc230/dataSources/itunes.txt HTTP/1.1" 200 361868 "-" "Java/1.5.0_04"
159.91.23.209 - - [12/Feb/2007:12:56:55 -0500] "GET /~depasqua/csc230/dataSources/itunes.txt HTTP/1.1" 200 361868 "-" "Java/1.5.0_04"
159.91.23.202 - - [12/Feb/2007:12:58:11 -0500] "GET /~depasqua/csc230/dataSources/itunes.txt HTTP/1.1" 200 361868 "-" "Java/1.5.0_04"
159.91.23.202 - - [12/Feb/2007:12:58:37 -0500] "GET /~depasqua/csc230/dataSources/itunes.txt HTTP/1.1" 200 361868 "-" "Java/1.5.0_04"
159.91.102.42 - - [12/Feb/2007:12:59:23 -0500] "GET /newsEventsRSS.php HTTP/1.1" 200 10627 "-" "Mozilla/5.0 (Windows; U; Windows NT 5.0; en-US; rv:1.8.0.9) Gecko/20061206 Firefox/1.5.0.9"
74.6.85.216 - - [12/Feb/2007:12:59:24 -0500] "GET /robots.txt HTTP/1.0" 200 49 "-" "Mozilla/5.0 (compatible; Yahoo! Slurp; http://help.yahoo.com/help/us/ysearch/slurp)"
74.6.86.17 - - [12/Feb/2007:12:59:24 -0500] "GET /facultyview.php?id=2 HTTP/1.0" 200 22110 "-" "Mozilla/5.0 (compatible; Yahoo! Slurp; http://help.yahoo.com/help/us/ysearch/slurp)"
159.91.102.42 - - [12/Feb/2007:12:59:23 -0500] "GET / HTTP/1.1" 200 14892 "-" "Mozilla/5.0 (Windows; U; Windows NT 5.0; en-US; rv:1.8.0.9) Gecko/20061206 Firefox/1.5.0.9"
159.91.102.42 - - [12/Feb/2007:12:59:25 -0500] "GET /images/frontpageImage/grad05b.jpg HTTP/1.1" 200 53632 "http://cs.tcnj.edu/" "Mozilla/5.0 (Windows; U; Windows NT 5.0; en-US; rv:1.8.0.9) Gecko/20061206 Firefox/1.5.0.9"
159.91.102.42 - - [12/Feb/2007:12:59:28 -0500] "GET /faculty_fulltime.php HTTP/1.1" 200 10107 "http://cs.tcnj.edu/" "Mozilla/5.0 (Windows; U; Windows NT 5.0; en-US; rv:1.8.0.9) Gecko/20061206 Firefox/1.5.0.9"
159.91.102.42 - - [12/Feb/2007:12:59:28 -0500] "GET /newsEventsRSS.php HTTP/1.1" 200 10627 "-" "Mozilla/5.0 (Windows; U; Windows NT 5.0; en-US; rv:1.8.0.9) Gecko/20061206 Firefox/1.5.0.9"
159.91.102.42 - - [12/Feb/2007:12:59:28 -0500] "GET /images/facultyHeadshots/goldberg.jpg HTTP/1.1" 200 15695 "http://cs.tcnj.edu/faculty_fulltime.php" "Mozilla/5.0 (Windows; U; Windows NT 5.0; en-US; rv:1.8.0.9) Gecko/20061206 Firefox/1.5.0.9"
159.91.102.42 - - [12/Feb/2007:12:59:28 -0500] "GET /images/facultyHeadshots/depasquale.jpg HTTP/1.1" 200 13455 "http://cs.tcnj.edu/faculty_fulltime.php" "Mozilla/5.0 (Windows; U; Windows NT 5.0; en-US; rv:1.8.0.9) Gecko/20061206 Firefox/1.5.0.9"
159.91.102.42 - - [12/Feb/2007:12:59:28 -0500] "GET /images/facultyHeadshots/li.jpg HTTP/1.1" 200 15594 "http://cs.tcnj.edu/faculty_fulltime.php" "Mozilla/5.0 (Windows; U; Windows NT 5.0; en-US; rv:1.8.0.9) Gecko/20061206 Firefox/1.5.0.9"
159.91.102.42 - - [12/Feb/2007:12:59:28 -0500] "GET /images/facultyHeadshots/martinovic.jpg HTTP/1.1" 200 16499 "http://cs.tcnj.edu/faculty_fulltime.php" "Mozilla/5.0 (Windows; U; Windows NT 5.0; en-US; rv:1.8.0.9) Gecko/20061206 Firefox/1.5.0.9"
159.91.102.42 - - [12/Feb/2007:12:59:28 -0500] "GET /images/facultyHeadshots/knox.jpg HTTP/1.1" 200 15190 "http://cs.tcnj.edu/faculty_fulltime.php" "Mozilla/5.0 (Windows; U; Windows NT 5.0; en-US; rv:1.8.0.9) Gecko/20061206 Firefox/1.5.0.9"
159.91.102.42 - - [12/Feb/2007:12:59:28 -0500] "GET /images/facultyHeadshots/neff.jpg HTTP/1.1" 200 15761 "http://cs.tcnj.edu/faculty_fulltime.php" "Mozilla/5.0 (Windows; U; Windows NT 5.0; en-US; rv:1.8.0.9) Gecko/20061206 Firefox/1.5.0.9"
159.91.102.42 - - [12/Feb/2007:12:59:28 -0500] "GET /images/facultyHeadshots/salgian.jpg HTTP/1.1" 200 7557 "http://cs.tcnj.edu/faculty_fulltime.php" "Mozilla/5.0 (Windows; U; Windows NT 5.0; en-US; rv:1.8.0.9) Gecko/20061206 Firefox/1.5.0.9"
159.91.102.42 - - [12/Feb/2007:12:59:28 -0500] "GET /images/facultyHeadshots/wolz.jpg HTTP/1.1" 200 18970 "http://cs.tcnj.edu/faculty_fulltime.php" "Mozilla/5.0 (Windows; U; Windows NT 5.0; en-US; rv:1.8.0.9) Gecko/20061206 Firefox/1.5.0.9"
159.91.102.42 - - [12/Feb/2007:12:59:28 -0500] "GET /images/facultyHeadshots/pulimood.jpg HTTP/1.1" 200 13261 "http://cs.tcnj.edu/faculty_fulltime.php" "Mozilla/5.0 (Windows; U; Windows NT 5.0; en-US; rv:1.8.0.9) Gecko/20061206 Firefox/1.5.0.9"
159.91.102.42 - - [12/Feb/2007:12:59:34 -0500] "GET /facultyview.php?id=5 HTTP/1.1" 200 10926 "http://cs.tcnj.edu/faculty_fulltime.php" "Mozilla/5.0 (Windows; U; Windows NT 5.0; en-US; rv:1.8.0.9) Gecko/20061206 Firefox/1.5.0.9"
159.91.102.42 - - [12/Feb/2007:12:59:34 -0500] "GET /newsEventsRSS.php HTTP/1.1" 200 10627 "-" "Mozilla/5.0 (Windows; U; Windows NT 5.0; en-US; rv:1.8.0.9) Gecko/20061206 Firefox/1.5.0.9"
159.91.65.227 - - [12/Feb/2007:13:00:20 -0500] "GET /style.css HTTP/1.1" 200 3484 "http://cs.tcnj.edu/" "Mozilla/5.0 (Macintosh; U; PPC Mac OS X Mach-O; en-US; rv:1.8.1.1) Gecko/20061204 Firefox/2.0.0.1"
159.91.65.227 - - [12/Feb/2007:13:00:20 -0500] "GET /images/top_banner.jpg HTTP/1.1" 200 145765 "http://cs.tcnj.edu/" "Mozilla/5.0 (Macintosh; U; PPC Mac OS X Mach-O; en-US; rv:1.8.1.1) Gecko/20061204 Firefox/2.0.0.1"
159.91.65.227 - - [12/Feb/2007:13:00:20 -0500] "GET / HTTP/1.1" 200 14878 "-" "Mozilla/5.0 (Macintosh; U; PPC Mac OS X Mach-O; en-US; rv:1.8.1.1) Gecko/20061204 Firefox/2.0.0.1"
159.91.65.227 - - [12/Feb/2007:13:00:21 -0500] "GET /images/frontpageImage/grad05b.jpg HTTP/1.1" 200 53632 "http://cs.tcnj.edu/" "Mozilla/5.0 (Macintosh; U; PPC Mac OS X Mach-O; en-US; rv:1.8.1.1) Gecko/20061204 Firefox/2.0.0.1"
159.91.65.227 - - [12/Feb/2007:13:00:21 -0500] "GET /images/feed-icon-16x16.gif HTTP/1.1" 200 652 "http://cs.tcnj.edu/" "Mozilla/5.0 (Macintosh; U; PPC Mac OS X Mach-O; en-US; rv:1.8.1.1) Gecko/20061204 Firefox/2.0.0.1"
159.91.65.227 - - [12/Feb/2007:13:00:21 -0500] "GET /favicon.ico HTTP/1.1" 200 614 "-" "Mozilla/5.0 (Macintosh; U; PPC Mac OS X Mach-O; en-US; rv:1.8.1.1) Gecko/20061204 Firefox/2.0.0.1"
159.91.65.227 - - [12/Feb/2007:13:00:24 -0500] "GET /msdn.php HTTP/1.1" 200 14843 "http://cs.tcnj.edu/" "Mozilla/5.0 (Macintosh; U; PPC Mac OS X Mach-O; en-US; rv:1.8.1.1) Gecko/20061204 Firefox/2.0.0.1"
70.74.6.225 - - [12/Feb/2007:13:00:36 -0500] "POST /gallery/main.php?g2_GALLERYSID=3a25ae43440fbf1c9a752cfa7249ed69 HTTP/1.1" 200 8925 "-" "User-Agent: Mozilla/4.0 (compatible; MSIE 6.0; Windows NT 5.1)"
65.55.209.151 - - [12/Feb/2007:13:03:04 -0500] "GET /robots.txt HTTP/1.0" 200 49 "-" "msnbot/1.0 (+http://search.msn.com/msnbot.htm)"
65.55.209.151 - - [12/Feb/2007:13:03:04 -0500] "GET /gallery/main.php?g2_view=slideshow.Slideshow&g2_itemId=149 HTTP/1.0" 200 46653 "-" "msnbot/1.0 (+http://search.msn.com/msnbot.htm)"
195.225.177.40 - - [12/Feb/2007:13:03:52 -0500] "GET /gallery/main.php?g2_view=comment.AddComment&g2_itemId=664 HTTP/1.1" 200 12165 "-" "-"
195.225.177.40 - - [12/Feb/2007:13:03:53 -0500] "POST /gallery/main.php?g2_GALLERYSID=c0936b46f942dc9181f1154c6501fb43 HTTP/1.1" 302 - "http://cs.tcnj.edu/gallery/main.php?g2_view=comment.AddComment&g2_itemId=664" "Opera/9.0 (Windows NT 5.1; U; en)"
209.160.64.75 - - [12/Feb/2007:13:04:43 -0500] "GET /gallery/main.php?g2_view=comment.ShowComments&g2_itemId=664 HTTP/1.0" 200 434517 "http://cs.tcnj.edu/gallery/main.php?g2_view=comment.ShowComments&g2_itemId=664" "Mozilla/4.0 (compatible; MSIE 6.0; Windows NT 5.1; SV1)"
202.108.11.106 - - [12/Feb/2007:13:05:36 -0500] "GET / HTTP/1.1" 200 14878 "-" "Baiduspider+(+http://www.baidu.com/search/spider.htm)"
66.249.65.103 - - [12/Feb/2007:13:06:45 -0500] "GET /gallery/main.php?g2_view=slideshowapplet.SlideshowApplet&g2_itemId=1523 HTTP/1.1" 200 9644 "-" "Mozilla/5.0 (compatible; Googlebot/2.1; +http://www.google.com/bot.html)"
212.116.219.177 - - [12/Feb/2007:13:07:27 -0500] "GET /gallery/main.php?g2_view=comment.ShowComments&amp;g2_itemId=664 HTTP/1.1" 200 5616 "http://cs.tcnj.edu/gallery/main.php?g2_view=comment.ShowComments&amp;g2_itemId=664" "User-Agent: Mozilla/4.0 (compatible; MSIE 6.0; Windows NT 5.1)"
212.116.219.177 - - [12/Feb/2007:13:07:53 -0500] "GET /gallery/main.php?g2_view=comment.ShowComments&amp;g2_itemId=664 HTTP/1.1" 200 5518 "http://cs.tcnj.edu/gallery/main.php?g2_view=comment.ShowComments&amp;g2_itemId=664" "User-Agent: Mozilla/4.0 (compatible; MSIE 6.0; Windows NT 5.1)"
212.116.219.177 - - [12/Feb/2007:13:08:01 -0500] "POST /gallery/main.php HTTP/1.1" 200 8748 "http://cs.tcnj.edu/gallery/main.php?g2_view=comment.ShowComments&amp;g2_itemId=664" "User-Agent: Mozilla/4.0 (compatible; MSIE 6.0; Windows NT 5.1)"
159.91.23.202 - - [12/Feb/2007:13:13:10 -0500] "GET /~depasqua/csc230/dataSources/itunes.txt HTTP/1.1" 200 361868 "-" "Java/1.5.0_04"
65.214.45.100 - - [12/Feb/2007:13:13:28 -0500] "GET /robots.txt HTTP/1.0" 200 49 "-" "Mozilla/5.0 (compatible; Ask Jeeves/Teoma; +http://about.ask.com/en/docs/about/webmasters.shtml)"
65.214.45.100 - - [12/Feb/2007:13:13:28 -0500] "GET / HTTP/1.0" 200 14878 "-" "Mozilla/5.0 (compatible; Ask Jeeves/Teoma; +http://about.ask.com/en/docs/about/webmasters.shtml)"
76.177.159.74 - - [12/Feb/2007:13:15:30 -0500] "POST /gallery/main.php?g2_GALLERYSID=2b0c6ff04ec5561422f2d82eb544c693 HTTP/1.1" 200 8817 "-" "User-Agent: Mozilla/4.0 (compatible; MSIE 6.0; Windows NT 5.1)"
12.144.115.136 - - [12/Feb/2007:13:15:52 -0500] "POST /gallery/main.php HTTP/1.1" 200 8810 "-" "User-Agent: Mozilla/4.0 (compatible; MSIE 6.0; Windows NT 5.1)"
159.91.23.202 - - [12/Feb/2007:13:16:03 -0500] "GET /~depasqua/csc230/ HTTP/1.1" 200 1245 "-" "Mozilla/5.0 (X11; U; Linux x86_64; en-US; rv:1.7.13) Gecko/20060414 Red Hat/1.7.13-1.1.3.1"
159.91.23.202 - - [12/Feb/2007:13:16:04 -0500] "GET /~depasqua/csc230/examples/ HTTP/1.1" 200 853 "http://depasquale.tcnj.edu/~depasqua/csc230/" "Mozilla/5.0 (X11; U; Linux x86_64; en-US; rv:1.7.13) Gecko/20060414 Red Hat/1.7.13-1.1.3.1"
159.91.23.202 - - [12/Feb/2007:13:16:06 -0500] "GET /~depasqua/csc230/dataSources/ HTTP/1.1" 200 854 "http://depasquale.tcnj.edu/~depasqua/csc230/" "Mozilla/5.0 (X11; U; Linux x86_64; en-US; rv:1.7.13) Gecko/20060414 Red Hat/1.7.13-1.1.3.1"
207.46.98.82 - - [12/Feb/2007:13:16:25 -0500] "GET /robots.txt HTTP/1.0" 200 49 "-" "msnbot/1.0 (+http://search.msn.com/msnbot.htm)"
207.46.98.82 - - [12/Feb/2007:13:16:25 -0500] "GET /gallery/v/graduations/graduation05/Graduation_2005_42.jpg.html HTTP/1.0" 200 16811 "-" "msnbot/1.0 (+http://search.msn.com/msnbot.htm)"
159.91.23.202 - - [12/Feb/2007:13:18:07 -0500] "GET /~depasqua/csc230/dataSources/itunes.txt HTTP/1.1" 200 361868 "-" "Java/1.5.0_04"
74.6.75.48 - - [12/Feb/2007:13:18:32 -0500] "GET /robots.txt HTTP/1.0" 200 49 "-" "Mozilla/5.0 (compatible; Yahoo! Slurp; http://help.yahoo.com/help/us/ysearch/slurp)"
74.6.74.214 - - [12/Feb/2007:13:18:33 -0500] "GET /gallery/v/events/album02/digitalfortress/november2006/28.jpg.html HTTP/1.0" 200 15073 "-" "Mozilla/5.0 (compatible; Yahoo! Slurp; http://help.yahoo.com/help/us/ysearch/slurp)"
89.150.197.194 - - [12/Feb/2007:13:18:44 -0500] "GET /robots.txt HTTP/1.0" 200 49 "-" "Speedy Spider (Entireweb; Beta/1.0; http://www.entireweb.com/about/search_tech/speedyspider/)"
89.150.197.194 - - [12/Feb/2007:13:18:45 -0500] "GET / HTTP/1.0" 200 14878 "-" "Speedy Spider (Entireweb; Beta/1.0; http://www.entireweb.com/about/search_tech/speedyspider/)"
159.91.23.202 - - [12/Feb/2007:13:18:52 -0500] "GET /~depasqua/csc230/dataSources/itunes.txt HTTP/1.1" 200 361868 "-" "Java/1.5.0_04"
74.6.71.45 - - [12/Feb/2007:13:19:04 -0500] "GET /newsAndEvents.php HTTP/1.0" 200 47583 "-" "Mozilla/5.0 (compatible; Yahoo! Slurp; http://help.yahoo.com/help/us/ysearch/slurp)"
159.91.23.202 - - [12/Feb/2007:13:19:23 -0500] "GET /~depasqua/csc230/dataSources/itunes.txt HTTP/1.1" 200 361868 "-" "Java/1.5.0_04"
66.249.65.103 - - [12/Feb/2007:13:20:33 -0500] "GET /gallery/v/graduations/graduation05/Graduation_2005_30.jpg.html HTTP/1.1" 200 14824 "-" "Mozilla/5.0 (compatible; Googlebot/2.1; +http://www.google.com/bot.html)"
74.6.73.44 - - [12/Feb/2007:13:21:01 -0500] "GET /gallery/v/events/album02/contests/programmingContest05/?g2_highlightId=742 HTTP/1.0" 302 - "-" "Mozilla/5.0 (compatible; Yahoo! Slurp; http://help.yahoo.com/help/us/ysearch/slurp)"
74.6.73.44 - - [12/Feb/2007:13:21:02 -0500] "GET /gallery/v/events/album02/contests/programmingContest05/?g2_page=2 HTTP/1.0" 200 40272 "-" "Mozilla/5.0 (compatible; Yahoo! Slurp; http://help.yahoo.com/help/us/ysearch/slurp)"
159.91.23.202 - - [12/Feb/2007:13:22:40 -0500] "GET /~depasqua/csc230/dataSources/itunes.txt HTTP/1.1" 200 361868 "-" "Java/1.5.0_04"
159.91.23.202 - - [12/Feb/2007:13:23:43 -0500] "GET /~depasqua/csc230/dataSources/itunes.txt HTTP/1.1" 200 361868 "-" "Java/1.5.0_04"
159.91.23.205 - - [11/Feb/2007:16:23:22 -0500] "GET /~depasqua/csc230/examples/Example.java HTTP/1.1" 200 406 "http://cs.tcnj.edu/~depasqua/csc230/examples/" "Mozilla/5.0 (X11; U; Linux x86_64; en-US; rv:1.7.13) Gecko/20060414 Red Hat/1.7.13-1.1.3.1"
66.249.65.103 - - [11/Feb/2007:16:25:07 -0500] "GET /gallery/v/presentations/album05/?g2_highlightId=371 HTTP/1.1" 302 - "-" "Mozilla/5.0 (compatible; Googlebot/2.1; +http://www.google.com/bot.html)"
74.106.18.74 - - [11/Feb/2007:16:25:14 -0500] "POST /gallery/main.php?g2_GALLERYSID=28de00acbc5b5d9bad5c613d703f81fc HTTP/1.1" 200 8748 "-" "User-Agent: Mozilla/4.0 (compatible; MSIE 6.0; Windows NT 5.1)"
159.91.23.205 - - [11/Feb/2007:16:25:18 -0500] "GET /~depasqua/csc230/dataSources/ HTTP/1.1" 200 846 "http://cs.tcnj.edu/~depasqua/csc230/" "Mozilla/5.0 (X11; U; Linux x86_64; en-US; rv:1.7.13) Gecko/20060414 Red Hat/1.7.13-1.1.3.1"
222.191.251.51 - - [11/Feb/2007:16:26:05 -0500] "GET /gallery/main.php?g2_view=core.ShowItem&amp;g2_itemId=664 HTTP/1.1" 200 20384 "-" "User-Agent: Mozilla/4.0 (compatible; MSIE 6.0; Windows NT 5.1)"
222.191.251.51 - - [11/Feb/2007:16:26:14 -0500] "POST /gallery/main.php?g2_GALLERYSID=76d7c573e961c89b3faf8b8d2bbf07de HTTP/1.1" 200 8804 "-" "User-Agent: Mozilla/4.0 (compatible; MSIE 6.0; Windows NT 5.1)"
213.140.56.4 - - [11/Feb/2007:16:26:50 -0500] "GET /gallery/main.php?g2_view=core.ShowItem&g2_itemId=664 HTTP/1.1" 200 54390 "http://cs.tcnj.edu/gallery/main.php?g2_view=core.ShowItem&g2_itemId=664" "Mozilla/4.0 (compatible; MSIE 5.01; Windows 95; USA On-Site)"
159.91.23.205 - - [11/Feb/2007:16:27:06 -0500] "GET /~depasqua/csc230/examples/ HTTP/1.1" 200 845 "http://cs.tcnj.edu/~depasqua/csc230/" "Mozilla/5.0 (X11; U; Linux x86_64; en-US; rv:1.7.13) Gecko/20060414 Red Hat/1.7.13-1.1.3.1"
159.91.23.205 - - [11/Feb/2007:16:28:19 -0500] "GET /~depasqua/csc230/examples/ HTTP/1.1" 200 845 "http://cs.tcnj.edu/~depasqua/csc230/" "Mozilla/5.0 (X11; U; Linux x86_64; en-US; rv:1.7.13) Gecko/20060414 Red Hat/1.7.13-1.1.3.1"
66.249.65.103 - - [11/Feb/2007:16:28:32 -0500] "GET /gallery/v/events/album03/upeInductions04/?g2_highlightId=813 HTTP/1.1" 302 - "-" "Mozilla/5.0 (compatible; Googlebot/2.1; +http://www.google.com/bot.html)"
65.214.44.29 - - [11/Feb/2007:16:28:39 -0500] "GET /newsEventsRSS.php HTTP/1.1" 200 10627 "-" "Bloglines/3.1 (http://www.bloglines.com; 1 subscriber)"
74.6.68.210 - - [11/Feb/2007:16:28:40 -0500] "GET /gallery/main.php?g2_view=slideshowapplet.SlideshowApplet&g2_itemId=709 HTTP/1.0" 200 11354 "-" "Mozilla/5.0 (compatible; Yahoo! Slurp; http://help.yahoo.com/help/us/ysearch/slurp)"
207.46.98.83 - - [11/Feb/2007:16:31:25 -0500] "GET /robots.txt HTTP/1.0" 200 49 "-" "msnbot/1.0 (+http://search.msn.com/msnbot.htm)"
207.46.98.83 - - [11/Feb/2007:16:31:25 -0500] "GET /gallery/main.php?g2_view=slideshowapplet.SlideshowApplet&g2_itemId=1835 HTTP/1.0" 200 10977 "-" "msnbot/1.0 (+http://search.msn.com/msnbot.htm)"
66.249.65.103 - - [11/Feb/2007:16:31:58 -0500] "GET /gallery/v/presentations/album05/?g2_highlightId=365 HTTP/1.1" 302 - "-" "Mozilla/5.0 (compatible; Googlebot/2.1; +http://www.google.com/bot.html)"
66.249.65.103 - - [11/Feb/2007:16:31:59 -0500] "GET /gallery/v/presentations/album05/ HTTP/1.1" 200 33328 "-" "Mozilla/5.0 (compatible; Googlebot/2.1; +http://www.google.com/bot.html)"
74.106.18.74 - - [11/Feb/2007:16:33:17 -0500] "POST /gallery/main.php HTTP/1.1" 200 8789 "-" "User-Agent: Mozilla/4.0 (compatible; MSIE 6.0; Windows NT 5.1)"
159.91.48.93 - - [11/Feb/2007:16:34:11 -0500] "GET /~despasqua/csc230/ HTTP/1.1" 404 419 "-" "Mozilla/5.0 (Windows; U; Windows NT 5.1; en-US; rv:1.8.1.1) Gecko/20061204 Firefox/2.0.0.1"
159.91.48.93 - - [11/Feb/2007:16:34:11 -0500] "GET /favicon.ico HTTP/1.1" 200 614 "-" "Mozilla/5.0 (Windows; U; Windows NT 5.1; en-US; rv:1.8.1.1) Gecko/20061204 Firefox/2.0.0.1"
159.91.23.205 - - [11/Feb/2007:16:34:35 -0500] "GET /~depasqua/csc230/java%20software%20structures%202e/ HTTP/1.1" 200 2432 "http://cs.tcnj.edu/~depasqua/csc230/" "Mozilla/5.0 (X11; U; Linux x86_64; en-US; rv:1.7.13) Gecko/20060414 Red Hat/1.7.13-1.1.3.1"
159.91.23.205 - - [11/Feb/2007:16:34:38 -0500] "GET /~depasqua/csc230/java%20foundations%201e/ HTTP/1.1" 200 3277 "http://cs.tcnj.edu/~depasqua/csc230/" "Mozilla/5.0 (X11; U; Linux x86_64; en-US; rv:1.7.13) Gecko/20060414 Red Hat/1.7.13-1.1.3.1"
159.91.23.205 - - [11/Feb/2007:16:34:41 -0500] "GET /~depasqua/csc230/java%20software%20structures%202e/ HTTP/1.1" 200 2432 "http://cs.tcnj.edu/~depasqua/csc230/" "Mozilla/5.0 (X11; U; Linux x86_64; en-US; rv:1.7.13) Gecko/20060414 Red Hat/1.7.13-1.1.3.1"
159.91.23.205 - - [11/Feb/2007:16:34:45 -0500] "GET /~depasqua/csc230/java%20software%20structures%202e/ch03%20Code/ HTTP/1.1" 200 1284 "http://cs.tcnj.edu/~depasqua/csc230/java%20software%20structures%202e/" "Mozilla/5.0 (X11; U; Linux x86_64; en-US; rv:1.7.13) Gecko/20060414 Red Hat/1.7.13-1.1.3.1"
159.91.23.205 - - [11/Feb/2007:16:34:46 -0500] "GET /~depasqua/csc230/java%20software%20structures%202e/ch02%20Code/ HTTP/1.1" 200 1003 "http://cs.tcnj.edu/~depasqua/csc230/java%20software%20structures%202e/" "Mozilla/5.0 (X11; U; Linux x86_64; en-US; rv:1.7.13) Gecko/20060414 Red Hat/1.7.13-1.1.3.1"
159.91.23.205 - - [11/Feb/2007:16:34:48 -0500] "GET /~depasqua/csc230/java%20software%20structures%202e/ch06%20Code/ HTTP/1.1" 200 1723 "http://cs.tcnj.edu/~depasqua/csc230/java%20software%20structures%202e/" "Mozilla/5.0 (X11; U; Linux x86_64; en-US; rv:1.7.13) Gecko/20060414 Red Hat/1.7.13-1.1.3.1"
159.91.23.205 - - [11/Feb/2007:16:34:52 -0500] "GET /~depasqua/csc230/java%20software%20structures%202e/ch05%20Code/ HTTP/1.1" 200 7186 "http://cs.tcnj.edu/~depasqua/csc230/java%20software%20structures%202e/" "Mozilla/5.0 (X11; U; Linux x86_64; en-US; rv:1.7.13) Gecko/20060414 Red Hat/1.7.13-1.1.3.1"
159.91.23.205 - - [11/Feb/2007:16:34:52 -0500] "GET /icons/image2.png HTTP/1.1" 200 313 "http://cs.tcnj.edu/~depasqua/csc230/java%20software%20structures%202e/ch05%20Code/" "Mozilla/5.0 (X11; U; Linux x86_64; en-US; rv:1.7.13) Gecko/20060414 Red Hat/1.7.13-1.1.3.1"
159.91.23.205 - - [11/Feb/2007:16:34:54 -0500] "GET /~depasqua/csc230/java%20software%20structures%202e/ch08%20Code/ HTTP/1.1" 200 1579 "http://cs.tcnj.edu/~depasqua/csc230/java%20software%20structures%202e/" "Mozilla/5.0 (X11; U; Linux x86_64; en-US; rv:1.7.13) Gecko/20060414 Red Hat/1.7.13-1.1.3.1"
159.91.23.205 - - [11/Feb/2007:16:34:56 -0500] "GET /~depasqua/csc230/java%20software%20structures%202e/ch07%20Code/ HTTP/1.1" 200 1727 "http://cs.tcnj.edu/~depasqua/csc230/java%20software%20structures%202e/" "Mozilla/5.0 (X11; U; Linux x86_64; en-US; rv:1.7.13) Gecko/20060414 Red Hat/1.7.13-1.1.3.1"
159.91.23.205 - - [11/Feb/2007:16:34:59 -0500] "GET /~depasqua/csc230/java%20software%20structures%202e/ch10%20Code/ HTTP/1.1" 200 1445 "http://cs.tcnj.edu/~depasqua/csc230/java%20software%20structures%202e/" "Mozilla/5.0 (X11; U; Linux x86_64; en-US; rv:1.7.13) Gecko/20060414 Red Hat/1.7.13-1.1.3.1"
159.91.23.205 - - [11/Feb/2007:16:35:01 -0500] "GET /~depasqua/csc230/java%20software%20structures%202e/ch11%20Code/ HTTP/1.1" 200 1457 "http://cs.tcnj.edu/~depasqua/csc230/java%20software%20structures%202e/" "Mozilla/5.0 (X11; U; Linux x86_64; en-US; rv:1.7.13) Gecko/20060414 Red Hat/1.7.13-1.1.3.1"
159.91.23.205 - - [11/Feb/2007:16:35:05 -0500] "GET /~depasqua/csc230/java%20software%20structures%202e/ch09%20Code/ HTTP/1.1" 200 1603 "http://cs.tcnj.edu/~depasqua/csc230/java%20software%20structures%202e/" "Mozilla/5.0 (X11; U; Linux x86_64; en-US; rv:1.7.13) Gecko/20060414 Red Hat/1.7.13-1.1.3.1"
211.151.90.197 - - [11/Feb/2007:16:35:08 -0500] "GET /gallery/main.php?g2_view=core.ShowItem&g2_itemId=664 HTTP/1.1" 200 24335 "http://cs.tcnj.edu/gallery/main.php?g2_view=core.ShowItem&g2_itemId=664" "Mozilla/4.0 (compatible; MSIE 5.01; Windows NT 5.0; DT)"
159.91.23.205 - - [11/Feb/2007:16:35:10 -0500] "GET /~depasqua/csc230/java%20software%20structures%202e/ch12-13%20Code/ HTTP/1.1" 200 1301 "http://cs.tcnj.edu/~depasqua/csc230/java%20software%20structures%202e/" "Mozilla/5.0 (X11; U; Linux x86_64; en-US; rv:1.7.13) Gecko/20060414 Red Hat/1.7.13-1.1.3.1"
159.91.23.205 - - [11/Feb/2007:16:35:12 -0500] "GET /~depasqua/csc230/java%20software%20structures%202e/ch14%20Code/ HTTP/1.1" 200 1731 "http://cs.tcnj.edu/~depasqua/csc230/java%20software%20structures%202e/" "Mozilla/5.0 (X11; U; Linux x86_64; en-US; rv:1.7.13) Gecko/20060414 Red Hat/1.7.13-1.1.3.1"
159.91.23.205 - - [11/Feb/2007:16:35:14 -0500] "GET /~depasqua/csc230/java%20software%20structures%202e/ch15%20Code/ HTTP/1.1" 200 1300 "http://cs.tcnj.edu/~depasqua/csc230/java%20software%20structures%202e/" "Mozilla/5.0 (X11; U; Linux x86_64; en-US; rv:1.7.13) Gecko/20060414 Red Hat/1.7.13-1.1.3.1"
159.91.23.205 - - [11/Feb/2007:16:35:15 -0500] "GET /~depasqua/csc230/java%20software%20structures%202e/ch01%20Code/ HTTP/1.1" 200 1001 "http://cs.tcnj.edu/~depasqua/csc230/java%20software%20structures%202e/" "Mozilla/5.0 (X11; U; Linux x86_64; en-US; rv:1.7.13) Gecko/20060414 Red Hat/1.7.13-1.1.3.1"
159.91.23.205 - - [11/Feb/2007:16:35:17 -0500] "GET /~depasqua/csc230/java%20software%20structures%202e/ch04%20Code/ HTTP/1.1" 200 998 "http://cs.tcnj.edu/~depasqua/csc230/java%20software%20structures%202e/" "Mozilla/5.0 (X11; U; Linux x86_64; en-US; rv:1.7.13) Gecko/20060414 Red Hat/1.7.13-1.1.3.1"
159.91.23.205 - - [11/Feb/2007:16:35:20 -0500] "GET /~depasqua/csc230/java%20software%20structures%202e/ HTTP/1.1" 200 2432 "http://cs.tcnj.edu/~depasqua/csc230/" "Mozilla/5.0 (X11; U; Linux x86_64; en-US; rv:1.7.13) Gecko/20060414 Red Hat/1.7.13-1.1.3.1"
159.91.23.205 - - [11/Feb/2007:16:35:22 -0500] "GET /~depasqua/csc230/java%20foundations%201e/ HTTP/1.1" 200 3277 "http://cs.tcnj.edu/~depasqua/csc230/" "Mozilla/5.0 (X11; U; Linux x86_64; en-US; rv:1.7.13) Gecko/20060414 Red Hat/1.7.13-1.1.3.1"
66.249.65.103 - - [11/Feb/2007:16:35:22 -0500] "GET /gallery/v/presentations/surp-cs-05/?g2_highlightId=504 HTTP/1.1" 302 - "-" "Mozilla/5.0 (compatible; Googlebot/2.1; +http://www.google.com/bot.html)"
159.91.23.205 - - [11/Feb/2007:16:35:24 -0500] "GET /~depasqua/csc230/java%20foundations%201e/chap02/ HTTP/1.1" 200 2038 "http://cs.tcnj.edu/~depasqua/csc230/java%20foundations%201e/" "Mozilla/5.0 (X11; U; Linux x86_64; en-US; rv:1.7.13) Gecko/20060414 Red Hat/1.7.13-1.1.3.1"
66.249.65.103 - - [11/Feb/2007:16:35:23 -0500] "GET /gallery/v/presentations/surp-cs-05/ HTTP/1.1" 200 71209 "-" "Mozilla/5.0 (compatible; Googlebot/2.1; +http://www.google.com/bot.html)"
159.91.23.205 - - [11/Feb/2007:16:35:26 -0500] "GET /~depasqua/csc230/java%20foundations%201e/chap03/ HTTP/1.1" 200 1646 "http://cs.tcnj.edu/~depasqua/csc230/java%20foundations%201e/" "Mozilla/5.0 (X11; U; Linux x86_64; en-US; rv:1.7.13) Gecko/20060414 Red Hat/1.7.13-1.1.3.1"
159.91.23.205 - - [11/Feb/2007:16:35:28 -0500] "GET /~depasqua/csc230/java%20foundations%201e/chap04/ HTTP/1.1" 200 2598 "http://cs.tcnj.edu/~depasqua/csc230/java%20foundations%201e/" "Mozilla/5.0 (X11; U; Linux x86_64; en-US; rv:1.7.13) Gecko/20060414 Red Hat/1.7.13-1.1.3.1"
159.91.23.205 - - [11/Feb/2007:16:35:31 -0500] "GET /~depasqua/csc230/java%20foundations%201e/chap05/ HTTP/1.1" 200 3024 "http://cs.tcnj.edu/~depasqua/csc230/java%20foundations%201e/" "Mozilla/5.0 (X11; U; Linux x86_64; en-US; rv:1.7.13) Gecko/20060414 Red Hat/1.7.13-1.1.3.1"
159.91.23.205 - - [11/Feb/2007:16:35:33 -0500] "GET /~depasqua/csc230/java%20foundations%201e/chap06/ HTTP/1.1" 200 7866 "http://cs.tcnj.edu/~depasqua/csc230/java%20foundations%201e/" "Mozilla/5.0 (X11; U; Linux x86_64; en-US; rv:1.7.13) Gecko/20060414 Red Hat/1.7.13-1.1.3.1"
159.91.23.205 - - [11/Feb/2007:16:35:33 -0500] "GET /icons/sound2.png HTTP/1.1" 200 254 "http://cs.tcnj.edu/~depasqua/csc230/java%20foundations%201e/chap06/" "Mozilla/5.0 (X11; U; Linux x86_64; en-US; rv:1.7.13) Gecko/20060414 Red Hat/1.7.13-1.1.3.1"
159.91.23.205 - - [11/Feb/2007:16:35:35 -0500] "GET /~depasqua/csc230/java%20foundations%201e/chap07/ HTTP/1.1" 200 2734 "http://cs.tcnj.edu/~depasqua/csc230/java%20foundations%201e/" "Mozilla/5.0 (X11; U; Linux x86_64; en-US; rv:1.7.13) Gecko/20060414 Red Hat/1.7.13-1.1.3.1"
159.91.23.205 - - [11/Feb/2007:16:35:38 -0500] "GET /~depasqua/csc230/java%20foundations%201e/chap08/ HTTP/1.1" 200 2438 "http://cs.tcnj.edu/~depasqua/csc230/java%20foundations%201e/" "Mozilla/5.0 (X11; U; Linux x86_64; en-US; rv:1.7.13) Gecko/20060414 Red Hat/1.7.13-1.1.3.1"
159.91.23.205 - - [11/Feb/2007:16:35:40 -0500] "GET /~depasqua/csc230/java%20foundations%201e/chap09/ HTTP/1.1" 200 2174 "http://cs.tcnj.edu/~depasqua/csc230/java%20foundations%201e/" "Mozilla/5.0 (X11; U; Linux x86_64; en-US; rv:1.7.13) Gecko/20060414 Red Hat/1.7.13-1.1.3.1"
159.91.23.205 - - [11/Feb/2007:16:35:44 -0500] "GET /~depasqua/csc230/java%20foundations%201e/chap10/ HTTP/1.1" 200 1928 "http://cs.tcnj.edu/~depasqua/csc230/java%20foundations%201e/" "Mozilla/5.0 (X11; U; Linux x86_64; en-US; rv:1.7.13) Gecko/20060414 Red Hat/1.7.13-1.1.3.1"
159.91.23.205 - - [11/Feb/2007:16:35:47 -0500] "GET /~depasqua/csc230/java%20foundations%201e/chap11/ HTTP/1.1" 200 1367 "http://cs.tcnj.edu/~depasqua/csc230/java%20foundations%201e/" "Mozilla/5.0 (X11; U; Linux x86_64; en-US; rv:1.7.13) Gecko/20060414 Red Hat/1.7.13-1.1.3.1"
159.91.23.205 - - [11/Feb/2007:16:35:49 -0500] "GET /~depasqua/csc230/java%20foundations%201e/chap12/ HTTP/1.1" 200 1365 "http://cs.tcnj.edu/~depasqua/csc230/java%20foundations%201e/" "Mozilla/5.0 (X11; U; Linux x86_64; en-US; rv:1.7.13) Gecko/20060414 Red Hat/1.7.13-1.1.3.1"
159.91.23.205 - - [11/Feb/2007:16:35:51 -0500] "GET /~depasqua/csc230/java%20foundations%201e/chap13/ HTTP/1.1" 200 1508 "http://cs.tcnj.edu/~depasqua/csc230/java%20foundations%201e/" "Mozilla/5.0 (X11; U; Linux x86_64; en-US; rv:1.7.13) Gecko/20060414 Red Hat/1.7.13-1.1.3.1"
159.91.23.205 - - [11/Feb/2007:16:35:53 -0500] "GET /~depasqua/csc230/java%20foundations%201e/chap13/Contact.java HTTP/1.1" 200 1526 "http://cs.tcnj.edu/~depasqua/csc230/java%20foundations%201e/chap13/" "Mozilla/5.0 (X11; U; Linux x86_64; en-US; rv:1.7.13) Gecko/20060414 Red Hat/1.7.13-1.1.3.1"
159.91.48.93 - - [11/Feb/2007:16:35:53 -0500] "GET /~depasqua/csc230/ HTTP/1.1" 200 1245 "-" "Mozilla/5.0 (Windows; U; Windows NT 5.1; en-US; rv:1.8.1.1) Gecko/20061204 Firefox/2.0.0.1"
159.91.48.93 - - [11/Feb/2007:16:35:53 -0500] "GET /icons/blank.png HTTP/1.1" 200 153 "http://depasquale.tcnj.edu/~depasqua/csc230/" "Mozilla/5.0 (Windows; U; Windows NT 5.1; en-US; rv:1.8.1.1) Gecko/20061204 Firefox/2.0.0.1"
159.91.48.93 - - [11/Feb/2007:16:35:53 -0500] "GET /icons/folder.png HTTP/1.1" 200 230 "http://depasquale.tcnj.edu/~depasqua/csc230/" "Mozilla/5.0 (Windows; U; Windows NT 5.1; en-US; rv:1.8.1.1) Gecko/20061204 Firefox/2.0.0.1"
159.91.48.93 - - [11/Feb/2007:16:35:53 -0500] "GET /icons/back.png HTTP/1.1" 200 243 "http://depasquale.tcnj.edu/~depasqua/csc230/" "Mozilla/5.0 (Windows; U; Windows NT 5.1; en-US; rv:1.8.1.1) Gecko/20061204 Firefox/2.0.0.1"
159.91.48.93 - - [11/Feb/2007:16:36:01 -0500] "GET /~depasqua/csc230/dataSources/ HTTP/1.1" 200 854 "http://depasquale.tcnj.edu/~depasqua/csc230/" "Mozilla/5.0 (Windows; U; Windows NT 5.1; en-US; rv:1.8.1.1) Gecko/20061204 Firefox/2.0.0.1"
159.91.48.93 - - [11/Feb/2007:16:36:01 -0500] "GET /icons/text.png HTTP/1.1" 200 231 "http://depasquale.tcnj.edu/~depasqua/csc230/dataSources/" "Mozilla/5.0 (Windows; U; Windows NT 5.1; en-US; rv:1.8.1.1) Gecko/20061204 Firefox/2.0.0.1"
159.91.48.93 - - [11/Feb/2007:16:36:06 -0500] "GET /~depasqua/csc230/examples/ HTTP/1.1" 200 853 "http://depasquale.tcnj.edu/~depasqua/csc230/" "Mozilla/5.0 (Windows; U; Windows NT 5.1; en-US; rv:1.8.1.1) Gecko/20061204 Firefox/2.0.0.1"
159.91.48.93 - - [11/Feb/2007:16:36:06 -0500] "GET /icons/unknown.png HTTP/1.1" 200 250 "http://depasquale.tcnj.edu/~depasqua/csc230/examples/" "Mozilla/5.0 (Windows; U; Windows NT 5.1; en-US; rv:1.8.1.1) Gecko/20061204 Firefox/2.0.0.1"
159.91.48.93 - - [11/Feb/2007:16:36:07 -0500] "GET /~depasqua/csc230/examples/Example.java HTTP/1.1" 200 406 "http://depasquale.tcnj.edu/~depasqua/csc230/examples/" "Mozilla/5.0 (Windows; U; Windows NT 5.1; en-US; rv:1.8.1.1) Gecko/20061204 Firefox/2.0.0.1"
159.91.48.93 - - [11/Feb/2007:16:36:18 -0500] "GET /~depasqua/csc230/java%20foundations%201e/ HTTP/1.1" 200 3285 "http://depasquale.tcnj.edu/~depasqua/csc230/" "Mozilla/5.0 (Windows; U; Windows NT 5.1; en-US; rv:1.8.1.1) Gecko/20061204 Firefox/2.0.0.1"
159.91.48.93 - - [11/Feb/2007:16:36:21 -0500] "GET /~depasqua/csc230/java%20foundations%201e/javafoundations/ HTTP/1.1" 200 3880 "http://depasquale.tcnj.edu/~depasqua/csc230/java%20foundations%201e/" "Mozilla/5.0 (Windows; U; Windows NT 5.1; en-US; rv:1.8.1.1) Gecko/20061204 Firefox/2.0.0.1"
159.91.48.93 - - [11/Feb/2007:16:36:32 -0500] "GET /~depasqua/csc230/java%20foundations%201e/javafoundations/exceptions/ HTTP/1.1" 200 1247 "http://depasquale.tcnj.edu/~depasqua/csc230/java%20foundations%201e/javafoundations/" "Mozilla/5.0 (Windows; U; Windows NT 5.1; en-US; rv:1.8.1.1) Gecko/20061204 Firefox/2.0.0.1"
159.91.48.93 - - [11/Feb/2007:16:37:35 -0500] "GET /~depasqua/csc230/java%20foundations%201e/chap07/ HTTP/1.1" 200 2742 "http://depasquale.tcnj.edu/~depasqua/csc230/java%20foundations%201e/" "Mozilla/5.0 (Windows; U; Windows NT 5.1; en-US; rv:1.8.1.1) Gecko/20061204 Firefox/2.0.0.1"
159.91.48.93 - - [11/Feb/2007:16:37:42 -0500] "GET /~depasqua/csc230/java%20foundations%201e/chap08/ HTTP/1.1" 200 2446 "http://depasquale.tcnj.edu/~depasqua/csc230/java%20foundations%201e/" "Mozilla/5.0 (Windows; U; Windows NT 5.1; en-US; rv:1.8.1.1) Gecko/20061204 Firefox/2.0.0.1"
