207.46.98.84 - - [11/Feb/2007:19:35:39 -0500] "GET /gallery/v/events/album02/digitalfortress/november2006/31.jpg.html HTTP/1.0" 200 15062 "-" "msnbot/1.0 (+http://search.msn.com/msnbot.htm)"
74.6.69.44 - - [11/Feb/2007:19:35:52 -0500] "GET /gallery/v/graduations/graduation06/?g2_highlightId=1354 HTTP/1.0" 302 - "-" "Mozilla/5.0 (compatible; Yahoo! Slurp; http://help.yahoo.com/help/us/ysearch/slurp)"
74.6.69.44 - - [11/Feb/2007:19:35:53 -0500] "GET /gallery/v/graduations/graduation06/ HTTP/1.0" 200 31359 "-" "Mozilla/5.0 (compatible; Yahoo! Slurp; http://help.yahoo.com/help/us/ysearch/slurp)"
65.190.137.149 - - [11/Feb/2007:19:36:02 -0500] "POST /gallery/main.php?g2_GALLERYSID=28de00acbc5b5d9bad5c613d703f81fc HTTP/1.1" 200 8816 "-" "User-Agent: Mozilla/4.0 (compatible; MSIE 6.0; Windows NT 5.1)"
66.249.65.103 - - [11/Feb/2007:19:36:23 -0500] "GET /gallery/v/events/childrenToWork05/?g2_highlightId=919 HTTP/1.1" 302 - "-" "Mozilla/5.0 (compatible; Googlebot/2.1; +http://www.google.com/bot.html)"
84.108.11.204 - - [11/Feb/2007:19:39:27 -0500] "GET /gallery/main.php?g2_view=comment.AddComment&g2_itemId=664&g2_return=http://cs.tcnj.edu/gallery/v/events/album02/contests/programmingContest05/?g2_page=2&g2_GALLERYSID=062d1df5839569d3028e4a39ac0dd0de&g2_returnName=album HTTP/1.0" 200 11998 "-" "Mozilla/4.0 (compatible; MSIE 6.0; Windows NT 5.1)"
84.108.11.204 - - [11/Feb/2007:19:39:37 -0500] "POST /gallery/main.php?g2_GALLERYSID=062d1df5839569d3028e4a39ac0dd0de HTTP/1.0" 302 - "http://cs.tcnj.edu/gallery/main.php?g2_view=comment.AddComment&g2_itemId=664&g2_return=http://cs.tcnj.edu/gallery/v/events/album02/contests/programmingContest05/?g2_page=2&g2_GALLERYSID=062d1df5839569d3028e4a39ac0dd0de&g2_returnName=album" "Mozilla/4.0 (compatible; MSIE 6.0; Windows NT 5.1)"
84.108.11.204 - - [11/Feb/2007:19:39:43 -0500] "GET /gallery/v/events/album02/contests/programmingContest05/?g2_page=2&g2_fromNavId=xb2a5125f HTTP/1.0" 200 16103 "http://cs.tcnj.edu/gallery/main.php?g2_view=comment.AddComment&g2_itemId=664&g2_return=http://cs.tcnj.edu/gallery/v/events/album02/contests/programmingContest05/?g2_page=2&g2_GALLERYSID=062d1df5839569d3028e4a39ac0dd0de&g2_returnName=album" "Mozilla/4.0 (compatible; MSIE 6.0; Windows NT 5.1)"
66.249.65.103 - - [11/Feb/2007:19:39:48 -0500] "GET /gallery/v/presentations/f05/?g2_highlightId=1058 HTTP/1.1" 302 - "-" "Mozilla/5.0 (compatible; Googlebot/2.1; +http://www.google.com/bot.html)"
159.91.23.221 - - [11/Feb/2007:19:40:05 -0500] "GET /~depasqua/csc230/dataSources/itunes.txt HTTP/1.1" 200 361868 "-" "Java/1.5.0_04"
159.91.23.221 - - [11/Feb/2007:19:40:23 -0500] "GET /~depasqua/csc230/dataSources/itunes.txt HTTP/1.1" 200 361868 "-" "Java/1.5.0_04"
159.91.23.221 - - [11/Feb/2007:19:40:30 -0500] "GET /~depasqua/csc230/dataSources/itunes.txt HTTP/1.1" 200 361868 "-" "Java/1.5.0_04"
69.208.212.134 - - [11/Feb/2007:19:42:47 -0500] "POST /gallery/main.php HTTP/1.1" 200 8810 "-" "User-Agent: Mozilla/4.0 (compatible; MSIE 6.0; Windows NT 5.1)"
159.91.23.221 - - [11/Feb/2007:19:42:55 -0500] "GET /~depasqua/csc230/ HTTP/1.1" 200 1245 "-" "Mozilla/5.0 (X11; U; Linux x86_64; en-US; rv:1.7.13) Gecko/20060414 Red Hat/1.7.13-1.1.3.1"
159.91.23.221 - - [11/Feb/2007:19:42:58 -0500] "GET /~depasqua/csc230/examples/ HTTP/1.1" 200 853 "http://depasquale.tcnj.edu/~depasqua/csc230/" "Mozilla/5.0 (X11; U; Linux x86_64; en-US; rv:1.7.13) Gecko/20060414 Red Hat/1.7.13-1.1.3.1"
159.91.23.221 - - [11/Feb/2007:19:42:58 -0500] "GET /~depasqua/csc230/examples/Example.java HTTP/1.1" 200 406 "http://depasquale.tcnj.edu/~depasqua/csc230/examples/" "Mozilla/5.0 (X11; U; Linux x86_64; en-US; rv:1.7.13) Gecko/20060414 Red Hat/1.7.13-1.1.3.1"
66.249.65.103 - - [11/Feb/2007:19:43:13 -0500] "GET /gallery/v/graduations/graduation05/?g2_highlightId=210 HTTP/1.1" 302 - "-" "Mozilla/5.0 (compatible; Googlebot/2.1; +http://www.google.com/bot.html)"
207.46.98.84 - - [11/Feb/2007:19:44:02 -0500] "GET /gallery/v/events/album02/digitalfortress/finalfrag06/168.jpg.html HTTP/1.0" 200 12907 "-" "msnbot/1.0 (+http://search.msn.com/msnbot.htm)"
159.91.23.221 - - [11/Feb/2007:19:45:08 -0500] "GET /~depasqua/csc230/dataSources/itunes.txt HTTP/1.1" 200 361868 "-" "Java/1.5.0_04"
66.249.65.103 - - [11/Feb/2007:19:46:38 -0500] "GET /gallery/v/events/album02/contests/contest2006/?g2_highlightId=1175 HTTP/1.1" 302 - "-" "Mozilla/5.0 (compatible; Googlebot/2.1; +http://www.google.com/bot.html)"
218.75.68.205 - - [11/Feb/2007:19:47:38 -0500] "GET /gallery/v/events/album02/contests/programmingContest05/?g2_page=2 HTTP/1.1" 200 39058 "-" "Mozilla/4.0 (compatible; MSIE 6.0; Windows NT 5.1)"
218.75.68.205 - - [11/Feb/2007:19:47:44 -0500] "POST /gallery/main.php?g2_GALLERYSID=dd1246aa2c576865765c4968839d5b6b HTTP/1.1" 200 8880 "http://cs.tcnj.edu/gallery/v/events/album02/contests/programmingContest05/?g2_page=2" "Mozilla/4.0 (compatible; MSIE 6.0; Windows NT 5.1)"
222.191.251.51 - - [11/Feb/2007:19:48:00 -0500] "GET /gallery/v/events/album02/contests/programmingContest05/?g2_page=2 HTTP/1.1" 200 39109 "-" "Mozilla/4.0 (compatible; MSIE 6.0; Windows NT 5.1)"
210.51.181.10 - - [11/Feb/2007:19:48:21 -0500] "GET /gallery/main.php?g2_GALLERYSID=dd1246aa2c576865765c4968839d5b6b HTTP/1.0" 200 20242 "-" "Mozilla/4.0 (compatible; MSIE 6.0; Windows NT 5.1)"
124.125.131.102 - - [11/Feb/2007:19:48:39 -0500] "GET /gallery/v/events/album02/contests/?g2_highlightId=664&g2_GALLERYSID=dd1246aa2c576865765c4968839d5b6b HTTP/1.0" 302 - "-" "Mozilla/4.0 (compatible; MSIE 6.0; Windows NT 5.1)"
210.51.181.10 - - [11/Feb/2007:19:48:53 -0500] "GET /gallery/main.php?g2_view=search.SearchScan&g2_form%5BuseDefaultSettings%5D=1&g2_return=http://cs.tcnj.edu/gallery/v/events/album02/contests/programmingContest05/?g2_page=2&g2_GALLERYSID=dd1246aa2c576865765c4968839d5b6b&g2_GALLERYSID=dd1246aa2c576865765c4968839d5b6b&g2_returnName=album HTTP/1.0" 200 9025 "-" "Mozilla/4.0 (compatible; MSIE 6.0; Windows NT 5.1)"
222.172.222.79 - - [11/Feb/2007:19:48:59 -0500] "GET /gallery/main.php?g2_view=core.UserAdmin&g2_subView=core.UserLogin&g2_return=http://cs.tcnj.edu/gallery/v/events/album02/contests/programmingContest05/?g2_page=2&g2_GALLERYSID=dd1246aa2c576865765c4968839d5b6b&g2_navId=x98ccb0ce HTTP/1.1" 200 5171 "-" "Mozilla/4.0 (compatible; MSIE 6.0; Windows NT 5.1)"
66.249.65.103 - - [11/Feb/2007:19:50:03 -0500] "GET /gallery/v/events/childrenToWork05/?g2_highlightId=886 HTTP/1.1" 302 - "-" "Mozilla/5.0 (compatible; Googlebot/2.1; +http://www.google.com/bot.html)"
195.225.177.136 - - [11/Feb/2007:19:50:31 -0500] "GET /gallery/main.php?g2_view=core.UserAdmin&amp;g2_subView=core.UserLogin&amp;g2_return=http%3A%2F%2Fcs.tcnj.edu%2Fgallery%2Fmain.php%3Fg2_view%3Dcomment.ShowComments%26g2_itemId%3D664%26g2_GALLERYSID%3D4f3d2c2a30b6d2cc412cad723549590e&amp;g2_GALLERYSID=4f3d2c2a30b6d2cc412cad723549590e&amp;g2_returnName=show+comments HTTP/1.1" 200 5894 "-" "User-Agent: Mozilla/4.0 (compatible; MSIE 6.0; Windows NT 5.1)"
195.225.177.136 - - [11/Feb/2007:19:50:36 -0500] "POST /gallery/main.php?g2_GALLERYSID=7c54fe2595cf18c28cd1960366ca5fc5 HTTP/1.1" 200 7428 "-" "User-Agent: Mozilla/4.0 (compatible; MSIE 6.0; Windows NT 5.1)"
66.249.65.103 - - [11/Feb/2007:19:53:27 -0500] "GET /gallery/v/graduations/graduation05/?g2_highlightId=182 HTTP/1.1" 302 - "-" "Mozilla/5.0 (compatible; Googlebot/2.1; +http://www.google.com/bot.html)"
195.225.177.136 - - [11/Feb/2007:19:55:22 -0500] "GET /gallery/main.php?g2_view=core.UserAdmin&amp;g2_subView=core.UserLogin&amp;g2_return=http%3A%2F%2Fcs.tcnj.edu%2Fgallery%2Fmain.php%3Fg2_view%3Dcomment.ShowComments%26g2_itemId%3D664%26g2_GALLERYSID%3D4f3d2c2a30b6d2cc412cad723549590e&amp;g2_GALLERYSID=4f3d2c2a30b6d2cc412cad723549590e&amp;g2_returnName=show+comments HTTP/1.1" 200 5894 "-" "User-Agent: Mozilla/4.0 (compatible; MSIE 6.0; Windows NT 5.1)"
195.225.177.136 - - [11/Feb/2007:19:55:22 -0500] "POST /gallery/main.php?g2_GALLERYSID=dfd7ecc8bcc62aeb35ead1a8e9b8d4fb HTTP/1.1" 200 7308 "-" "User-Agent: Mozilla/4.0 (compatible; MSIE 6.0; Windows NT 5.1)"
68.173.25.65 - - [11/Feb/2007:19:55:24 -0500] "POST /gallery/main.php?g2_GALLERYSID=de06c6780b2182b1827c1690b3a1261d HTTP/1.1" 200 8834 "-" "User-Agent: Mozilla/4.0 (compatible; MSIE 6.0; Windows NT 5.1)"
24.170.167.95 - - [11/Feb/2007:19:56:22 -0500] "POST /gallery/main.php HTTP/1.1" 200 8837 "-" "User-Agent: Mozilla/4.0 (compatible; MSIE 6.0; Windows NT 5.1)"
66.249.65.103 - - [11/Feb/2007:19:56:52 -0500] "GET /gallery/v/events/childrenToWork05/?g2_highlightId=925 HTTP/1.1" 302 - "-" "Mozilla/5.0 (compatible; Googlebot/2.1; +http://www.google.com/bot.html)"
66.249.65.103 - - [11/Feb/2007:19:56:57 -0500] "GET /gallery/v/events/childrenToWork05/ HTTP/1.1" 200 45069 "-" "Mozilla/5.0 (compatible; Googlebot/2.1; +http://www.google.com/bot.html)"
65.214.44.29 - - [11/Feb/2007:19:57:03 -0500] "GET /newsEventsRSS.php HTTP/1.1" 200 10627 "-" "Bloglines/3.1 (http://www.bloglines.com; 1 subscriber)"
65.55.209.150 - - [11/Feb/2007:19:57:18 -0500] "GET /robots.txt HTTP/1.0" 200 49 "-" "msnbot/1.0 (+http://search.msn.com/msnbot.htm)"
65.55.209.150 - - [11/Feb/2007:19:57:18 -0500] "GET /gallery/main.php?g2_view=slideshow.Slideshow&g2_itemId=1522 HTTP/1.0" 200 3186 "-" "msnbot/1.0 (+http://search.msn.com/msnbot.htm)"
65.55.209.152 - - [11/Feb/2007:19:59:12 -0500] "GET /robots.txt HTTP/1.0" 200 49 "-" "msnbot/1.0 (+http://search.msn.com/msnbot.htm)"
65.55.209.152 - - [11/Feb/2007:19:59:12 -0500] "GET /gallery/v/events/album02/digitalfortress/finalfrag06/175.jpg.html HTTP/1.0" 200 12960 "-" "msnbot/1.0 (+http://search.msn.com/msnbot.htm)"
66.249.65.103 - - [11/Feb/2007:20:00:18 -0500] "GET /gallery/v/events/album02/contests/programmingContest04/?g2_highlightId=561 HTTP/1.1" 302 - "-" "Mozilla/5.0 (compatible; Googlebot/2.1; +http://www.google.com/bot.html)"
65.55.209.149 - - [11/Feb/2007:20:01:44 -0500] "GET /robots.txt HTTP/1.0" 200 49 "-" "msnbot/1.0 (+http://search.msn.com/msnbot.htm)"
65.55.209.149 - - [11/Feb/2007:20:01:44 -0500] "GET /gallery/main.php?g2_view=slideshowapplet.SlideshowApplet&g2_itemId=733 HTTP/1.0" 200 11295 "-" "msnbot/1.0 (+http://search.msn.com/msnbot.htm)"
74.6.75.48 - - [11/Feb/2007:20:02:13 -0500] "GET /robots.txt HTTP/1.0" 200 49 "-" "Mozilla/5.0 (compatible; Yahoo! Slurp; http://help.yahoo.com/help/us/ysearch/slurp)"
74.6.69.207 - - [11/Feb/2007:20:02:13 -0500] "GET /gallery/main.php?g2_view=slideshow.Slideshow&g2_itemId=1395 HTTP/1.0" 200 25377 "-" "Mozilla/5.0 (compatible; Yahoo! Slurp; http://help.yahoo.com/help/us/ysearch/slurp)"
159.91.23.222 - - [11/Feb/2007:20:02:49 -0500] "GET /~depasqua/csc230/dataSources/itunes.txt HTTP/1.1" 200 361868 "-" "Java/1.5.0_04"
66.249.65.103 - - [11/Feb/2007:20:03:42 -0500] "GET /gallery/v/graduations/graduation04/?g2_highlightId=47 HTTP/1.1" 302 - "-" "Mozilla/5.0 (compatible; Googlebot/2.1; +http://www.google.com/bot.html)"
159.91.23.222 - - [11/Feb/2007:20:04:42 -0500] "GET /~depasqua/csc230/dataSources/itunes.txt HTTP/1.1" 200 361868 "-" "Java/1.5.0_04"
202.108.11.106 - - [11/Feb/2007:20:05:28 -0500] "GET / HTTP/1.1" 200 14860 "-" "Baiduspider+(+http://www.baidu.com/search/spider.htm)"
159.91.23.222 - - [11/Feb/2007:20:05:30 -0500] "GET /~depasqua/csc230/dataSources/itunes.txt HTTP/1.1" 200 361868 "-" "Java/1.5.0_04"
159.91.23.222 - - [11/Feb/2007:20:06:11 -0500] "GET /~depasqua/csc230/dataSources/itunes.txt HTTP/1.1" 200 361868 "-" "Java/1.5.0_04"
207.46.98.85 - - [11/Feb/2007:20:06:44 -0500] "GET /robots.txt HTTP/1.0" 200 49 "-" "msnbot/1.0 (+http://search.msn.com/msnbot.htm)"
207.46.98.85 - - [11/Feb/2007:20:06:44 -0500] "GET /gallery/main.php?g2_view=slideshowapplet.SlideshowApplet&g2_itemId=182 HTTP/1.0" 200 10348 "-" "msnbot/1.0 (+http://search.msn.com/msnbot.htm)"
66.249.65.103 - - [11/Feb/2007:20:07:07 -0500] "GET /gallery/v/graduations/graduation05/?g2_highlightId=214 HTTP/1.1" 302 - "-" "Mozilla/5.0 (compatible; Googlebot/2.1; +http://www.google.com/bot.html)"
207.44.220.3 - - [11/Feb/2007:20:07:13 -0500] "GET /gallery/v/events/album02/contests/programmingContest05/?g2_highlightId=691 HTTP/1.1" 302 - "-" "Mozilla/4.0 (compatible; MSIE 5.0; Windows 98; DigExt)"
207.44.220.3 - - [11/Feb/2007:20:07:17 -0500] "GET /gallery/v/events/album02/contests/programmingContest05/?g2_GALLERYSID=3694024f83bb22aa884e610d316ea822 HTTP/1.1" 200 54714 "-" "Mozilla/4.0 (compatible; MSIE 5.0; Windows 98; DigExt)"
207.44.220.3 - - [11/Feb/2007:20:07:19 -0500] "GET /gallery/main.php?g2_view=comment.AddComment&amp;g2_itemId=664&amp;g2_return=http%3A%2F%2Fcs.tcnj.edu%2Fgallery%2Fv%2Fevents%2Falbum02%2Fcontests%2FprogrammingContest05%2F%3Fg2_GALLERYSID%3D3694024f83bb22aa884e610d316ea822&amp;g2_GALLERYSID=3694024f83bb22aa884e610d316ea822&amp;g2_returnName=album HTTP/1.1" 200 2120 "-" "Mozilla/4.0 (compatible; MSIE 5.01; Windows NT 5.0)"
207.44.220.3 - - [11/Feb/2007:20:07:19 -0500] "GET /gallery/main.php?g2_view=comment.ShowComments&amp;g2_itemId=664&amp;g2_GALLERYSID=3694024f83bb22aa884e610d316ea822 HTTP/1.1" 200 6236 "-" "Mozilla/4.0 (compatible; MSIE 6.0; Windows NT 5.1)"
207.44.220.3 - - [11/Feb/2007:20:07:21 -0500] "GET /gallery/v/events/album02/contests/programmingContest05/?g2_highlightId=721 HTTP/1.1" 302 - "-" "Mozilla/4.0 (compatible; MSIE 5.0; Windows 98; DigExt)"
207.44.220.3 - - [11/Feb/2007:20:07:22 -0500] "GET /gallery/v/events/album02/contests/programmingContest05/?g2_GALLERYSID=1df1800a99cf57ca8b712e6b6b35c65a HTTP/1.1" 200 54644 "-" "Mozilla/4.0 (compatible; MSIE 5.0; Windows 98; DigExt)"
207.44.220.3 - - [11/Feb/2007:20:07:25 -0500] "GET /gallery/main.php?g2_view=comment.AddComment&amp;g2_itemId=664&amp;g2_return=http%3A%2F%2Fcs.tcnj.edu%2Fgallery%2Fv%2Fevents%2Falbum02%2Fcontests%2FprogrammingContest05%2F%3Fg2_GALLERYSID%3D1df1800a99cf57ca8b712e6b6b35c65a&amp;g2_GALLERYSID=1df1800a99cf57ca8b712e6b6b35c65a&amp;g2_returnName=album HTTP/1.1" 200 2062 "-" "Mozilla/5.0 (compatible; Googlebot/2.1;+http://www.google.com/bot.html)"
207.44.220.3 - - [11/Feb/2007:20:07:25 -0500] "GET /gallery/main.php?g2_view=comment.ShowComments&amp;g2_itemId=664&amp;g2_GALLERYSID=1df1800a99cf57ca8b712e6b6b35c65a HTTP/1.1" 200 6306 "-" "Mozilla/4.0 (compatible; MSIE 6.0; Windows NT 5.1; SV1; http://www.tropicdesigns.net)"
159.91.23.222 - - [11/Feb/2007:20:09:09 -0500] "GET /~depasqua/csc230/dataSources/itunes.txt HTTP/1.1" 200 361868 "-" "Java/1.5.0_04"
159.91.23.222 - - [11/Feb/2007:20:09:37 -0500] "GET /~depasqua/csc230/dataSources/itunes.txt HTTP/1.1" 200 361868 "-" "Java/1.5.0_04"
66.249.65.103 - - [11/Feb/2007:20:10:32 -0500] "GET /gallery/v/events/album02/contests/programmingContest04/?g2_highlightId=563 HTTP/1.1" 302 - "-" "Mozilla/5.0 (compatible; Googlebot/2.1; +http://www.google.com/bot.html)"
205.188.117.72 - - [11/Feb/2007:20:11:01 -0500] "GET /admissions.php HTTP/1.1" 200 9276 "http://www.googlesyndicatedsearch.com/u/tcnj?q=nursing+open+house&field=lastname&domains=www.tcnj.edu&sitesearch=www.tcnj.edu&crit=nursing+open+house&inputbox=nursing+open+house&drop=tcnj" "Mozilla/4.0 (compatible; MSIE 6.0; AOL 9.0; Windows NT 5.1; FunWebProducts)"
205.188.116.72 - - [11/Feb/2007:20:11:11 -0500] "GET /style.css HTTP/1.1" 200 3484 "http://cs.tcnj.edu/admissions.php" "Mozilla/4.0 (compatible; MSIE 6.0; AOL 9.0; Windows NT 5.1; FunWebProducts)"
205.188.117.65 - - [11/Feb/2007:20:11:11 -0500] "GET /images/top_banner.jpg HTTP/1.1" 200 145765 "http://cs.tcnj.edu/admissions.php" "Mozilla/4.0 (compatible; MSIE 6.0; AOL 9.0; Windows NT 5.1; FunWebProducts)"
65.55.209.150 - - [11/Feb/2007:20:11:52 -0500] "GET /gallery/main.php?g2_view=slideshow.Slideshow&g2_itemId=1065 HTTP/1.0" 200 27614 "-" "msnbot/1.0 (+http://search.msn.com/msnbot.htm)"
65.55.209.151 - - [11/Feb/2007:20:12:48 -0500] "GET /robots.txt HTTP/1.0" 200 49 "-" "msnbot/1.0 (+http://search.msn.com/msnbot.htm)"
65.55.209.151 - - [11/Feb/2007:20:12:48 -0500] "GET /gallery/v/events/album02/digitalfortress/finalfrag06/120.jpg.html HTTP/1.0" 200 13032 "-" "msnbot/1.0 (+http://search.msn.com/msnbot.htm)"
66.249.65.103 - - [11/Feb/2007:20:13:57 -0500] "GET /gallery/v/events/album02/contests/programmingContest04/?g2_highlightId=579 HTTP/1.1" 302 - "-" "Mozilla/5.0 (compatible; Googlebot/2.1; +http://www.google.com/bot.html)"
65.55.209.150 - - [11/Feb/2007:20:14:53 -0500] "GET /gallery/v/events/album02/digitalfortress/finalfrag06/114.jpg.html HTTP/1.0" 200 15761 "-" "msnbot/1.0 (+http://search.msn.com/msnbot.htm)"
72.14.199.84 - - [11/Feb/2007:20:15:52 -0500] "GET /newsEventsRSS.php HTTP/1.1" 200 10627 "-" "Feedfetcher-Google; (+http://www.google.com/feedfetcher.html)"
66.249.65.103 - - [11/Feb/2007:20:17:22 -0500] "GET /gallery/v/graduations/graduation04/?g2_highlightId=49 HTTP/1.1" 302 - "-" "Mozilla/5.0 (compatible; Googlebot/2.1; +http://www.google.com/bot.html)"
66.249.65.103 - - [11/Feb/2007:20:20:47 -0500] "GET /gallery/v/events/album02/contests/programmingContest05/?g2_highlightId=727 HTTP/1.1" 302 - "-" "Mozilla/5.0 (compatible; Googlebot/2.1; +http://www.google.com/bot.html)"
193.47.80.48 - - [11/Feb/2007:20:23:26 -0500] "GET /gallery/v/events/album03/upe1/UPE3.jpg.html?g2_GALLERYSID=e0fa1891037491bf3e61ce76ef3c67c3 HTTP/1.1" 200 13177 "-" "Mozilla/5.0 (compatible; Exabot/3.0; +http://www.exabot.com/go/robot)"
66.249.65.103 - - [11/Feb/2007:20:24:12 -0500] "GET /gallery/v/events/album02/contests/programmingContest05/?g2_highlightId=724 HTTP/1.1" 302 - "-" "Mozilla/5.0 (compatible; Googlebot/2.1; +http://www.google.com/bot.html)"
220.181.31.44 - - [11/Feb/2007:20:26:39 -0500] "GET /gallery/main.php?g2_view=comment.ShowComments&amp;g2_itemId=664 HTTP/1.0" 200 5508 "http://cs.tcnj.edu/gallery/main.php?g2_view=comment.ShowComments&amp;g2_itemId=664" "User-Agent: Mozilla/4.0 (compatible; MSIE 6.0; Windows NT 5.1)"
65.55.209.148 - - [11/Feb/2007:20:26:47 -0500] "GET /robots.txt HTTP/1.0" 200 49 "-" "msnbot/1.0 (+http://search.msn.com/msnbot.htm)"
65.55.209.148 - - [11/Feb/2007:20:26:48 -0500] "GET /gallery/v/events/album02/digitalfortress/finalfrag06/159.jpg.html HTTP/1.0" 200 12960 "-" "msnbot/1.0 (+http://search.msn.com/msnbot.htm)"
65.55.209.152 - - [11/Feb/2007:20:26:59 -0500] "GET /gallery/main.php?g2_view=slideshowapplet.SlideshowApplet&g2_itemId=1065 HTTP/1.0" 200 9605 "-" "msnbot/1.0 (+http://search.msn.com/msnbot.htm)"
65.214.44.29 - - [11/Feb/2007:20:27:02 -0500] "GET /newsEventsRSS.php HTTP/1.1" 200 10627 "-" "Bloglines/3.1 (http://www.bloglines.com; 1 subscriber)"
220.181.31.44 - - [11/Feb/2007:20:26:47 -0500] "POST /gallery/main.php HTTP/1.0" 200 8730 "http://cs.tcnj.edu/gallery/main.php?g2_view=comment.ShowComments&amp;g2_itemId=664" "User-Agent: Mozilla/4.0 (compatible; MSIE 6.0; Windows NT 5.1)"
66.249.65.103 - - [11/Feb/2007:20:27:37 -0500] "GET /gallery/v/events/album03/upeInduction2006/?g2_highlightId=1112 HTTP/1.1" 302 - "-" "Mozilla/5.0 (compatible; Googlebot/2.1; +http://www.google.com/bot.html)"
74.6.74.229 - - [11/Feb/2007:20:30:22 -0500] "GET /gallery/v/events/album02/digitalfortress/november2006/?g2_highlightId=1646 HTTP/1.0" 302 - "-" "Mozilla/5.0 (compatible; Yahoo! Slurp; http://help.yahoo.com/help/us/ysearch/slurp)"
74.6.74.229 - - [11/Feb/2007:20:30:23 -0500] "GET /gallery/v/events/album02/digitalfortress/november2006/?g2_page=3 HTTP/1.0" 200 19110 "-" "Mozilla/5.0 (compatible; Yahoo! Slurp; http://help.yahoo.com/help/us/ysearch/slurp)"
66.249.65.103 - - [11/Feb/2007:20:31:02 -0500] "GET /gallery/v/presentations/album06/?g2_highlightId=410 HTTP/1.1" 302 - "-" "Mozilla/5.0 (compatible; Googlebot/2.1; +http://www.google.com/bot.html)"
65.55.209.151 - - [11/Feb/2007:20:31:50 -0500] "GET /gallery/v/events/album02/digitalfortress/finalfrag06/137.jpg.html HTTP/1.0" 200 13068 "-" "msnbot/1.0 (+http://search.msn.com/msnbot.htm)"
65.55.235.165 - - [11/Feb/2007:20:33:37 -0500] "GET /robots.txt HTTP/1.0" 200 49 "-" "msnbot-media/1.0 (+http://search.msn.com/msnbot.htm)"
65.55.235.165 - - [11/Feb/2007:20:33:37 -0500] "GET / HTTP/1.0" 200 14861 "-" "msnbot-media/1.0 (+http://search.msn.com/msnbot.htm)"
207.46.98.83 - - [11/Feb/2007:20:33:48 -0500] "GET /gallery/main.php?g2_view=slideshow.Slideshow&g2_itemId=1217 HTTP/1.0" 200 32000 "-" "msnbot/1.0 (+http://search.msn.com/msnbot.htm)"
207.46.98.83 - - [11/Feb/2007:20:33:56 -0500] "GET /gallery/main.php?g2_view=slideshowapplet.SlideshowApplet&g2_itemId=1524 HTTP/1.0" 200 10757 "-" "msnbot/1.0 (+http://search.msn.com/msnbot.htm)"
66.249.65.103 - - [11/Feb/2007:20:34:27 -0500] "GET /gallery/v/events/album02/contests/programmingContest04/?g2_highlightId=565 HTTP/1.1" 302 - "-" "Mozilla/5.0 (compatible; Googlebot/2.1; +http://www.google.com/bot.html)"
207.46.98.83 - - [11/Feb/2007:20:34:45 -0500] "GET /gallery/v/graduations/graduation05/Graduation_2005_01.jpg.html HTTP/1.0" 200 13716 "-" "msnbot/1.0 (+http://search.msn.com/msnbot.htm)"
65.55.209.152 - - [11/Feb/2007:20:35:01 -0500] "GET /gallery/main.php?g2_view=slideshowapplet.SlideshowApplet&g2_itemId=37 HTTP/1.0" 200 10210 "-" "msnbot/1.0 (+http://search.msn.com/msnbot.htm)"
65.55.209.148 - - [11/Feb/2007:20:36:55 -0500] "GET /gallery/v/events/album02/digitalfortress/november2006/29.jpg.html HTTP/1.0" 200 15058 "-" "msnbot/1.0 (+http://search.msn.com/msnbot.htm)"
65.55.209.151 - - [11/Feb/2007:20:37:47 -0500] "GET /gallery/v/events/album02/digitalfortress/finalfrag06/167.jpg.html HTTP/1.0" 200 12977 "-" "msnbot/1.0 (+http://search.msn.com/msnbot.htm)"
66.249.65.103 - - [11/Feb/2007:20:37:52 -0500] "GET /gallery/v/presentations/f05/?g2_highlightId=1037 HTTP/1.1" 302 - "-" "Mozilla/5.0 (compatible; Googlebot/2.1; +http://www.google.com/bot.html)"
65.55.209.151 - - [11/Feb/2007:20:37:55 -0500] "GET /gallery/v/events/album02/digitalfortress/finalfrag06/?g2_highlightId=1708 HTTP/1.0" 302 - "-" "msnbot/1.0 (+http://search.msn.com/msnbot.htm)"
72.30.177.93 - - [11/Feb/2007:20:37:57 -0500] "GET /robots.txt HTTP/1.0" 200 185 "-" "Mozilla/5.0 (compatible; Yahoo! Slurp; http://help.yahoo.com/help/us/ysearch/slurp)"
74.6.69.138 - - [11/Feb/2007:20:37:58 -0500] "GET /~depasqua/sandbox/research/starting/software.htm HTTP/1.0" 200 5231 "-" "Mozilla/5.0 (compatible; Yahoo! Slurp; http://help.yahoo.com/help/us/ysearch/slurp)"
200.58.72.54 - - [11/Feb/2007:20:38:06 -0500] "GET /gallery/main.php?g2_view=comment.ShowComments&amp;g2_itemId=664 HTTP/1.1" 200 5508 "http://cs.tcnj.edu/gallery/main.php?g2_view=comment.ShowComments&amp;g2_itemId=664" "User-Agent: Mozilla/4.0 (compatible; MSIE 6.0; Windows NT 5.1)"
200.58.72.54 - - [11/Feb/2007:20:38:10 -0500] "POST /gallery/main.php HTTP/1.1" 200 8706 "http://cs.tcnj.edu/gallery/main.php?g2_view=comment.ShowComments&amp;g2_itemId=664" "User-Agent: Mozilla/4.0 (compatible; MSIE 6.0; Windows NT 5.1)"
65.55.209.147 - - [11/Feb/2007:20:39:47 -0500] "GET /robots.txt HTTP/1.0" 200 49 "-" "msnbot/1.0 (+http://search.msn.com/msnbot.htm)"
65.55.209.147 - - [11/Feb/2007:20:39:47 -0500] "GET /gallery/main.php?g2_view=slideshowapplet.SlideshowApplet&g2_itemId=167 HTTP/1.0" 200 9313 "-" "msnbot/1.0 (+http://search.msn.com/msnbot.htm)"
67.84.146.196 - - [11/Feb/2007:20:39:51 -0500] "GET /style.css HTTP/1.1" 200 3484 "http://cs.tcnj.edu/2005HSProgrammingContest.php" "Mozilla/5.0 (Macintosh; U; Intel Mac OS X; en) AppleWebKit/418.9.1 (KHTML, like Gecko) Safari/419.3"
67.84.146.196 - - [11/Feb/2007:20:39:51 -0500] "GET /2005HSProgrammingContest.php HTTP/1.1" 200 15754 "http://www.googlesyndicatedsearch.com/u/tcnj?domains=www.tcnj.edu&sitesearch=www.tcnj.edu&q=rules+lot+6&sa=Search" "Mozilla/5.0 (Macintosh; U; Intel Mac OS X; en) AppleWebKit/418.9.1 (KHTML, like Gecko) Safari/419.3"
67.84.146.196 - - [11/Feb/2007:20:39:51 -0500] "GET /favicon.ico HTTP/1.1" 200 614 "-" "Mozilla/5.0 (Macintosh; U; Intel Mac OS X; en) AppleWebKit/418.9.1 (KHTML, like Gecko) Safari/419.3"
67.84.146.196 - - [11/Feb/2007:20:39:51 -0500] "GET /images/top_banner.jpg HTTP/1.1" 200 145765 "http://cs.tcnj.edu/2005HSProgrammingContest.php" "Mozilla/5.0 (Macintosh; U; Intel Mac OS X; en) AppleWebKit/418.9.1 (KHTML, like Gecko) Safari/419.3"
65.55.209.147 - - [11/Feb/2007:20:41:03 -0500] "GET /gallery/main.php?g2_view=slideshowapplet.SlideshowApplet&g2_itemId=1523 HTTP/1.0" 200 9596 "-" "msnbot/1.0 (+http://search.msn.com/msnbot.htm)"
65.55.209.154 - - [11/Feb/2007:20:41:11 -0500] "GET /robots.txt HTTP/1.0" 200 49 "-" "msnbot/1.0 (+http://search.msn.com/msnbot.htm)"
65.55.209.154 - - [11/Feb/2007:20:41:11 -0500] "GET /gallery/v/events/album02/digitalfortress/finalfrag06/163.jpg.html HTTP/1.0" 200 13068 "-" "msnbot/1.0 (+http://search.msn.com/msnbot.htm)"
66.249.65.103 - - [11/Feb/2007:20:41:16 -0500] "GET /gallery/v/events/album02/contests/contest2006/?g2_highlightId=1181 HTTP/1.1" 302 - "-" "Mozilla/5.0 (compatible; Googlebot/2.1; +http://www.google.com/bot.html)"
65.55.209.147 - - [11/Feb/2007:20:43:54 -0500] "GET /gallery/main.php?g2_view=slideshow.Slideshow&g2_itemId=1164 HTTP/1.0" 200 32022 "-" "msnbot/1.0 (+http://search.msn.com/msnbot.htm)"
66.249.65.103 - - [11/Feb/2007:20:44:42 -0500] "GET /gallery/v/graduations/graduation05/?g2_highlightId=189 HTTP/1.1" 302 - "-" "Mozilla/5.0 (compatible; Googlebot/2.1; +http://www.google.com/bot.html)"
65.55.209.151 - - [11/Feb/2007:20:45:05 -0500] "GET /gallery/v/events/album02/digitalfortress/finalfrag06/ HTTP/1.0" 200 48202 "-" "msnbot/1.0 (+http://search.msn.com/msnbot.htm)"
74.6.69.206 - - [11/Feb/2007:20:45:34 -0500] "GET /gallery/main.php?g2_view=slideshow.Slideshow&g2_itemId=377 HTTP/1.0" 200 19476 "-" "Mozilla/5.0 (compatible; Yahoo! Slurp; http://help.yahoo.com/help/us/ysearch/slurp)"
65.55.209.151 - - [11/Feb/2007:20:45:39 -0500] "GET /gallery/v/events/album02/digitalfortress/finalfrag06/170.jpg.html HTTP/1.0" 200 12960 "-" "msnbot/1.0 (+http://search.msn.com/msnbot.htm)"
65.55.209.150 - - [11/Feb/2007:20:46:03 -0500] "GET /gallery/v/events/album02/digitalfortress/november2006/34.jpg.html HTTP/1.0" 200 15067 "-" "msnbot/1.0 (+http://search.msn.com/msnbot.htm)"
65.55.209.150 - - [11/Feb/2007:20:46:06 -0500] "GET /gallery/main.php?g2_view=slideshow.Slideshow&g2_itemId=165 HTTP/1.0" 200 46653 "-" "msnbot/1.0 (+http://search.msn.com/msnbot.htm)"
66.249.65.103 - - [11/Feb/2007:20:48:07 -0500] "GET /gallery/v/events/album03/upeInduction2006/?g2_highlightId=1115 HTTP/1.1" 302 - "-" "Mozilla/5.0 (compatible; Googlebot/2.1; +http://www.google.com/bot.html)"
65.55.209.147 - - [11/Feb/2007:20:48:43 -0500] "GET /gallery/v/events/album02/digitalfortress/finalfrag06/160.jpg.html HTTP/1.0" 200 12962 "-" "msnbot/1.0 (+http://search.msn.com/msnbot.htm)"
65.55.209.151 - - [11/Feb/2007:20:49:29 -0500] "GET /gallery/v/events/album02/digitalfortress/finalfrag06/149.jpg.html HTTP/1.0" 200 12981 "-" "msnbot/1.0 (+http://search.msn.com/msnbot.htm)"
67.80.65.8 - - [11/Feb/2007:20:50:17 -0500] "GET /style.css HTTP/1.1" 200 3484 "http://cs.tcnj.edu/" "Mozilla/5.0 (Macintosh; U; Intel Mac OS X; en-US; rv:1.8.1.1) Gecko/20061204 Firefox/2.0.0.1"
67.80.65.8 - - [11/Feb/2007:20:50:17 -0500] "GET / HTTP/1.1" 200 14861 "-" "Mozilla/5.0 (Macintosh; U; Intel Mac OS X; en-US; rv:1.8.1.1) Gecko/20061204 Firefox/2.0.0.1"
67.80.65.8 - - [11/Feb/2007:20:50:17 -0500] "GET /images/top_banner.jpg HTTP/1.1" 200 145765 "http://cs.tcnj.edu/" "Mozilla/5.0 (Macintosh; U; Intel Mac OS X; en-US; rv:1.8.1.1) Gecko/20061204 Firefox/2.0.0.1"
67.80.65.8 - - [11/Feb/2007:20:50:17 -0500] "GET /images/frontpageImage/holman2.jpg HTTP/1.1" 200 59700 "http://cs.tcnj.edu/" "Mozilla/5.0 (Macintosh; U; Intel Mac OS X; en-US; rv:1.8.1.1) Gecko/20061204 Firefox/2.0.0.1"
67.80.65.8 - - [11/Feb/2007:20:50:18 -0500] "GET /images/feed-icon-16x16.gif HTTP/1.1" 200 652 "http://cs.tcnj.edu/" "Mozilla/5.0 (Macintosh; U; Intel Mac OS X; en-US; rv:1.8.1.1) Gecko/20061204 Firefox/2.0.0.1"
67.80.65.8 - - [11/Feb/2007:20:50:18 -0500] "GET /favicon.ico HTTP/1.1" 200 614 "-" "Mozilla/5.0 (Macintosh; U; Intel Mac OS X; en-US; rv:1.8.1.1) Gecko/20061204 Firefox/2.0.0.1"
67.80.65.8 - - [11/Feb/2007:20:50:20 -0500] "GET /msdn.php HTTP/1.1" 200 14843 "http://cs.tcnj.edu/" "Mozilla/5.0 (Macintosh; U; Intel Mac OS X; en-US; rv:1.8.1.1) Gecko/20061204 Firefox/2.0.0.1"
65.55.209.149 - - [11/Feb/2007:20:50:29 -0500] "GET /gallery/v/events/album02/digitalfortress/november2006/33.jpg.html HTTP/1.0" 200 15060 "-" "msnbot/1.0 (+http://search.msn.com/msnbot.htm)"
65.55.209.154 - - [11/Feb/2007:20:50:56 -0500] "GET /gallery/v/events/album02/digitalfortress/finalfrag06/122.jpg.html HTTP/1.0" 200 12930 "-" "msnbot/1.0 (+http://search.msn.com/msnbot.htm)"
66.249.65.103 - - [11/Feb/2007:20:51:31 -0500] "GET /gallery/v/graduations/graduation04/?g2_highlightId=41 HTTP/1.1" 302 - "-" "Mozilla/5.0 (compatible; Googlebot/2.1; +http://www.google.com/bot.html)"
66.249.65.103 - - [11/Feb/2007:20:54:56 -0500] "GET /gallery/v/graduations/graduation05/?g2_highlightId=237 HTTP/1.1" 302 - "-" "Mozilla/5.0 (compatible; Googlebot/2.1; +http://www.google.com/bot.html)"
65.214.44.29 - - [11/Feb/2007:20:56:07 -0500] "GET /newsEventsRSS.php HTTP/1.1" 200 10627 "-" "Bloglines/3.1 (http://www.bloglines.com; 1 subscriber)"
65.55.209.148 - - [11/Feb/2007:20:57:02 -0500] "GET /gallery/v/events/album02/digitalfortress/finalfrag06/127.jpg.html HTTP/1.0" 200 12960 "-" "msnbot/1.0 (+http://search.msn.com/msnbot.htm)"
66.249.65.103 - - [11/Feb/2007:20:58:21 -0500] "GET /gallery/v/events/album02/contests/contest2006/?g2_highlightId=1178 HTTP/1.1" 302 - "-" "Mozilla/5.0 (compatible; Googlebot/2.1; +http://www.google.com/bot.html)"
69.94.170.116 - - [11/Feb/2007:20:58:42 -0500] "GET /gallery/main.php?g2_view=comment.ShowComments&amp;g2_itemId=664 HTTP/1.0" 200 5501 "http://cs.tcnj.edu/gallery/main.php?g2_view=comment.ShowComments&amp;g2_itemId=664" "User-Agent: Mozilla/4.0 (compatible; MSIE 6.0; Windows NT 5.1)"
69.94.170.116 - - [11/Feb/2007:20:58:53 -0500] "POST /gallery/main.php HTTP/1.0" 200 8945 "http://cs.tcnj.edu/gallery/main.php?g2_view=comment.ShowComments&amp;g2_itemId=664" "User-Agent: Mozilla/4.0 (compatible; MSIE 6.0; Windows NT 5.1)"
122.199.151.120 - - [11/Feb/2007:20:59:59 -0500] "POST /gallery/main.php?g2_GALLERYSID=cfde5d48c5d0a226687cffe2a3658247 HTTP/1.1" 200 8815 "-" "User-Agent: Mozilla/4.0 (compatible; MSIE 6.0; Windows NT 5.1)"
65.55.209.148 - - [11/Feb/2007:21:00:04 -0500] "GET /facultyview.php?id=21 HTTP/1.0" 200 17386 "-" "msnbot/1.0 (+http://search.msn.com/msnbot.htm)"
65.55.209.151 - - [11/Feb/2007:21:00:46 -0500] "GET /gallery/v/graduations/graduation04/?g2_highlightId=165 HTTP/1.0" 302 - "-" "msnbot/1.0 (+http://search.msn.com/msnbot.htm)"
66.249.65.103 - - [11/Feb/2007:21:01:46 -0500] "GET /gallery/v/events/album02/contests/programmingContest05/?g2_highlightId=730 HTTP/1.1" 302 - "-" "Mozilla/5.0 (compatible; Googlebot/2.1; +http://www.google.com/bot.html)"
65.55.209.151 - - [11/Feb/2007:21:03:24 -0500] "GET /gallery/main.php?g2_view=slideshow.Slideshow&g2_itemId=37 HTTP/1.0" 200 46650 "-" "msnbot/1.0 (+http://search.msn.com/msnbot.htm)"
65.55.209.152 - - [11/Feb/2007:21:04:23 -0500] "GET /gallery/main.php?g2_view=comment.ShowComments&g2_itemId=664 HTTP/1.0" 200 1036324 "-" "msnbot/1.0 (+http://search.msn.com/msnbot.htm)"
66.249.65.103 - - [11/Feb/2007:21:05:11 -0500] "GET /gallery/v/events/album02/contests/contest2006/?g2_highlightId=1214 HTTP/1.1" 302 - "-" "Mozilla/5.0 (compatible; Googlebot/2.1; +http://www.google.com/bot.html)"
67.191.12.26 - - [11/Feb/2007:21:05:25 -0500] "POST /gallery/main.php?g2_GALLERYSID=3a25ae43440fbf1c9a752cfa7249ed69 HTTP/1.1" 200 8790 "-" "User-Agent: Mozilla/4.0 (compatible; MSIE 6.0; Windows NT 5.1)"
202.108.11.106 - - [11/Feb/2007:21:05:29 -0500] "GET / HTTP/1.1" 200 14861 "-" "Baiduspider+(+http://www.baidu.com/search/spider.htm)"
65.55.209.148 - - [11/Feb/2007:21:06:54 -0500] "GET /gallery/main.php?g2_view=slideshow.Slideshow&g2_itemId=983 HTTP/1.0" 200 11134 "-" "msnbot/1.0 (+http://search.msn.com/msnbot.htm)"
65.55.209.151 - - [11/Feb/2007:21:08:01 -0500] "GET /gallery/v/graduations/graduation04/?g2_page=4 HTTP/1.0" 200 16883 "-" "msnbot/1.0 (+http://search.msn.com/msnbot.htm)"
65.55.209.151 - - [11/Feb/2007:21:08:02 -0500] "GET /gallery/main.php?g2_view=slideshow.Slideshow&g2_itemId=664 HTTP/1.0" 200 32796 "-" "msnbot/1.0 (+http://search.msn.com/msnbot.htm)"
202.158.165.82 - - [11/Feb/2007:21:08:21 -0500] "GET /gallery/v/events/album02/contests/programmingContest05/ HTTP/1.0" 200 54565 "-" "Mozilla/4.0 (compatible; MSIE 6.0; Windows NT 5.1)"
66.249.65.103 - - [11/Feb/2007:21:08:36 -0500] "GET /gallery/v/events/album02/contests/programmingContest04/?g2_highlightId=573 HTTP/1.1" 302 - "-" "Mozilla/5.0 (compatible; Googlebot/2.1; +http://www.google.com/bot.html)"
202.158.165.82 - - [11/Feb/2007:21:09:04 -0500] "POST /gallery/main.php?g2_GALLERYSID=0258e2cb7a196f7cad49ff1d0f9af2ef HTTP/1.0" 200 8984 "http://cs.tcnj.edu/gallery/v/events/album02/contests/programmingContest05/" "Mozilla/4.0 (compatible; MSIE 6.0; Windows NT 5.1)"
65.55.209.152 - - [11/Feb/2007:21:09:07 -0500] "GET /gallery/v/events/album02/digitalfortress/finalfrag06/132.jpg.html HTTP/1.0" 200 12942 "-" "msnbot/1.0 (+http://search.msn.com/msnbot.htm)"
65.55.209.152 - - [11/Feb/2007:21:09:10 -0500] "GET /gallery/v/events/album02/digitalfortress/finalfrag06/125.jpg.html HTTP/1.0" 200 12963 "-" "msnbot/1.0 (+http://search.msn.com/msnbot.htm)"
85.91.145.31 - - [11/Feb/2007:21:09:22 -0500] "GET /gallery/v/events/album02/contests/programmingContest05/ HTTP/1.0" 200 54642 "-" "Mozilla/4.0 (compatible; MSIE 6.0; Windows NT 5.1)"
60.244.124.101 - - [11/Feb/2007:21:09:55 -0500] "GET /gallery/main.php?g2_view=comment.ShowComments&amp;g2_itemId=664 HTTP/1.0" 200 5615 "http://cs.tcnj.edu/gallery/main.php?g2_view=comment.ShowComments&amp;g2_itemId=664" "User-Agent: Mozilla/4.0 (compatible; MSIE 6.0; Windows NT 5.1)"
60.244.124.101 - - [11/Feb/2007:21:10:01 -0500] "POST /gallery/main.php HTTP/1.0" 200 8762 "http://cs.tcnj.edu/gallery/main.php?g2_view=comment.ShowComments&amp;g2_itemId=664" "User-Agent: Mozilla/4.0 (compatible; MSIE 6.0; Windows NT 5.1)"
201.232.118.54 - - [11/Feb/2007:21:11:10 -0500] "GET /gallery/main.php?g2_GALLERYSID=0258e2cb7a196f7cad49ff1d0f9af2ef HTTP/1.0" 200 20242 "-" "Mozilla/4.0 (compatible; MSIE 6.0; Windows NT 5.1)"
59.17.243.59 - - [11/Feb/2007:21:11:15 -0500] "GET /gallery/main.php?g2_GALLERYSID=0258e2cb7a196f7cad49ff1d0f9af2ef HTTP/1.0" 200 20234 "-" "Mozilla/4.0 (compatible; MSIE 6.0; Windows NT 5.1)"
207.46.98.84 - - [11/Feb/2007:21:11:23 -0500] "GET /gallery/main.php?g2_view=slideshow.Slideshow&g2_itemId=145 HTTP/1.0" 200 46653 "-" "msnbot/1.0 (+http://search.msn.com/msnbot.htm)"
218.72.250.54 - - [11/Feb/2007:21:11:30 -0500] "GET /gallery/v/events/album02/contests/?g2_highlightId=664&g2_GALLERYSID=0258e2cb7a196f7cad49ff1d0f9af2ef HTTP/1.0" 302 - "-" "Mozilla/4.0 (compatible; MSIE 6.0; Windows NT 5.1)"
210.22.15.10 - - [11/Feb/2007:21:11:41 -0500] "GET /gallery/main.php?g2_view=search.SearchScan&g2_form%5BuseDefaultSettings%5D=1&g2_return=http://cs.tcnj.edu/gallery/v/events/album02/contests/programmingContest05/?g2_GALLERYSID=0258e2cb7a196f7cad49ff1d0f9af2ef&g2_GALLERYSID=0258e2cb7a196f7cad49ff1d0f9af2ef&g2_returnName=album HTTP/1.1" 200 9129 "-" "Mozilla/4.0 (compatible; MSIE 6.0; Windows NT 5.1)"
66.249.65.103 - - [11/Feb/2007:21:12:01 -0500] "GET /gallery/v/events/album02/contests/contest2006/?g2_highlightId=1196 HTTP/1.1" 302 - "-" "Mozilla/5.0 (compatible; Googlebot/2.1; +http://www.google.com/bot.html)"
207.46.98.84 - - [11/Feb/2007:21:12:49 -0500] "GET /gallery/v/events/album01/P1010001.jpg.html?g2_imageViewsIndex=1 HTTP/1.0" 200 13023 "-" "msnbot/1.0 (+http://search.msn.com/msnbot.htm)"
59.17.243.59 - - [11/Feb/2007:21:13:27 -0500] "GET /gallery/v/ HTTP/1.0" 200 20214 "-" "Mozilla/4.0 (compatible; MSIE 6.0; Windows NT 5.1)"
65.55.209.148 - - [11/Feb/2007:21:13:38 -0500] "GET /courseview.php?id=18 HTTP/1.0" 200 8519 "-" "msnbot/1.0 (+http://search.msn.com/msnbot.htm)"
71.64.99.249 - - [11/Feb/2007:21:14:51 -0500] "POST /gallery/main.php?g2_GALLERYSID=2b0c6ff04ec5561422f2d82eb544c693 HTTP/1.1" 200 8802 "-" "User-Agent: Mozilla/4.0 (compatible; MSIE 6.0; Windows NT 5.1)"
66.249.65.103 - - [11/Feb/2007:21:15:26 -0500] "GET /gallery/v/graduations/graduation05/?g2_highlightId=229 HTTP/1.1" 302 - "-" "Mozilla/5.0 (compatible; Googlebot/2.1; +http://www.google.com/bot.html)"
65.55.209.150 - - [11/Feb/2007:21:15:28 -0500] "GET /gallery/main.php?g2_view=slideshow.Slideshow&g2_itemId=859 HTTP/1.0" 200 26046 "-" "msnbot/1.0 (+http://search.msn.com/msnbot.htm)"
207.46.98.84 - - [11/Feb/2007:21:15:44 -0500] "GET /gallery/v/events/album02/game-a-thon/ HTTP/1.0" 200 47209 "-" "msnbot/1.0 (+http://search.msn.com/msnbot.htm)"
72.14.199.84 - - [11/Feb/2007:21:15:55 -0500] "GET /newsEventsRSS.php HTTP/1.1" 200 10627 "-" "Feedfetcher-Google; (+http://www.google.com/feedfetcher.html)"
67.167.204.103 - - [11/Feb/2007:21:15:57 -0500] "POST /gallery/main.php HTTP/1.1" 200 8901 "-" "User-Agent: Mozilla/4.0 (compatible; MSIE 6.0; Windows NT 5.1)"
65.55.209.152 - - [11/Feb/2007:21:17:06 -0500] "GET /gallery/main.php?g2_view=slideshow.Slideshow&g2_itemId=1707 HTTP/1.0" 200 67170 "-" "msnbot/1.0 (+http://search.msn.com/msnbot.htm)"
65.55.209.149 - - [11/Feb/2007:21:18:25 -0500] "GET /robots.txt HTTP/1.0" 200 185 "-" "msnbot/1.0 (+http://search.msn.com/msnbot.htm)"
65.55.209.149 - - [11/Feb/2007:21:18:25 -0500] "GET /~depasqua/sandbox/research/documents/SCI02Paper.pdf HTTP/1.0" 200 204608 "-" "msnbot/1.0 (+http://search.msn.com/msnbot.htm)"
66.249.65.103 - - [11/Feb/2007:21:18:54 -0500] "GET /gallery/v/events/album03/upeInduction2006/?g2_highlightId=1109 HTTP/1.1" 302 - "-" "Mozilla/5.0 (compatible; Googlebot/2.1; +http://www.google.com/bot.html)"
65.55.209.150 - - [11/Feb/2007:21:18:53 -0500] "GET /gallery/main.php?g2_view=slideshow.Slideshow&g2_itemId=1385 HTTP/1.0" 200 25389 "-" "msnbot/1.0 (+http://search.msn.com/msnbot.htm)"
65.55.209.152 - - [11/Feb/2007:21:19:54 -0500] "GET /gallery/main.php?g2_view=slideshowapplet.SlideshowApplet&g2_itemId=635 HTTP/1.0" 200 10030 "-" "msnbot/1.0 (+http://search.msn.com/msnbot.htm)"
207.46.98.84 - - [11/Feb/2007:21:20:30 -0500] "GET /gallery/v/events/album02/digitalfortress/finalfrag06/111.jpg.html HTTP/1.0" 200 12956 "-" "msnbot/1.0 (+http://search.msn.com/msnbot.htm)"
207.46.98.84 - - [11/Feb/2007:21:20:37 -0500] "GET /gallery/v/events/album02/digitalfortress/finalfrag06/106.jpg.html HTTP/1.0" 200 12619 "-" "msnbot/1.0 (+http://search.msn.com/msnbot.htm)"
68.85.17.25 - - [11/Feb/2007:21:21:21 -0500] "GET /scheduleDisplayer.php?id=2 HTTP/1.1" 200 11192 "http://www.tcnj.edu/~depasqua/misc/contactInfoNews.htm" "Mozilla/5.0 (Windows; U; Windows NT 5.1; en-US; rv:1.8.1.1) Gecko/20061204 Firefox/2.0.0.1"
68.85.17.25 - - [11/Feb/2007:21:21:21 -0500] "GET /style.css HTTP/1.1" 200 3484 "http://cs.tcnj.edu/scheduleDisplayer.php?id=2" "Mozilla/5.0 (Windows; U; Windows NT 5.1; en-US; rv:1.8.1.1) Gecko/20061204 Firefox/2.0.0.1"
65.55.209.149 - - [11/Feb/2007:21:21:21 -0500] "GET /gallery/v/events/album02/contests/programmingContest05/?g2_page=2 HTTP/1.0" 200 36676 "-" "msnbot/1.0 (+http://search.msn.com/msnbot.htm)"
207.46.98.84 - - [11/Feb/2007:21:21:33 -0500] "GET /gallery/v/events/album02/contests/contest2006/P4220023.JPG.html HTTP/1.0" 200 14538 "-" "msnbot/1.0 (+http://search.msn.com/msnbot.htm)"
65.55.209.149 - - [11/Feb/2007:21:21:44 -0500] "GET /gallery/v/events/album02/digitalfortress/finalfrag06/148.jpg.html HTTP/1.0" 200 12908 "-" "msnbot/1.0 (+http://search.msn.com/msnbot.htm)"
66.249.65.103 - - [11/Feb/2007:21:22:16 -0500] "GET /gallery/v/events/album02/contests/programmingContest04/?g2_highlightId=557 HTTP/1.1" 302 - "-" "Mozilla/5.0 (compatible; Googlebot/2.1; +http://www.google.com/bot.html)"
207.46.98.84 - - [11/Feb/2007:21:23:27 -0500] "GET /gallery/main.php?g2_view=slideshowapplet.SlideshowApplet&g2_itemId=515 HTTP/1.0" 200 9837 "-" "msnbot/1.0 (+http://search.msn.com/msnbot.htm)"
72.237.72.40 - - [11/Feb/2007:21:22:29 -0500] "GET /gallery/main.php?g2_view=comment.ShowComments&g2_itemId=664 HTTP/1.1" 200 1036838 "-" "Mozilla/4.0 (compatible; MSIE 6.0; Windows NT 5.1)"
65.190.137.149 - - [11/Feb/2007:21:24:05 -0500] "POST /gallery/main.php?g2_GALLERYSID=28de00acbc5b5d9bad5c613d703f81fc HTTP/1.1" 200 8775 "-" "User-Agent: Mozilla/4.0 (compatible; MSIE 6.0; Windows NT 5.1)"
221.254.86.2 - - [11/Feb/2007:21:24:59 -0500] "GET /gallery/main.php?g2_view=comment.ShowComments&amp;g2_itemId=664 HTTP/1.0" 200 5658 "http://cs.tcnj.edu/gallery/main.php?g2_view=comment.ShowComments&amp;g2_itemId=664" "User-Agent: Mozilla/4.0 (compatible; MSIE 6.0; Windows NT 5.1)"
221.254.86.2 - - [11/Feb/2007:21:25:01 -0500] "POST /gallery/main.php HTTP/1.0" 200 8772 "http://cs.tcnj.edu/gallery/main.php?g2_view=comment.ShowComments&amp;g2_itemId=664" "User-Agent: Mozilla/4.0 (compatible; MSIE 6.0; Windows NT 5.1)"
65.55.209.151 - - [11/Feb/2007:21:25:14 -0500] "GET /gallery/main.php?g2_view=slideshowapplet.SlideshowApplet&g2_itemId=1479 HTTP/1.0" 200 10033 "-" "msnbot/1.0 (+http://search.msn.com/msnbot.htm)"
66.249.65.103 - - [11/Feb/2007:21:25:40 -0500] "GET /gallery/v/events/album02/contests/programmingContest04/?g2_highlightId=559 HTTP/1.1" 302 - "-" "Mozilla/5.0 (compatible; Googlebot/2.1; +http://www.google.com/bot.html)"
65.55.209.152 - - [11/Feb/2007:21:27:04 -0500] "GET /gallery/v/events/album02/digitalfortress/finalfrag06/164.jpg.html HTTP/1.0" 200 12981 "-" "msnbot/1.0 (+http://search.msn.com/msnbot.htm)"
65.55.209.151 - - [11/Feb/2007:21:27:07 -0500] "GET /gallery/v/events/album02/digitalfortress/finalfrag06/?g2_page=3 HTTP/1.0" 200 48596 "-" "msnbot/1.0 (+http://search.msn.com/msnbot.htm)"
65.55.209.150 - - [11/Feb/2007:21:27:22 -0500] "GET /gallery/v/events/album02/digitalfortress/finalfrag06/144.jpg.html HTTP/1.0" 200 12981 "-" "msnbot/1.0 (+http://search.msn.com/msnbot.htm)"
159.91.54.127 - - [11/Feb/2007:21:27:57 -0500] "GET /~depasqua/csc230/dataSources/itunes.txt HTTP/1.1" 200 361868 "-" "Java/1.5.0_10"
65.214.44.29 - - [11/Feb/2007:21:28:12 -0500] "GET /newsEventsRSS.php HTTP/1.1" 200 10627 "-" "Bloglines/3.1 (http://www.bloglines.com; 1 subscriber)"
65.55.209.150 - - [11/Feb/2007:21:28:36 -0500] "GET /gallery/v/graduations/graduation05/?g2_highlightId=325 HTTP/1.0" 302 - "-" "msnbot/1.0 (+http://search.msn.com/msnbot.htm)"
207.46.98.84 - - [11/Feb/2007:21:28:47 -0500] "GET /gallery/main.php?g2_view=slideshowapplet.SlideshowApplet&g2_itemId=989 HTTP/1.0" 200 9816 "-" "msnbot/1.0 (+http://search.msn.com/msnbot.htm)"
66.249.65.103 - - [11/Feb/2007:21:29:06 -0500] "GET /gallery/v/events/album02/contests/contest2006/?g2_highlightId=1202 HTTP/1.1" 302 - "-" "Mozilla/5.0 (compatible; Googlebot/2.1; +http://www.google.com/bot.html)"
65.55.209.152 - - [11/Feb/2007:21:29:17 -0500] "GET /gallery/v/events/album02/digitalfortress/finalfrag06/188.jpg.html HTTP/1.0" 200 12981 "-" "msnbot/1.0 (+http://search.msn.com/msnbot.htm)"
207.46.98.84 - - [11/Feb/2007:21:29:27 -0500] "GET /gallery/v/events/album02/digitalfortress/finalfrag06/116.jpg.html HTTP/1.0" 200 12962 "-" "msnbot/1.0 (+http://search.msn.com/msnbot.htm)"
65.55.209.153 - - [11/Feb/2007:21:29:51 -0500] "GET /robots.txt HTTP/1.0" 200 49 "-" "msnbot/1.0 (+http://search.msn.com/msnbot.htm)"
65.55.209.153 - - [11/Feb/2007:21:29:51 -0500] "GET /gallery/main.php?g2_view=slideshowapplet.SlideshowApplet&g2_itemId=989 HTTP/1.0" 200 9838 "-" "msnbot/1.0 (+http://search.msn.com/msnbot.htm)"
207.46.98.84 - - [11/Feb/2007:21:30:29 -0500] "GET /gallery/main.php?g2_view=slideshowapplet.SlideshowApplet&g2_itemId=802 HTTP/1.0" 200 9596 "-" "msnbot/1.0 (+http://search.msn.com/msnbot.htm)"
207.46.98.84 - - [11/Feb/2007:21:31:57 -0500] "GET /gallery/main.php?g2_view=slideshowapplet.SlideshowApplet&g2_itemId=325 HTTP/1.0" 200 10447 "-" "msnbot/1.0 (+http://search.msn.com/msnbot.htm)"
70.112.237.55 - - [11/Feb/2007:21:32:28 -0500] "POST /gallery/main.php HTTP/1.1" 200 8814 "-" "User-Agent: Mozilla/4.0 (compatible; MSIE 6.0; Windows NT 5.1)"
66.249.65.103 - - [11/Feb/2007:21:32:30 -0500] "GET /gallery/v/events/album03/upeInduction2006/?g2_highlightId=1121 HTTP/1.1" 302 - "-" "Mozilla/5.0 (compatible; Googlebot/2.1; +http://www.google.com/bot.html)"
207.210.74.241 - - [11/Feb/2007:21:32:31 -0500] "GET /gallery/main.php?g2_view=comment.ShowComments&g2_itemId=664 HTTP/1.1" 200 1036838 "-" "Mozilla/4.0 (compatible; MSIE 6.0; Windows NT 5.0; Maxthon)"
65.55.209.149 - - [11/Feb/2007:21:32:55 -0500] "GET /gallery/v/events/album02/digitalfortress/finalfrag06/166.jpg.html HTTP/1.0" 200 12908 "-" "msnbot/1.0 (+http://search.msn.com/msnbot.htm)"
159.91.54.127 - - [11/Feb/2007:21:33:38 -0500] "GET /~depasqua/csc230/dataSources/itunes.txt HTTP/1.1" 200 361868 "-" "Java/1.5.0_10"
159.91.54.127 - - [11/Feb/2007:21:34:38 -0500] "GET /~depasqua/csc230/dataSources/itunes.txt HTTP/1.1" 200 361868 "-" "Java/1.5.0_10"
159.91.54.127 - - [11/Feb/2007:21:34:55 -0500] "GET /~depasqua/csc230/dataSources/itunes.txt HTTP/1.1" 200 361868 "-" "Java/1.5.0_10"
159.91.54.127 - - [11/Feb/2007:21:35:49 -0500] "GET /~depasqua/csc230/dataSources/itunes.txt HTTP/1.1" 200 361868 "-" "Java/1.5.0_10"
159.91.54.127 - - [11/Feb/2007:21:36:33 -0500] "GET /~depasqua/csc230/dataSources/itunes.txt HTTP/1.1" 200 361868 "-" "Java/1.5.0_10"
159.91.54.127 - - [11/Feb/2007:21:38:15 -0500] "GET /~depasqua/csc230/dataSources/itunes.txt HTTP/1.1" 200 361868 "-" "Java/1.5.0_10"
159.91.141.83 - - [11/Feb/2007:22:10:15 -0500] "GET /~depasqua/csc230/ HTTP/1.1" 200 1237 "-" "Mozilla/5.0 (Windows; U; Windows NT 5.1; en-US; rv:1.8.1.1) Gecko/20061204 Firefox/2.0.0.1"
159.91.141.83 - - [11/Feb/2007:22:10:15 -0500] "GET /icons/blank.png HTTP/1.1" 200 153 "http://cs.tcnj.edu/~depasqua/csc230/" "Mozilla/5.0 (Windows; U; Windows NT 5.1; en-US; rv:1.8.1.1) Gecko/20061204 Firefox/2.0.0.1"
159.91.141.83 - - [11/Feb/2007:22:10:15 -0500] "GET /icons/back.png HTTP/1.1" 200 243 "http://cs.tcnj.edu/~depasqua/csc230/" "Mozilla/5.0 (Windows; U; Windows NT 5.1; en-US; rv:1.8.1.1) Gecko/20061204 Firefox/2.0.0.1"
159.91.141.83 - - [11/Feb/2007:22:10:15 -0500] "GET /icons/folder.png HTTP/1.1" 200 230 "http://cs.tcnj.edu/~depasqua/csc230/" "Mozilla/5.0 (Windows; U; Windows NT 5.1; en-US; rv:1.8.1.1) Gecko/20061204 Firefox/2.0.0.1"
159.91.141.83 - - [11/Feb/2007:22:10:15 -0500] "GET /style.css HTTP/1.1" 200 3484 "http://cs.tcnj.edu/" "Mozilla/5.0 (Windows; U; Windows NT 5.1; en-US; rv:1.8.1.1) Gecko/20061204 Firefox/2.0.0.1"
159.91.141.83 - - [11/Feb/2007:22:10:15 -0500] "GET /favicon.ico HTTP/1.1" 200 614 "-" "Mozilla/5.0 (Windows; U; Windows NT 5.1; en-US; rv:1.8.1.1) Gecko/20061204 Firefox/2.0.0.1"
159.91.141.83 - - [11/Feb/2007:22:10:15 -0500] "GET /images/top_banner.jpg HTTP/1.1" 200 145765 "http://cs.tcnj.edu/" "Mozilla/5.0 (Windows; U; Windows NT 5.1; en-US; rv:1.8.1.1) Gecko/20061204 Firefox/2.0.0.1"
159.91.141.83 - - [11/Feb/2007:22:10:16 -0500] "GET /favicon.ico HTTP/1.1" 200 614 "-" "Mozilla/5.0 (Windows; U; Windows NT 5.1; en-US; rv:1.8.1.1) Gecko/20061204 Firefox/2.0.0.1"
159.91.141.83 - - [11/Feb/2007:22:10:15 -0500] "GET / HTTP/1.1" 200 11720 "-" "Mozilla/5.0 (Windows; U; Windows NT 5.1; en-US; rv:1.8.1.1) Gecko/20061204 Firefox/2.0.0.1"
159.91.141.83 - - [11/Feb/2007:22:10:58 -0500] "GET /images/feed-icon-16x16.gif HTTP/1.1" 200 652 "http://cs.tcnj.edu/" "Mozilla/5.0 (Windows; U; Windows NT 5.1; en-US; rv:1.8.1.1) Gecko/20061204 Firefox/2.0.0.1"
159.91.141.83 - - [11/Feb/2007:22:10:58 -0500] "GET /images/frontpageImage/grad05a.jpg HTTP/1.1" 200 41188 "http://cs.tcnj.edu/" "Mozilla/5.0 (Windows; U; Windows NT 5.1; en-US; rv:1.8.1.1) Gecko/20061204 Firefox/2.0.0.1"
159.91.141.83 - - [11/Feb/2007:22:12:42 -0500] "GET /intern.php HTTP/1.1" 200 13893 "http://cs.tcnj.edu/" "Mozilla/5.0 (Windows; U; Windows NT 5.1; en-US; rv:1.8.1.1) Gecko/20061204 Firefox/2.0.0.1"
159.91.141.83 - - [11/Feb/2007:22:13:15 -0500] "GET /~depasqua/csc230/dataSources/ HTTP/1.1" 200 846 "http://cs.tcnj.edu/~depasqua/csc230/" "Mozilla/5.0 (Windows; U; Windows NT 5.1; en-US; rv:1.8.1.1) Gecko/20061204 Firefox/2.0.0.1"
159.91.141.83 - - [11/Feb/2007:22:13:15 -0500] "GET /icons/text.png HTTP/1.1" 200 231 "http://cs.tcnj.edu/~depasqua/csc230/dataSources/" "Mozilla/5.0 (Windows; U; Windows NT 5.1; en-US; rv:1.8.1.1) Gecko/20061204 Firefox/2.0.0.1"
159.91.141.83 - - [11/Feb/2007:22:13:17 -0500] "GET /~depasqua/csc230/dataSources/itunes.txt HTTP/1.1" 200 361868 "http://cs.tcnj.edu/~depasqua/csc230/dataSources/" "Mozilla/5.0 (Windows; U; Windows NT 5.1; en-US; rv:1.8.1.1) Gecko/20061204 Firefox/2.0.0.1"
159.91.150.3 - - [11/Feb/2007:23:01:46 -0500] "GET / HTTP/1.1" 200 11720 "http://www.tcnj.edu/~neff/c215/c215.html" "Mozilla/4.0 (compatible; MSIE 6.0; Windows NT 5.1; SV1)"
159.91.141.83 - - [11/Feb/2007:23:32:35 -0500] "GET /~depasqua/csc230/ HTTP/1.1" 200 1237 "-" "Mozilla/5.0 (Windows; U; Windows NT 5.1; en-US; rv:1.8.1.1) Gecko/20061204 Firefox/2.0.0.1"
159.91.141.83 - - [11/Feb/2007:23:32:35 -0500] "GET / HTTP/1.1" 200 11720 "-" "Mozilla/5.0 (Windows; U; Windows NT 5.1; en-US; rv:1.8.1.1) Gecko/20061204 Firefox/2.0.0.1"
159.91.141.83 - - [11/Feb/2007:23:34:23 -0500] "GET /newsletters.php HTTP/1.1" 200 7443 "http://cs.tcnj.edu/index.php" "Mozilla/5.0 (Windows; U; Windows NT 5.1; en-US; rv:1.8.1.1) Gecko/20061204 Firefox/2.0.0.1"
159.91.141.83 - - [11/Feb/2007:23:34:28 -0500] "GET /facilities.php HTTP/1.1" 200 8015 "http://cs.tcnj.edu/newsletters.php" "Mozilla/5.0 (Windows; U; Windows NT 5.1; en-US; rv:1.8.1.1) Gecko/20061204 Firefox/2.0.0.1"
159.91.141.83 - - [11/Feb/2007:23:34:28 -0500] "GET /images/facilities.jpg HTTP/1.1" 200 78657 "http://cs.tcnj.edu/facilities.php" "Mozilla/5.0 (Windows; U; Windows NT 5.1; en-US; rv:1.8.1.1) Gecko/20061204 Firefox/2.0.0.1"
159.91.141.83 - - [11/Feb/2007:23:34:35 -0500] "GET /facilities.php?id=1 HTTP/1.1" 200 7832 "http://cs.tcnj.edu/facilities.php" "Mozilla/5.0 (Windows; U; Windows NT 5.1; en-US; rv:1.8.1.1) Gecko/20061204 Firefox/2.0.0.1"
