159.91.64.138 - - [11/Feb/2007:17:16:56 -0500] "GET /gallery/d/903-2/Children_12.jpg HTTP/1.1" 200 55257 "http://cs.tcnj.edu/gallery/v/events/childrenToWork05/Children_12.jpg.html" "Mozilla/5.0 (Windows; U; Windows NT 5.1; en-US; rv:1.8.1.1) Gecko/20061204 Firefox/2.0.0.1"
159.91.64.138 - - [11/Feb/2007:17:16:58 -0500] "GET /gallery/d/1225-2/P4220010_001.JPG HTTP/1.1" 200 6794 "http://cs.tcnj.edu/gallery/v/events/album02/digitalfortress/finalfrag06/188.jpg.html" "Mozilla/5.0 (Windows; U; Windows NT 5.1; en-US; rv:1.8.1.1) Gecko/20061204 Firefox/2.0.0.1"
159.91.64.138 - - [11/Feb/2007:17:16:58 -0500] "GET /gallery/v/events/album02/digitalfortress/finalfrag06/188.jpg.html HTTP/1.1" 200 12996 "http://cs.tcnj.edu/gallery/v/events/childrenToWork05/Children_12.jpg.html" "Mozilla/5.0 (Windows; U; Windows NT 5.1; en-US; rv:1.8.1.1) Gecko/20061204 Firefox/2.0.0.1"
159.91.64.138 - - [11/Feb/2007:17:16:59 -0500] "GET /gallery/d/1941-2/188.jpg HTTP/1.1" 200 36498 "http://cs.tcnj.edu/gallery/v/events/album02/digitalfortress/finalfrag06/188.jpg.html" "Mozilla/5.0 (Windows; U; Windows NT 5.1; en-US; rv:1.8.1.1) Gecko/20061204 Firefox/2.0.0.1"
159.91.64.138 - - [11/Feb/2007:17:16:59 -0500] "GET /gallery/v/events/album02/contests/contest2006/P4220010_001.JPG.html HTTP/1.1" 200 15004 "http://cs.tcnj.edu/gallery/v/events/album02/digitalfortress/finalfrag06/188.jpg.html" "Mozilla/5.0 (Windows; U; Windows NT 5.1; en-US; rv:1.8.1.1) Gecko/20061204 Firefox/2.0.0.1"
159.91.64.138 - - [11/Feb/2007:17:17:00 -0500] "GET /gallery/d/1394-2/Library+-+031.jpg HTTP/1.1" 200 10447 "http://cs.tcnj.edu/gallery/v/events/album02/contests/contest2006/P4220010_001.JPG.html" "Mozilla/5.0 (Windows; U; Windows NT 5.1; en-US; rv:1.8.1.1) Gecko/20061204 Firefox/2.0.0.1"
159.91.64.138 - - [11/Feb/2007:17:17:00 -0500] "GET /gallery/d/1224-2/P4220010_001.JPG HTTP/1.1" 200 48723 "http://cs.tcnj.edu/gallery/v/events/album02/contests/contest2006/P4220010_001.JPG.html" "Mozilla/5.0 (Windows; U; Windows NT 5.1; en-US; rv:1.8.1.1) Gecko/20061204 Firefox/2.0.0.1"
159.91.64.138 - - [11/Feb/2007:17:17:02 -0500] "GET /gallery/d/490-2/SURP_CS_15.jpg HTTP/1.1" 200 7793 "http://cs.tcnj.edu/gallery/v/events/album02/osgn/Library+-+031.jpg.html" "Mozilla/5.0 (Windows; U; Windows NT 5.1; en-US; rv:1.8.1.1) Gecko/20061204 Firefox/2.0.0.1"
159.91.64.138 - - [11/Feb/2007:17:17:02 -0500] "GET /gallery/v/events/album02/osgn/Library+-+031.jpg.html HTTP/1.1" 200 13462 "http://cs.tcnj.edu/gallery/v/events/album02/contests/contest2006/P4220010_001.JPG.html" "Mozilla/5.0 (Windows; U; Windows NT 5.1; en-US; rv:1.8.1.1) Gecko/20061204 Firefox/2.0.0.1"
159.91.64.138 - - [11/Feb/2007:17:17:03 -0500] "GET /gallery/d/1393-1/Library+-+031.jpg HTTP/1.1" 200 192580 "http://cs.tcnj.edu/gallery/v/events/album02/osgn/Library+-+031.jpg.html" "Mozilla/5.0 (Windows; U; Windows NT 5.1; en-US; rv:1.8.1.1) Gecko/20061204 Firefox/2.0.0.1"
159.91.64.138 - - [11/Feb/2007:17:17:05 -0500] "GET /gallery/d/1783-2/127.jpg HTTP/1.1" 200 9201 "http://cs.tcnj.edu/gallery/v/presentations/surp-cs-05/SURP_CS_15.jpg.html" "Mozilla/5.0 (Windows; U; Windows NT 5.1; en-US; rv:1.8.1.1) Gecko/20061204 Firefox/2.0.0.1"
159.91.64.138 - - [11/Feb/2007:17:17:04 -0500] "GET /gallery/v/presentations/surp-cs-05/SURP_CS_15.jpg.html HTTP/1.1" 200 15359 "http://cs.tcnj.edu/gallery/v/events/album02/osgn/Library+-+031.jpg.html" "Mozilla/5.0 (Windows; U; Windows NT 5.1; en-US; rv:1.8.1.1) Gecko/20061204 Firefox/2.0.0.1"
159.91.64.138 - - [11/Feb/2007:17:17:05 -0500] "GET /gallery/d/491-2/SURP_CS_15.jpg HTTP/1.1" 200 40581 "http://cs.tcnj.edu/gallery/v/presentations/surp-cs-05/SURP_CS_15.jpg.html" "Mozilla/5.0 (Windows; U; Windows NT 5.1; en-US; rv:1.8.1.1) Gecko/20061204 Firefox/2.0.0.1"
159.91.23.219 - - [11/Feb/2007:17:17:06 -0500] "GET /~depasqua/csc230 HTTP/1.1" 301 455 "-" "Mozilla/5.0 (X11; U; Linux x86_64; en-US; rv:1.7.13) Gecko/20060414 Red Hat/1.7.13-1.1.3.1"
159.91.23.219 - - [11/Feb/2007:17:17:06 -0500] "GET /~depasqua/csc230/ HTTP/1.1" 200 1245 "-" "Mozilla/5.0 (X11; U; Linux x86_64; en-US; rv:1.7.13) Gecko/20060414 Red Hat/1.7.13-1.1.3.1"
159.91.23.219 - - [11/Feb/2007:17:17:06 -0500] "GET /icons/blank.png HTTP/1.1" 200 153 "http://depasquale.tcnj.edu/~depasqua/csc230/" "Mozilla/5.0 (X11; U; Linux x86_64; en-US; rv:1.7.13) Gecko/20060414 Red Hat/1.7.13-1.1.3.1"
159.91.23.219 - - [11/Feb/2007:17:17:06 -0500] "GET /icons/back.png HTTP/1.1" 200 243 "http://depasquale.tcnj.edu/~depasqua/csc230/" "Mozilla/5.0 (X11; U; Linux x86_64; en-US; rv:1.7.13) Gecko/20060414 Red Hat/1.7.13-1.1.3.1"
159.91.23.219 - - [11/Feb/2007:17:17:06 -0500] "GET /icons/folder.png HTTP/1.1" 200 230 "http://depasquale.tcnj.edu/~depasqua/csc230/" "Mozilla/5.0 (X11; U; Linux x86_64; en-US; rv:1.7.13) Gecko/20060414 Red Hat/1.7.13-1.1.3.1"
159.91.23.219 - - [11/Feb/2007:17:17:11 -0500] "GET /~depasqua/csc230/java%20foundations%201e/ HTTP/1.1" 200 3285 "http://depasquale.tcnj.edu/~depasqua/csc230/" "Mozilla/5.0 (X11; U; Linux x86_64; en-US; rv:1.7.13) Gecko/20060414 Red Hat/1.7.13-1.1.3.1"
159.91.23.219 - - [11/Feb/2007:17:17:11 -0500] "GET /icons/text.png HTTP/1.1" 200 231 "http://depasquale.tcnj.edu/~depasqua/csc230/java%20foundations%201e/" "Mozilla/5.0 (X11; U; Linux x86_64; en-US; rv:1.7.13) Gecko/20060414 Red Hat/1.7.13-1.1.3.1"
159.91.64.138 - - [11/Feb/2007:17:17:11 -0500] "GET /gallery/d/820-2/DSC00811_JPG.jpg HTTP/1.1" 200 5617 "http://cs.tcnj.edu/gallery/v/events/album02/digitalfortress/finalfrag06/127.jpg.html" "Mozilla/5.0 (Windows; U; Windows NT 5.1; en-US; rv:1.8.1.1) Gecko/20061204 Firefox/2.0.0.1"
159.91.64.138 - - [11/Feb/2007:17:17:10 -0500] "GET /gallery/v/events/album02/digitalfortress/finalfrag06/127.jpg.html HTTP/1.1" 200 12932 "http://cs.tcnj.edu/gallery/v/presentations/surp-cs-05/SURP_CS_15.jpg.html" "Mozilla/5.0 (Windows; U; Windows NT 5.1; en-US; rv:1.8.1.1) Gecko/20061204 Firefox/2.0.0.1"
159.91.64.138 - - [11/Feb/2007:17:17:11 -0500] "GET /gallery/d/1782-2/127.jpg HTTP/1.1" 200 51617 "http://cs.tcnj.edu/gallery/v/events/album02/digitalfortress/finalfrag06/127.jpg.html" "Mozilla/5.0 (Windows; U; Windows NT 5.1; en-US; rv:1.8.1.1) Gecko/20061204 Firefox/2.0.0.1"
159.91.23.219 - - [11/Feb/2007:17:17:12 -0500] "GET /~depasqua/csc230/java%20foundations%201e/chap11/ HTTP/1.1" 200 1375 "http://depasquale.tcnj.edu/~depasqua/csc230/java%20foundations%201e/" "Mozilla/5.0 (X11; U; Linux x86_64; en-US; rv:1.7.13) Gecko/20060414 Red Hat/1.7.13-1.1.3.1"
159.91.23.219 - - [11/Feb/2007:17:17:12 -0500] "GET /icons/unknown.png HTTP/1.1" 200 250 "http://depasquale.tcnj.edu/~depasqua/csc230/java%20foundations%201e/chap11/" "Mozilla/5.0 (X11; U; Linux x86_64; en-US; rv:1.7.13) Gecko/20060414 Red Hat/1.7.13-1.1.3.1"
159.91.64.138 - - [11/Feb/2007:17:17:13 -0500] "GET /gallery/d/432-2/Poster_Presentations_14.jpg HTTP/1.1" 200 7313 "http://cs.tcnj.edu/gallery/v/events/album03/upeInductions04/DSC00811_JPG.jpg.html" "Mozilla/5.0 (Windows; U; Windows NT 5.1; en-US; rv:1.8.1.1) Gecko/20061204 Firefox/2.0.0.1"
159.91.64.138 - - [11/Feb/2007:17:17:12 -0500] "GET /gallery/v/events/album03/upeInductions04/DSC00811_JPG.jpg.html HTTP/1.1" 200 13916 "http://cs.tcnj.edu/gallery/v/events/album02/digitalfortress/finalfrag06/127.jpg.html" "Mozilla/5.0 (Windows; U; Windows NT 5.1; en-US; rv:1.8.1.1) Gecko/20061204 Firefox/2.0.0.1"
159.91.64.138 - - [11/Feb/2007:17:17:13 -0500] "GET /gallery/d/819-2/DSC00811_JPG.jpg HTTP/1.1" 200 61155 "http://cs.tcnj.edu/gallery/v/events/album03/upeInductions04/DSC00811_JPG.jpg.html" "Mozilla/5.0 (Windows; U; Windows NT 5.1; en-US; rv:1.8.1.1) Gecko/20061204 Firefox/2.0.0.1"
159.91.64.138 - - [11/Feb/2007:17:17:15 -0500] "GET /gallery/d/1807-2/140.jpg HTTP/1.1" 200 13135 "http://cs.tcnj.edu/gallery/v/presentations/album06/Poster_Presentations_14.jpg.html" "Mozilla/5.0 (Windows; U; Windows NT 5.1; en-US; rv:1.8.1.1) Gecko/20061204 Firefox/2.0.0.1"
159.91.64.138 - - [11/Feb/2007:17:17:14 -0500] "GET /gallery/v/presentations/album06/Poster_Presentations_14.jpg.html HTTP/1.1" 200 14172 "http://cs.tcnj.edu/gallery/v/events/album03/upeInductions04/DSC00811_JPG.jpg.html" "Mozilla/5.0 (Windows; U; Windows NT 5.1; en-US; rv:1.8.1.1) Gecko/20061204 Firefox/2.0.0.1"
159.91.64.138 - - [11/Feb/2007:17:17:15 -0500] "GET /gallery/d/433-2/Poster_Presentations_14.jpg HTTP/1.1" 200 47675 "http://cs.tcnj.edu/gallery/v/presentations/album06/Poster_Presentations_14.jpg.html" "Mozilla/5.0 (Windows; U; Windows NT 5.1; en-US; rv:1.8.1.1) Gecko/20061204 Firefox/2.0.0.1"
159.91.23.219 - - [11/Feb/2007:17:17:16 -0500] "GET /~depasqua/csc230/java%20software%20structures%202e/ HTTP/1.1" 200 2440 "http://depasquale.tcnj.edu/~depasqua/csc230/" "Mozilla/5.0 (X11; U; Linux x86_64; en-US; rv:1.7.13) Gecko/20060414 Red Hat/1.7.13-1.1.3.1"
159.91.64.138 - - [11/Feb/2007:17:17:17 -0500] "GET /gallery/d/1621-2/33.jpg HTTP/1.1" 200 11242 "http://cs.tcnj.edu/gallery/v/events/album02/digitalfortress/finalfrag06/140.jpg.html" "Mozilla/5.0 (Windows; U; Windows NT 5.1; en-US; rv:1.8.1.1) Gecko/20061204 Firefox/2.0.0.1"
159.91.64.138 - - [11/Feb/2007:17:17:16 -0500] "GET /gallery/v/events/album02/digitalfortress/finalfrag06/140.jpg.html HTTP/1.1" 200 12971 "http://cs.tcnj.edu/gallery/v/presentations/album06/Poster_Presentations_14.jpg.html" "Mozilla/5.0 (Windows; U; Windows NT 5.1; en-US; rv:1.8.1.1) Gecko/20061204 Firefox/2.0.0.1"
159.91.64.138 - - [11/Feb/2007:17:17:17 -0500] "GET /gallery/d/1806-2/140.jpg HTTP/1.1" 200 87557 "http://cs.tcnj.edu/gallery/v/events/album02/digitalfortress/finalfrag06/140.jpg.html" "Mozilla/5.0 (Windows; U; Windows NT 5.1; en-US; rv:1.8.1.1) Gecko/20061204 Firefox/2.0.0.1"
159.91.23.219 - - [11/Feb/2007:17:17:17 -0500] "GET /~depasqua/csc230/java%20software%20structures%202e/ch11%20Code/ HTTP/1.1" 200 1465 "http://depasquale.tcnj.edu/~depasqua/csc230/java%20software%20structures%202e/" "Mozilla/5.0 (X11; U; Linux x86_64; en-US; rv:1.7.13) Gecko/20060414 Red Hat/1.7.13-1.1.3.1"
159.91.23.219 - - [11/Feb/2007:17:17:19 -0500] "GET /~depasqua/csc230/java%20software%20structures%202e/ch11%20Code/Contact.java HTTP/1.1" 200 1497 "http://depasquale.tcnj.edu/~depasqua/csc230/java%20software%20structures%202e/ch11%20Code/" "Mozilla/5.0 (X11; U; Linux x86_64; en-US; rv:1.7.13) Gecko/20060414 Red Hat/1.7.13-1.1.3.1"
159.91.64.138 - - [11/Feb/2007:17:17:20 -0500] "GET /gallery/v/events/album02/digitalfortress/november2006/33.jpg.html HTTP/1.1" 200 15023 "http://cs.tcnj.edu/gallery/v/events/album02/digitalfortress/finalfrag06/140.jpg.html" "Mozilla/5.0 (Windows; U; Windows NT 5.1; en-US; rv:1.8.1.1) Gecko/20061204 Firefox/2.0.0.1"
159.91.64.138 - - [11/Feb/2007:17:17:20 -0500] "GET /gallery/d/1620-2/33.jpg HTTP/1.1" 200 83464 "http://cs.tcnj.edu/gallery/v/events/album02/digitalfortress/november2006/33.jpg.html" "Mozilla/5.0 (Windows; U; Windows NT 5.1; en-US; rv:1.8.1.1) Gecko/20061204 Firefox/2.0.0.1"
159.91.64.138 - - [11/Feb/2007:17:17:22 -0500] "GET /gallery/d/66-2/DSC00835.jpg HTTP/1.1" 200 3845 "http://cs.tcnj.edu/gallery/v/events/album02/programmingTeam/2006/IMG_3066.JPG.html" "Mozilla/5.0 (Windows; U; Windows NT 5.1; en-US; rv:1.8.1.1) Gecko/20061204 Firefox/2.0.0.1"
159.91.64.138 - - [11/Feb/2007:17:17:22 -0500] "GET /gallery/v/events/album02/programmingTeam/2006/IMG_3066.JPG.html HTTP/1.1" 200 13891 "http://cs.tcnj.edu/gallery/v/events/album02/digitalfortress/november2006/33.jpg.html" "Mozilla/5.0 (Windows; U; Windows NT 5.1; en-US; rv:1.8.1.1) Gecko/20061204 Firefox/2.0.0.1"
159.91.64.138 - - [11/Feb/2007:17:17:24 -0500] "GET /gallery/v/graduations/graduation04/DSC00835.jpg.html HTTP/1.1" 200 13840 "http://cs.tcnj.edu/gallery/v/events/album02/programmingTeam/2006/IMG_3066.JPG.html" "Mozilla/5.0 (Windows; U; Windows NT 5.1; en-US; rv:1.8.1.1) Gecko/20061204 Firefox/2.0.0.1"
159.91.64.138 - - [11/Feb/2007:17:17:24 -0500] "GET /gallery/d/65-2/DSC00835.jpg HTTP/1.1" 200 62023 "http://cs.tcnj.edu/gallery/v/graduations/graduation04/DSC00835.jpg.html" "Mozilla/5.0 (Windows; U; Windows NT 5.1; en-US; rv:1.8.1.1) Gecko/20061204 Firefox/2.0.0.1"
159.91.23.219 - - [11/Feb/2007:17:17:25 -0500] "GET /~depasqua/csc230/java%20software%20structures%202e/ch11%20Code/SortPhoneList.java HTTP/1.1" 200 1279 "http://depasquale.tcnj.edu/~depasqua/csc230/java%20software%20structures%202e/ch11%20Code/" "Mozilla/5.0 (X11; U; Linux x86_64; en-US; rv:1.7.13) Gecko/20060414 Red Hat/1.7.13-1.1.3.1"
159.91.64.138 - - [11/Feb/2007:17:17:26 -0500] "GET /gallery/d/884-2/Children_06.jpg HTTP/1.1" 200 7670 "http://cs.tcnj.edu/gallery/v/presentations/album05/Fall_04_Research_Presentations_08.jpg.html" "Mozilla/5.0 (Windows; U; Windows NT 5.1; en-US; rv:1.8.1.1) Gecko/20061204 Firefox/2.0.0.1"
159.91.64.138 - - [11/Feb/2007:17:17:26 -0500] "GET /gallery/v/presentations/album05/Fall_04_Research_Presentations_08.jpg.html HTTP/1.1" 200 15148 "http://cs.tcnj.edu/gallery/v/graduations/graduation04/DSC00835.jpg.html" "Mozilla/5.0 (Windows; U; Windows NT 5.1; en-US; rv:1.8.1.1) Gecko/20061204 Firefox/2.0.0.1"
159.91.64.138 - - [11/Feb/2007:17:17:28 -0500] "GET /gallery/d/502-2/SURP_CS_19.jpg HTTP/1.1" 200 8081 "http://cs.tcnj.edu/gallery/v/events/childrenToWork05/Children_06.jpg.html" "Mozilla/5.0 (Windows; U; Windows NT 5.1; en-US; rv:1.8.1.1) Gecko/20061204 Firefox/2.0.0.1"
159.91.64.138 - - [11/Feb/2007:17:17:28 -0500] "GET /gallery/v/events/childrenToWork05/Children_06.jpg.html HTTP/1.1" 200 14241 "http://cs.tcnj.edu/gallery/v/presentations/album05/Fall_04_Research_Presentations_08.jpg.html" "Mozilla/5.0 (Windows; U; Windows NT 5.1; en-US; rv:1.8.1.1) Gecko/20061204 Firefox/2.0.0.1"
159.91.64.138 - - [11/Feb/2007:17:17:28 -0500] "GET /gallery/d/885-2/Children_06.jpg HTTP/1.1" 200 52713 "http://cs.tcnj.edu/gallery/v/events/childrenToWork05/Children_06.jpg.html" "Mozilla/5.0 (Windows; U; Windows NT 5.1; en-US; rv:1.8.1.1) Gecko/20061204 Firefox/2.0.0.1"
159.91.64.138 - - [11/Feb/2007:17:17:30 -0500] "GET /gallery/d/314-2/Graduation_2005_38.jpg HTTP/1.1" 200 8829 "http://cs.tcnj.edu/gallery/v/presentations/surp-cs-05/SURP_CS_19.jpg.html" "Mozilla/5.0 (Windows; U; Windows NT 5.1; en-US; rv:1.8.1.1) Gecko/20061204 Firefox/2.0.0.1"
159.91.64.138 - - [11/Feb/2007:17:17:29 -0500] "GET /gallery/v/presentations/surp-cs-05/SURP_CS_19.jpg.html HTTP/1.1" 200 14938 "http://cs.tcnj.edu/gallery/v/events/childrenToWork05/Children_06.jpg.html" "Mozilla/5.0 (Windows; U; Windows NT 5.1; en-US; rv:1.8.1.1) Gecko/20061204 Firefox/2.0.0.1"
159.91.64.138 - - [11/Feb/2007:17:17:30 -0500] "GET /gallery/d/503-2/SURP_CS_19.jpg HTTP/1.1" 200 49664 "http://cs.tcnj.edu/gallery/v/presentations/surp-cs-05/SURP_CS_19.jpg.html" "Mozilla/5.0 (Windows; U; Windows NT 5.1; en-US; rv:1.8.1.1) Gecko/20061204 Firefox/2.0.0.1"
84.109.61.46 - - [11/Feb/2007:17:17:33 -0500] "GET /gallery/main.php?g2_view=comment.AddComment&g2_itemId=664&g2_return=http://cs.tcnj.edu/gallery/v/events/album02/contests/programmingContest05/?g2_page=2&g2_GALLERYSID=062d1df5839569d3028e4a39ac0dd0de&g2_returnName=album HTTP/1.0" 200 11943 "-" "Mozilla/4.0 (compatible; MSIE 6.0; Windows NT 5.1)"
84.109.61.46 - - [11/Feb/2007:17:17:41 -0500] "POST /gallery/main.php?g2_GALLERYSID=062d1df5839569d3028e4a39ac0dd0de HTTP/1.0" 302 - "http://cs.tcnj.edu/gallery/main.php?g2_view=comment.AddComment&g2_itemId=664&g2_return=http://cs.tcnj.edu/gallery/v/events/album02/contests/programmingContest05/?g2_page=2&g2_GALLERYSID=062d1df5839569d3028e4a39ac0dd0de&g2_returnName=album" "Mozilla/4.0 (compatible; MSIE 6.0; Windows NT 5.1)"
159.91.64.138 - - [11/Feb/2007:17:17:43 -0500] "GET /gallery/d/917-2/Children_17.jpg HTTP/1.1" 200 3663 "http://cs.tcnj.edu/gallery/v/presentations/surp-cs-05/SURP_CS_19.jpg.html" "Mozilla/5.0 (Windows; U; Windows NT 5.1; en-US; rv:1.8.1.1) Gecko/20061204 Firefox/2.0.0.1"
159.91.64.138 - - [11/Feb/2007:17:17:42 -0500] "GET /gallery/v/presentations/surp-cs-05/SURP_CS_19.jpg.html HTTP/1.1" 200 14916 "http://cs.tcnj.edu/gallery/v/events/childrenToWork05/Children_06.jpg.html" "Mozilla/5.0 (Windows; U; Windows NT 5.1; en-US; rv:1.8.1.1) Gecko/20061204 Firefox/2.0.0.1"
159.91.64.138 - - [11/Feb/2007:17:17:48 -0500] "GET /gallery/d/1930-2/183.jpg HTTP/1.1" 200 7452 "http://cs.tcnj.edu/gallery/v/events/childrenToWork05/Children_17.jpg.html" "Mozilla/5.0 (Windows; U; Windows NT 5.1; en-US; rv:1.8.1.1) Gecko/20061204 Firefox/2.0.0.1"
159.91.64.138 - - [11/Feb/2007:17:17:48 -0500] "GET /gallery/v/events/childrenToWork05/Children_17.jpg.html HTTP/1.1" 200 14302 "http://cs.tcnj.edu/gallery/v/presentations/surp-cs-05/SURP_CS_19.jpg.html" "Mozilla/5.0 (Windows; U; Windows NT 5.1; en-US; rv:1.8.1.1) Gecko/20061204 Firefox/2.0.0.1"
159.91.64.138 - - [11/Feb/2007:17:17:49 -0500] "GET /gallery/d/918-2/Children_17.jpg HTTP/1.1" 200 37003 "http://cs.tcnj.edu/gallery/v/events/childrenToWork05/Children_17.jpg.html" "Mozilla/5.0 (Windows; U; Windows NT 5.1; en-US; rv:1.8.1.1) Gecko/20061204 Firefox/2.0.0.1"
84.109.61.46 - - [11/Feb/2007:17:17:46 -0500] "GET /gallery/v/events/album02/contests/programmingContest05/?g2_page=2&g2_fromNavId=xcdf0ad42 HTTP/1.0" 200 16059 "http://cs.tcnj.edu/gallery/main.php?g2_view=comment.AddComment&g2_itemId=664&g2_return=http://cs.tcnj.edu/gallery/v/events/album02/contests/programmingContest05/?g2_page=2&g2_GALLERYSID=062d1df5839569d3028e4a39ac0dd0de&g2_returnName=album" "Mozilla/4.0 (compatible; MSIE 6.0; Windows NT 5.1)"
159.91.64.138 - - [11/Feb/2007:17:17:50 -0500] "GET /gallery/d/1747-2/115.jpg HTTP/1.1" 200 10841 "http://cs.tcnj.edu/gallery/v/events/album02/digitalfortress/finalfrag06/183.jpg.html" "Mozilla/5.0 (Windows; U; Windows NT 5.1; en-US; rv:1.8.1.1) Gecko/20061204 Firefox/2.0.0.1"
159.91.64.138 - - [11/Feb/2007:17:17:50 -0500] "GET /gallery/v/events/album02/digitalfortress/finalfrag06/183.jpg.html HTTP/1.1" 200 12974 "http://cs.tcnj.edu/gallery/v/events/childrenToWork05/Children_17.jpg.html" "Mozilla/5.0 (Windows; U; Windows NT 5.1; en-US; rv:1.8.1.1) Gecko/20061204 Firefox/2.0.0.1"
159.91.64.138 - - [11/Feb/2007:17:17:50 -0500] "GET /gallery/d/1929-2/183.jpg HTTP/1.1" 200 48251 "http://cs.tcnj.edu/gallery/v/events/album02/digitalfortress/finalfrag06/183.jpg.html" "Mozilla/5.0 (Windows; U; Windows NT 5.1; en-US; rv:1.8.1.1) Gecko/20061204 Firefox/2.0.0.1"
159.91.64.138 - - [11/Feb/2007:17:17:57 -0500] "GET /gallery/v/events/childrenToWork05/Children_17.jpg.html HTTP/1.1" 200 14302 "http://cs.tcnj.edu/gallery/v/presentations/surp-cs-05/SURP_CS_19.jpg.html" "Mozilla/5.0 (Windows; U; Windows NT 5.1; en-US; rv:1.8.1.1) Gecko/20061204 Firefox/2.0.0.1"
159.91.64.138 - - [11/Feb/2007:17:17:58 -0500] "GET /gallery/d/1885-2/167.jpg HTTP/1.1" 200 10758 "http://cs.tcnj.edu/gallery/v/events/childrenToWork05/Children_17.jpg.html" "Mozilla/5.0 (Windows; U; Windows NT 5.1; en-US; rv:1.8.1.1) Gecko/20061204 Firefox/2.0.0.1"
159.91.64.138 - - [11/Feb/2007:17:17:59 -0500] "GET /gallery/d/713-2/Programming_Contest_14.jpg HTTP/1.1" 200 7013 "http://cs.tcnj.edu/gallery/v/events/album02/digitalfortress/finalfrag06/167.jpg.html" "Mozilla/5.0 (Windows; U; Windows NT 5.1; en-US; rv:1.8.1.1) Gecko/20061204 Firefox/2.0.0.1"
159.91.64.138 - - [11/Feb/2007:17:17:59 -0500] "GET /gallery/v/events/album02/digitalfortress/finalfrag06/167.jpg.html HTTP/1.1" 200 12976 "http://cs.tcnj.edu/gallery/v/events/childrenToWork05/Children_17.jpg.html" "Mozilla/5.0 (Windows; U; Windows NT 5.1; en-US; rv:1.8.1.1) Gecko/20061204 Firefox/2.0.0.1"
159.91.64.138 - - [11/Feb/2007:17:18:00 -0500] "GET /gallery/d/1884-2/167.jpg HTTP/1.1" 200 79880 "http://cs.tcnj.edu/gallery/v/events/album02/digitalfortress/finalfrag06/167.jpg.html" "Mozilla/5.0 (Windows; U; Windows NT 5.1; en-US; rv:1.8.1.1) Gecko/20061204 Firefox/2.0.0.1"
159.91.64.138 - - [11/Feb/2007:17:18:15 -0500] "GET /gallery/d/1825-2/147.jpg HTTP/1.1" 200 12802 "http://cs.tcnj.edu/gallery/v/events/album02/contests/programmingContest05/Programming_Contest_14.jpg.html" "Mozilla/5.0 (Windows; U; Windows NT 5.1; en-US; rv:1.8.1.1) Gecko/20061204 Firefox/2.0.0.1"
159.91.64.138 - - [11/Feb/2007:17:18:14 -0500] "GET /gallery/v/events/album02/contests/programmingContest05/Programming_Contest_14.jpg.html HTTP/1.1" 200 15575 "http://cs.tcnj.edu/gallery/v/events/album02/digitalfortress/finalfrag06/167.jpg.html" "Mozilla/5.0 (Windows; U; Windows NT 5.1; en-US; rv:1.8.1.1) Gecko/20061204 Firefox/2.0.0.1"
159.91.64.138 - - [11/Feb/2007:17:18:15 -0500] "GET /gallery/d/714-2/Programming_Contest_14.jpg HTTP/1.1" 200 59094 "http://cs.tcnj.edu/gallery/v/events/album02/contests/programmingContest05/Programming_Contest_14.jpg.html" "Mozilla/5.0 (Windows; U; Windows NT 5.1; en-US; rv:1.8.1.1) Gecko/20061204 Firefox/2.0.0.1"
159.91.64.138 - - [11/Feb/2007:17:18:16 -0500] "GET /gallery/d/1080-2/P4020005.JPG HTTP/1.1" 200 10525 "http://cs.tcnj.edu/gallery/v/events/album02/digitalfortress/finalfrag06/147.jpg.html" "Mozilla/5.0 (Windows; U; Windows NT 5.1; en-US; rv:1.8.1.1) Gecko/20061204 Firefox/2.0.0.1"
159.91.64.138 - - [11/Feb/2007:17:18:16 -0500] "GET /gallery/v/events/album02/digitalfortress/finalfrag06/147.jpg.html HTTP/1.1" 200 12984 "http://cs.tcnj.edu/gallery/v/events/album02/contests/programmingContest05/Programming_Contest_14.jpg.html" "Mozilla/5.0 (Windows; U; Windows NT 5.1; en-US; rv:1.8.1.1) Gecko/20061204 Firefox/2.0.0.1"
159.91.64.138 - - [11/Feb/2007:17:18:17 -0500] "GET /gallery/d/1824-2/147.jpg HTTP/1.1" 200 104836 "http://cs.tcnj.edu/gallery/v/events/album02/digitalfortress/finalfrag06/147.jpg.html" "Mozilla/5.0 (Windows; U; Windows NT 5.1; en-US; rv:1.8.1.1) Gecko/20061204 Firefox/2.0.0.1"
159.91.64.138 - - [11/Feb/2007:17:18:19 -0500] "GET /gallery/d/1954-2/192.jpg HTTP/1.1" 200 11181 "http://cs.tcnj.edu/gallery/v/events/album03/upeInduction2006/P4020005.JPG.html" "Mozilla/5.0 (Windows; U; Windows NT 5.1; en-US; rv:1.8.1.1) Gecko/20061204 Firefox/2.0.0.1"
159.91.64.138 - - [11/Feb/2007:17:18:19 -0500] "GET /gallery/v/events/album03/upeInduction2006/P4020005.JPG.html HTTP/1.1" 200 14560 "http://cs.tcnj.edu/gallery/v/events/album02/digitalfortress/finalfrag06/147.jpg.html" "Mozilla/5.0 (Windows; U; Windows NT 5.1; en-US; rv:1.8.1.1) Gecko/20061204 Firefox/2.0.0.1"
159.91.64.138 - - [11/Feb/2007:17:18:20 -0500] "GET /gallery/d/1081-2/P4020005.JPG HTTP/1.1" 200 73248 "http://cs.tcnj.edu/gallery/v/events/album03/upeInduction2006/P4020005.JPG.html" "Mozilla/5.0 (Windows; U; Windows NT 5.1; en-US; rv:1.8.1.1) Gecko/20061204 Firefox/2.0.0.1"
159.91.64.138 - - [11/Feb/2007:17:18:22 -0500] "GET /gallery/d/1264-2/P4220023.JPG HTTP/1.1" 200 7474 "http://cs.tcnj.edu/gallery/v/events/album02/digitalfortress/finalfrag06/192.jpg.html" "Mozilla/5.0 (Windows; U; Windows NT 5.1; en-US; rv:1.8.1.1) Gecko/20061204 Firefox/2.0.0.1"
159.91.64.138 - - [11/Feb/2007:17:18:21 -0500] "GET /gallery/v/events/album02/digitalfortress/finalfrag06/192.jpg.html HTTP/1.1" 200 12988 "http://cs.tcnj.edu/gallery/v/events/album03/upeInduction2006/P4020005.JPG.html" "Mozilla/5.0 (Windows; U; Windows NT 5.1; en-US; rv:1.8.1.1) Gecko/20061204 Firefox/2.0.0.1"
159.91.64.138 - - [11/Feb/2007:17:18:22 -0500] "GET /gallery/d/1953-2/192.jpg HTTP/1.1" 200 71857 "http://cs.tcnj.edu/gallery/v/events/album02/digitalfortress/finalfrag06/192.jpg.html" "Mozilla/5.0 (Windows; U; Windows NT 5.1; en-US; rv:1.8.1.1) Gecko/20061204 Firefox/2.0.0.1"
159.91.64.138 - - [11/Feb/2007:17:18:28 -0500] "GET /gallery/d/1243-2/P4220016_001.JPG HTTP/1.1" 200 9755 "http://cs.tcnj.edu/gallery/v/events/album02/contests/contest2006/P4220023.JPG.html" "Mozilla/5.0 (Windows; U; Windows NT 5.1; en-US; rv:1.8.1.1) Gecko/20061204 Firefox/2.0.0.1"
159.91.64.138 - - [11/Feb/2007:17:18:28 -0500] "GET /gallery/v/events/album02/contests/contest2006/P4220023.JPG.html HTTP/1.1" 200 14336 "http://cs.tcnj.edu/gallery/v/events/album02/digitalfortress/finalfrag06/192.jpg.html" "Mozilla/5.0 (Windows; U; Windows NT 5.1; en-US; rv:1.8.1.1) Gecko/20061204 Firefox/2.0.0.1"
159.91.64.138 - - [11/Feb/2007:17:18:29 -0500] "GET /gallery/d/1263-2/P4220023.JPG HTTP/1.1" 200 58128 "http://cs.tcnj.edu/gallery/v/events/album02/contests/contest2006/P4220023.JPG.html" "Mozilla/5.0 (Windows; U; Windows NT 5.1; en-US; rv:1.8.1.1) Gecko/20061204 Firefox/2.0.0.1"
159.91.64.138 - - [11/Feb/2007:17:18:31 -0500] "GET /gallery/d/1945-2/189.jpg HTTP/1.1" 200 6215 "http://cs.tcnj.edu/gallery/v/events/album02/contests/contest2006/P4220016_001.JPG.html" "Mozilla/5.0 (Windows; U; Windows NT 5.1; en-US; rv:1.8.1.1) Gecko/20061204 Firefox/2.0.0.1"
159.91.64.138 - - [11/Feb/2007:17:18:30 -0500] "GET /gallery/v/events/album02/contests/contest2006/P4220016_001.JPG.html HTTP/1.1" 200 15026 "http://cs.tcnj.edu/gallery/v/events/album02/contests/contest2006/P4220023.JPG.html" "Mozilla/5.0 (Windows; U; Windows NT 5.1; en-US; rv:1.8.1.1) Gecko/20061204 Firefox/2.0.0.1"
159.91.64.138 - - [11/Feb/2007:17:18:31 -0500] "GET /gallery/d/1242-2/P4220016_001.JPG HTTP/1.1" 200 64410 "http://cs.tcnj.edu/gallery/v/events/album02/contests/contest2006/P4220016_001.JPG.html" "Mozilla/5.0 (Windows; U; Windows NT 5.1; en-US; rv:1.8.1.1) Gecko/20061204 Firefox/2.0.0.1"
159.91.64.138 - - [11/Feb/2007:17:18:32 -0500] "GET /gallery/v/events/album02/digitalfortress/finalfrag06/189.jpg.html HTTP/1.1" 200 12995 "http://cs.tcnj.edu/gallery/v/events/album02/contests/contest2006/P4220016_001.JPG.html" "Mozilla/5.0 (Windows; U; Windows NT 5.1; en-US; rv:1.8.1.1) Gecko/20061204 Firefox/2.0.0.1"
159.91.64.138 - - [11/Feb/2007:17:18:33 -0500] "GET /gallery/d/112-2/DSC00858.jpg HTTP/1.1" 200 6117 "http://cs.tcnj.edu/gallery/v/events/album02/digitalfortress/finalfrag06/189.jpg.html" "Mozilla/5.0 (Windows; U; Windows NT 5.1; en-US; rv:1.8.1.1) Gecko/20061204 Firefox/2.0.0.1"
159.91.64.138 - - [11/Feb/2007:17:18:33 -0500] "GET /gallery/d/1944-2/189.jpg HTTP/1.1" 200 42367 "http://cs.tcnj.edu/gallery/v/events/album02/digitalfortress/finalfrag06/189.jpg.html" "Mozilla/5.0 (Windows; U; Windows NT 5.1; en-US; rv:1.8.1.1) Gecko/20061204 Firefox/2.0.0.1"
159.91.64.138 - - [11/Feb/2007:17:18:34 -0500] "GET /gallery/d/1681-2/PB162742.jpg HTTP/1.1" 200 10404 "http://cs.tcnj.edu/gallery/v/graduations/graduation04/DSC00858.jpg.html" "Mozilla/5.0 (Windows; U; Windows NT 5.1; en-US; rv:1.8.1.1) Gecko/20061204 Firefox/2.0.0.1"
159.91.64.138 - - [11/Feb/2007:17:18:33 -0500] "GET /gallery/v/graduations/graduation04/DSC00858.jpg.html HTTP/1.1" 200 13612 "http://cs.tcnj.edu/gallery/v/events/album02/digitalfortress/finalfrag06/189.jpg.html" "Mozilla/5.0 (Windows; U; Windows NT 5.1; en-US; rv:1.8.1.1) Gecko/20061204 Firefox/2.0.0.1"
159.91.64.138 - - [11/Feb/2007:17:18:34 -0500] "GET /gallery/d/111-2/DSC00858.jpg HTTP/1.1" 200 64040 "http://cs.tcnj.edu/gallery/v/graduations/graduation04/DSC00858.jpg.html" "Mozilla/5.0 (Windows; U; Windows NT 5.1; en-US; rv:1.8.1.1) Gecko/20061204 Firefox/2.0.0.1"
159.91.64.138 - - [11/Feb/2007:17:18:37 -0500] "GET /gallery/d/1645-2/41.jpg HTTP/1.1" 200 12344 "http://cs.tcnj.edu/gallery/v/events/album02/game-a-thon/PB162742.jpg.html" "Mozilla/5.0 (Windows; U; Windows NT 5.1; en-US; rv:1.8.1.1) Gecko/20061204 Firefox/2.0.0.1"
159.91.64.138 - - [11/Feb/2007:17:18:36 -0500] "GET /gallery/v/events/album02/game-a-thon/PB162742.jpg.html HTTP/1.1" 200 14016 "http://cs.tcnj.edu/gallery/v/graduations/graduation04/DSC00858.jpg.html" "Mozilla/5.0 (Windows; U; Windows NT 5.1; en-US; rv:1.8.1.1) Gecko/20061204 Firefox/2.0.0.1"
159.91.64.138 - - [11/Feb/2007:17:18:37 -0500] "GET /gallery/d/1680-1/PB162742.jpg HTTP/1.1" 200 171835 "http://cs.tcnj.edu/gallery/v/events/album02/game-a-thon/PB162742.jpg.html" "Mozilla/5.0 (Windows; U; Windows NT 5.1; en-US; rv:1.8.1.1) Gecko/20061204 Firefox/2.0.0.1"
159.91.23.219 - - [11/Feb/2007:17:18:45 -0500] "GET /~depasqua/csc230/java%20software%20structures%202e/ch11%20Code/SortingAndSearching.java HTTP/1.1" 200 6912 "http://depasquale.tcnj.edu/~depasqua/csc230/java%20software%20structures%202e/ch11%20Code/" "Mozilla/5.0 (X11; U; Linux x86_64; en-US; rv:1.7.13) Gecko/20060414 Red Hat/1.7.13-1.1.3.1"
159.91.64.138 - - [11/Feb/2007:17:18:48 -0500] "GET /gallery/d/136-2/DSC00871.jpg HTTP/1.1" 200 5227 "http://cs.tcnj.edu/gallery/v/events/album02/digitalfortress/november2006/41.jpg.html" "Mozilla/5.0 (Windows; U; Windows NT 5.1; en-US; rv:1.8.1.1) Gecko/20061204 Firefox/2.0.0.1"
159.91.64.138 - - [11/Feb/2007:17:18:47 -0500] "GET /gallery/v/events/album02/digitalfortress/november2006/41.jpg.html HTTP/1.1" 200 15065 "http://cs.tcnj.edu/gallery/v/events/album02/game-a-thon/PB162742.jpg.html" "Mozilla/5.0 (Windows; U; Windows NT 5.1; en-US; rv:1.8.1.1) Gecko/20061204 Firefox/2.0.0.1"
159.91.64.138 - - [11/Feb/2007:17:18:48 -0500] "GET /gallery/d/1644-2/41.jpg HTTP/1.1" 200 90080 "http://cs.tcnj.edu/gallery/v/events/album02/digitalfortress/november2006/41.jpg.html" "Mozilla/5.0 (Windows; U; Windows NT 5.1; en-US; rv:1.8.1.1) Gecko/20061204 Firefox/2.0.0.1"
159.91.64.138 - - [11/Feb/2007:17:18:55 -0500] "GET /gallery/d/1426-2/Library+-+015.jpg HTTP/1.1" 200 5753 "http://cs.tcnj.edu/gallery/v/graduations/graduation04/DSC00871.jpg.html" "Mozilla/5.0 (Windows; U; Windows NT 5.1; en-US; rv:1.8.1.1) Gecko/20061204 Firefox/2.0.0.1"
159.91.64.138 - - [11/Feb/2007:17:18:54 -0500] "GET /gallery/v/graduations/graduation04/DSC00871.jpg.html HTTP/1.1" 200 13625 "http://cs.tcnj.edu/gallery/v/events/album02/digitalfortress/november2006/41.jpg.html" "Mozilla/5.0 (Windows; U; Windows NT 5.1; en-US; rv:1.8.1.1) Gecko/20061204 Firefox/2.0.0.1"
159.91.64.138 - - [11/Feb/2007:17:18:55 -0500] "GET /gallery/d/135-2/DSC00871.jpg HTTP/1.1" 200 62803 "http://cs.tcnj.edu/gallery/v/graduations/graduation04/DSC00871.jpg.html" "Mozilla/5.0 (Windows; U; Windows NT 5.1; en-US; rv:1.8.1.1) Gecko/20061204 Firefox/2.0.0.1"
159.91.64.138 - - [11/Feb/2007:17:18:57 -0500] "GET /gallery/d/1231-2/P4220012.JPG HTTP/1.1" 200 5224 "http://cs.tcnj.edu/gallery/v/events/album02/osgn/Library+-+015.jpg.html" "Mozilla/5.0 (Windows; U; Windows NT 5.1; en-US; rv:1.8.1.1) Gecko/20061204 Firefox/2.0.0.1"
159.91.64.138 - - [11/Feb/2007:17:18:56 -0500] "GET /gallery/v/events/album02/osgn/Library+-+015.jpg.html HTTP/1.1" 200 11971 "http://cs.tcnj.edu/gallery/v/graduations/graduation04/DSC00871.jpg.html" "Mozilla/5.0 (Windows; U; Windows NT 5.1; en-US; rv:1.8.1.1) Gecko/20061204 Firefox/2.0.0.1"
159.91.64.138 - - [11/Feb/2007:17:18:57 -0500] "GET /gallery/d/1425-1/Library+-+015.jpg HTTP/1.1" 200 90775 "http://cs.tcnj.edu/gallery/v/events/album02/osgn/Library+-+015.jpg.html" "Mozilla/5.0 (Windows; U; Windows NT 5.1; en-US; rv:1.8.1.1) Gecko/20061204 Firefox/2.0.0.1"
159.91.64.138 - - [11/Feb/2007:17:18:58 -0500] "GET /gallery/d/1101-2/P4020014.JPG HTTP/1.1" 200 8100 "http://cs.tcnj.edu/gallery/v/events/album02/contests/contest2006/P4220012.JPG.html" "Mozilla/5.0 (Windows; U; Windows NT 5.1; en-US; rv:1.8.1.1) Gecko/20061204 Firefox/2.0.0.1"
159.91.64.138 - - [11/Feb/2007:17:18:58 -0500] "GET /gallery/v/events/album02/contests/contest2006/P4220012.JPG.html HTTP/1.1" 200 14971 "http://cs.tcnj.edu/gallery/v/events/album02/osgn/Library+-+015.jpg.html" "Mozilla/5.0 (Windows; U; Windows NT 5.1; en-US; rv:1.8.1.1) Gecko/20061204 Firefox/2.0.0.1"
159.91.64.138 - - [11/Feb/2007:17:18:58 -0500] "GET /gallery/d/1230-2/P4220012.JPG HTTP/1.1" 200 40611 "http://cs.tcnj.edu/gallery/v/events/album02/contests/contest2006/P4220012.JPG.html" "Mozilla/5.0 (Windows; U; Windows NT 5.1; en-US; rv:1.8.1.1) Gecko/20061204 Firefox/2.0.0.1"
159.91.64.138 - - [11/Feb/2007:17:19:00 -0500] "GET /gallery/d/1201-2/P4220001.JPG HTTP/1.1" 200 9365 "http://cs.tcnj.edu/gallery/v/events/album03/upeInduction2006/P4020014.JPG.html" "Mozilla/5.0 (Windows; U; Windows NT 5.1; en-US; rv:1.8.1.1) Gecko/20061204 Firefox/2.0.0.1"
159.91.64.138 - - [11/Feb/2007:17:18:59 -0500] "GET /gallery/v/events/album03/upeInduction2006/P4020014.JPG.html HTTP/1.1" 200 14621 "http://cs.tcnj.edu/gallery/v/events/album02/contests/contest2006/P4220012.JPG.html" "Mozilla/5.0 (Windows; U; Windows NT 5.1; en-US; rv:1.8.1.1) Gecko/20061204 Firefox/2.0.0.1"
159.91.64.138 - - [11/Feb/2007:17:19:00 -0500] "GET /gallery/d/1102-2/P4020014.JPG HTTP/1.1" 200 66926 "http://cs.tcnj.edu/gallery/v/events/album03/upeInduction2006/P4020014.JPG.html" "Mozilla/5.0 (Windows; U; Windows NT 5.1; en-US; rv:1.8.1.1) Gecko/20061204 Firefox/2.0.0.1"
66.249.65.103 - - [11/Feb/2007:17:19:46 -0500] "GET /gallery/v/presentations/album06/?g2_highlightId=404 HTTP/1.1" 302 - "-" "Mozilla/5.0 (compatible; Googlebot/2.1; +http://www.google.com/bot.html)"
71.230.204.3 - - [11/Feb/2007:17:22:46 -0500] "GET /gallery/main.php?g2_view=slideshow.Slideshow&g2_itemId=1328 HTTP/1.1" 200 18058 "http://www.googlesyndicatedsearch.com/u/tcnj?domains=www.tcnj.edu&sitesearch=www.tcnj.edu&q=graduation+2006&sa=Search" "Mozilla/5.0 (Windows; U; Windows NT 5.1; en-US; rv:1.8.0.9) Gecko/20061206 Firefox/1.5.0.9"
71.230.204.3 - - [11/Feb/2007:17:22:47 -0500] "GET /gallery/modules/icons/iconpacks/paularmstrongdesigns/icons.css HTTP/1.1" 200 6938 "http://cs.tcnj.edu/gallery/main.php?g2_view=slideshow.Slideshow&g2_itemId=1328" "Mozilla/5.0 (Windows; U; Windows NT 5.1; en-US; rv:1.8.0.9) Gecko/20061206 Firefox/1.5.0.9"
71.230.204.3 - - [11/Feb/2007:17:22:47 -0500] "GET /gallery/themes/classic/theme.css HTTP/1.1" 200 13405 "http://cs.tcnj.edu/gallery/main.php?g2_view=slideshow.Slideshow&g2_itemId=1328" "Mozilla/5.0 (Windows; U; Windows NT 5.1; en-US; rv:1.8.0.9) Gecko/20061206 Firefox/1.5.0.9"
71.230.204.3 - - [11/Feb/2007:17:22:47 -0500] "GET /gallery/d/1338-2/P5120001_002.JPG HTTP/1.1" 200 12474 "http://cs.tcnj.edu/gallery/main.php?g2_view=slideshow.Slideshow&g2_itemId=1328" "Mozilla/5.0 (Windows; U; Windows NT 5.1; en-US; rv:1.8.0.9) Gecko/20061206 Firefox/1.5.0.9"
71.230.204.3 - - [11/Feb/2007:17:22:48 -0500] "GET /gallery/d/1341-2/P5120002.JPG HTTP/1.1" 200 9698 "http://cs.tcnj.edu/gallery/main.php?g2_view=slideshow.Slideshow&g2_itemId=1328" "Mozilla/5.0 (Windows; U; Windows NT 5.1; en-US; rv:1.8.0.9) Gecko/20061206 Firefox/1.5.0.9"
71.230.204.3 - - [11/Feb/2007:17:22:48 -0500] "GET /favicon.ico HTTP/1.1" 200 614 "-" "Mozilla/5.0 (Windows; U; Windows NT 5.1; en-US; rv:1.8.0.9) Gecko/20061206 Firefox/1.5.0.9"
71.230.204.3 - - [11/Feb/2007:17:22:47 -0500] "GET /gallery/main.php?g2_view=slideshow.Slideshow&g2_itemId=1328 HTTP/1.1" 200 16016 "http://cs.tcnj.edu/gallery/main.php?g2_view=slideshow.Slideshow&g2_itemId=1328" "Mozilla/5.0 (Windows; U; Windows NT 5.1; en-US; rv:1.8.0.9) Gecko/20061206 Firefox/1.5.0.9"
71.230.204.3 - - [11/Feb/2007:17:22:55 -0500] "GET /gallery/d/1374-2/P5120013.JPG HTTP/1.1" 200 12630 "http://cs.tcnj.edu/gallery/main.php?g2_view=slideshow.Slideshow&g2_itemId=1328" "Mozilla/5.0 (Windows; U; Windows NT 5.1; en-US; rv:1.8.0.9) Gecko/20061206 Firefox/1.5.0.9"
71.230.204.3 - - [11/Feb/2007:17:22:56 -0500] "GET /gallery/d/1371-2/P5120012.JPG HTTP/1.1" 200 11830 "http://cs.tcnj.edu/gallery/main.php?g2_view=slideshow.Slideshow&g2_itemId=1328" "Mozilla/5.0 (Windows; U; Windows NT 5.1; en-US; rv:1.8.0.9) Gecko/20061206 Firefox/1.5.0.9"
71.230.204.3 - - [11/Feb/2007:17:23:01 -0500] "GET /gallery/main.php?g2_view=imageframe.CSS&g2_frames=none%7Cshadow HTTP/1.1" 200 1024 "http://cs.tcnj.edu/gallery/v/graduations/graduation06/" "Mozilla/5.0 (Windows; U; Windows NT 5.1; en-US; rv:1.8.0.9) Gecko/20061206 Firefox/1.5.0.9"
71.230.204.3 - - [11/Feb/2007:17:23:00 -0500] "GET /gallery/v/graduations/graduation06/ HTTP/1.1" 200 31314 "http://www.googlesyndicatedsearch.com/u/tcnj?domains=www.tcnj.edu&sitesearch=www.tcnj.edu&q=graduation+2006&sa=Search" "Mozilla/5.0 (Windows; U; Windows NT 5.1; en-US; rv:1.8.0.9) Gecko/20061206 Firefox/1.5.0.9"
71.230.204.3 - - [11/Feb/2007:17:23:01 -0500] "GET /gallery/images/galleryLogo_sm.gif HTTP/1.1" 200 3488 "http://cs.tcnj.edu/gallery/v/graduations/graduation06/" "Mozilla/5.0 (Windows; U; Windows NT 5.1; en-US; rv:1.8.0.9) Gecko/20061206 Firefox/1.5.0.9"
71.230.204.3 - - [11/Feb/2007:17:23:01 -0500] "GET /gallery/d/1362-2/P5120009.JPG HTTP/1.1" 200 14699 "http://cs.tcnj.edu/gallery/v/graduations/graduation06/" "Mozilla/5.0 (Windows; U; Windows NT 5.1; en-US; rv:1.8.0.9) Gecko/20061206 Firefox/1.5.0.9"
71.230.204.3 - - [11/Feb/2007:17:23:01 -0500] "GET /gallery/d/1344-2/P5120003.JPG HTTP/1.1" 200 12084 "http://cs.tcnj.edu/gallery/v/graduations/graduation06/" "Mozilla/5.0 (Windows; U; Windows NT 5.1; en-US; rv:1.8.0.9) Gecko/20061206 Firefox/1.5.0.9"
71.230.204.3 - - [11/Feb/2007:17:23:01 -0500] "GET /gallery/d/1347-2/P5120004.JPG HTTP/1.1" 200 13841 "http://cs.tcnj.edu/gallery/v/graduations/graduation06/" "Mozilla/5.0 (Windows; U; Windows NT 5.1; en-US; rv:1.8.0.9) Gecko/20061206 Firefox/1.5.0.9"
71.230.204.3 - - [11/Feb/2007:17:23:01 -0500] "GET /gallery/d/1350-2/P5120005.JPG HTTP/1.1" 200 13618 "http://cs.tcnj.edu/gallery/v/graduations/graduation06/" "Mozilla/5.0 (Windows; U; Windows NT 5.1; en-US; rv:1.8.0.9) Gecko/20061206 Firefox/1.5.0.9"
71.230.204.3 - - [11/Feb/2007:17:23:01 -0500] "GET /gallery/d/1353-2/P5120006.JPG HTTP/1.1" 200 13629 "http://cs.tcnj.edu/gallery/v/graduations/graduation06/" "Mozilla/5.0 (Windows; U; Windows NT 5.1; en-US; rv:1.8.0.9) Gecko/20061206 Firefox/1.5.0.9"
71.230.204.3 - - [11/Feb/2007:17:23:01 -0500] "GET /gallery/d/1356-2/P5120007.JPG HTTP/1.1" 200 13546 "http://cs.tcnj.edu/gallery/v/graduations/graduation06/" "Mozilla/5.0 (Windows; U; Windows NT 5.1; en-US; rv:1.8.0.9) Gecko/20061206 Firefox/1.5.0.9"
71.230.204.3 - - [11/Feb/2007:17:23:01 -0500] "GET /gallery/d/1359-2/P5120008.JPG HTTP/1.1" 200 14093 "http://cs.tcnj.edu/gallery/v/graduations/graduation06/" "Mozilla/5.0 (Windows; U; Windows NT 5.1; en-US; rv:1.8.0.9) Gecko/20061206 Firefox/1.5.0.9"
71.230.204.3 - - [11/Feb/2007:17:23:02 -0500] "GET /gallery/d/1365-2/P5120010.JPG HTTP/1.1" 200 14827 "http://cs.tcnj.edu/gallery/v/graduations/graduation06/" "Mozilla/5.0 (Windows; U; Windows NT 5.1; en-US; rv:1.8.0.9) Gecko/20061206 Firefox/1.5.0.9"
71.230.204.3 - - [11/Feb/2007:17:23:02 -0500] "GET /gallery/d/1368-2/P5120011.JPG HTTP/1.1" 200 10979 "http://cs.tcnj.edu/gallery/v/graduations/graduation06/" "Mozilla/5.0 (Windows; U; Windows NT 5.1; en-US; rv:1.8.0.9) Gecko/20061206 Firefox/1.5.0.9"
71.230.204.3 - - [11/Feb/2007:17:23:02 -0500] "GET /gallery/images/xhtml10.png HTTP/1.1" 200 321 "http://cs.tcnj.edu/gallery/v/graduations/graduation06/" "Mozilla/5.0 (Windows; U; Windows NT 5.1; en-US; rv:1.8.0.9) Gecko/20061206 Firefox/1.5.0.9"
71.230.204.3 - - [11/Feb/2007:17:23:02 -0500] "GET /gallery/images/gallery.gif HTTP/1.1" 200 1180 "http://cs.tcnj.edu/gallery/v/graduations/graduation06/" "Mozilla/5.0 (Windows; U; Windows NT 5.1; en-US; rv:1.8.0.9) Gecko/20061206 Firefox/1.5.0.9"
71.230.204.3 - - [11/Feb/2007:17:23:02 -0500] "GET /gallery/modules/core/data/g2-unpossible.png HTTP/1.1" 200 1255 "http://cs.tcnj.edu/gallery/v/graduations/graduation06/" "Mozilla/5.0 (Windows; U; Windows NT 5.1; en-US; rv:1.8.0.9) Gecko/20061206 Firefox/1.5.0.9"
71.230.204.3 - - [11/Feb/2007:17:23:02 -0500] "GET /gallery/themes/classic/images/icon_path_separator.gif HTTP/1.1" 200 106 "http://cs.tcnj.edu/gallery/themes/classic/theme.css" "Mozilla/5.0 (Windows; U; Windows NT 5.1; en-US; rv:1.8.0.9) Gecko/20061206 Firefox/1.5.0.9"
71.230.204.3 - - [11/Feb/2007:17:23:02 -0500] "GET /gallery/modules/icons/iconpacks/paularmstrongdesigns/advanced_search.gif HTTP/1.1" 200 581 "http://cs.tcnj.edu/gallery/modules/icons/iconpacks/paularmstrongdesigns/icons.css" "Mozilla/5.0 (Windows; U; Windows NT 5.1; en-US; rv:1.8.0.9) Gecko/20061206 Firefox/1.5.0.9"
71.230.204.3 - - [11/Feb/2007:17:23:02 -0500] "GET /gallery/modules/icons/iconpacks/paularmstrongdesigns/add_comment.gif HTTP/1.1" 200 633 "http://cs.tcnj.edu/gallery/modules/icons/iconpacks/paularmstrongdesigns/icons.css" "Mozilla/5.0 (Windows; U; Windows NT 5.1; en-US; rv:1.8.0.9) Gecko/20061206 Firefox/1.5.0.9"
71.230.204.3 - - [11/Feb/2007:17:23:02 -0500] "GET /gallery/modules/icons/iconpacks/paularmstrongdesigns/view_slideshow.gif HTTP/1.1" 200 1041 "http://cs.tcnj.edu/gallery/modules/icons/iconpacks/paularmstrongdesigns/icons.css" "Mozilla/5.0 (Windows; U; Windows NT 5.1; en-US; rv:1.8.0.9) Gecko/20061206 Firefox/1.5.0.9"
71.230.204.3 - - [11/Feb/2007:17:23:02 -0500] "GET /gallery/modules/icons/iconpacks/paularmstrongdesigns/view_fullscreen_slideshow.gif HTTP/1.1" 200 1107 "http://cs.tcnj.edu/gallery/modules/icons/iconpacks/paularmstrongdesigns/icons.css" "Mozilla/5.0 (Windows; U; Windows NT 5.1; en-US; rv:1.8.0.9) Gecko/20061206 Firefox/1.5.0.9"
66.249.65.103 - - [11/Feb/2007:17:23:11 -0500] "GET /gallery/v/events/childrenToWork05/?g2_highlightId=871 HTTP/1.1" 302 - "-" "Mozilla/5.0 (compatible; Googlebot/2.1; +http://www.google.com/bot.html)"
71.230.204.3 - - [11/Feb/2007:17:23:26 -0500] "GET /gallery/main.php?g2_view=slideshowapplet.SlideshowApplet&g2_itemId=1328 HTTP/1.1" 200 9422 "http://www.googlesyndicatedsearch.com/u/tcnj?domains=www.tcnj.edu&sitesearch=www.tcnj.edu&q=graduation+2006&sa=Search" "Mozilla/5.0 (Windows; U; Windows NT 5.1; en-US; rv:1.8.0.9) Gecko/20061206 Firefox/1.5.0.9"
71.230.204.3 - - [11/Feb/2007:17:23:27 -0500] "GET /gallery/d/475-2/SURP_CS_10.jpg HTTP/1.1" 200 7994 "http://cs.tcnj.edu/gallery/main.php?g2_view=slideshowapplet.SlideshowApplet&g2_itemId=1328" "Mozilla/5.0 (Windows; U; Windows NT 5.1; en-US; rv:1.8.0.9) Gecko/20061206 Firefox/1.5.0.9"
71.230.204.3 - - [11/Feb/2007:17:23:39 -0500] "GET /gallery/modules/slideshowapplet/applets/GalleryRemoteAppletMini.jar HTTP/1.1" 200 233452 "-" "Mozilla/4.0 (Windows XP 5.1) Java/1.5.0_09"
88.208.208.202 - - [11/Feb/2007:17:24:12 -0500] "GET /gallery/v/events/album02/contests/programmingContest05/?g2_highlightId=676 HTTP/1.1" 302 - "http://cs.tcnj.edu/gallery/v/events/album02/contests/programmingContest05/?g2_highlightId=676" "Mozilla/5.0 (Windows; U; Windows NT 5.0; en-US; rv:1.1) Gecko/20020826"
88.208.208.202 - - [11/Feb/2007:17:24:26 -0500] "GET /gallery/v/events/album02/contests/programmingContest05/?g2_GALLERYSID=d0a4e7cf68fc2a2fbe5fddd9145f4140 HTTP/1.1" 200 54637 "http://cs.tcnj.edu/gallery/v/events/album02/contests/programmingContest05/?g2_highlightId=676" "Mozilla/5.0 (Windows; U; Windows NT 5.0; en-US; rv:1.1) Gecko/20020826"
88.208.208.202 - - [11/Feb/2007:17:25:09 -0500] "GET /gallery/main.php?g2_view=comment.AddComment&g2_itemId=664&g2_return=http%3A%2F%2Fcs.tcnj.edu%2Fgallery%2Fv%2Fevents%2Falbum02%2Fcontests%2FprogrammingContest05%2F%3Fg2_GALLERYSID%3Dd0a4e7cf68fc2a2fbe5fddd9145f4140&g2_GALLERYSID=d0a4e7cf68fc2a2fbe5fddd9145f4140&g2_returnName=album HTTP/1.1" 200 11349 "http://cs.tcnj.edu/gallery/v/events/album02/contests/programmingContest05/?g2_GALLERYSID=d0a4e7cf68fc2a2fbe5fddd9145f4140" "Mozilla/5.0 (Windows; U; Windows NT 5.0; en-US; rv:1.1) Gecko/20020826"
82.85.9.162 - - [11/Feb/2007:17:25:41 -0500] "GET /gallery/v/events/album02/contests/programmingContest05/?g2_highlightId=676 HTTP/1.0" 302 - "http://cs.tcnj.edu/gallery/v/events/album02/contests/programmingContest05/?g2_highlightId=676" "Mozilla/5.0 (Windows; U; Windows NT 5.0; en-US; rv:0.9.9) Gecko/20020311"
65.214.44.29 - - [11/Feb/2007:17:26:06 -0500] "GET /newsEventsRSS.php HTTP/1.1" 200 10627 "-" "Bloglines/3.1 (http://www.bloglines.com; 1 subscriber)"
66.249.65.103 - - [11/Feb/2007:17:26:36 -0500] "GET /gallery/v/events/album03/upeInductions04/?g2_highlightId=834 HTTP/1.1" 302 - "-" "Mozilla/5.0 (compatible; Googlebot/2.1; +http://www.google.com/bot.html)"
159.91.23.205 - - [11/Feb/2007:17:27:03 -0500] "GET /~depasqua/csc230/examples/ HTTP/1.1" 200 853 "http://depasquale.tcnj.edu/~depasqua/csc230/" "Mozilla/5.0 (X11; U; Linux x86_64; en-US; rv:1.7.13) Gecko/20060414 Red Hat/1.7.13-1.1.3.1"
159.91.23.205 - - [11/Feb/2007:17:27:04 -0500] "GET /~depasqua/csc230/examples/Example.java HTTP/1.1" 200 406 "http://depasquale.tcnj.edu/~depasqua/csc230/examples/" "Mozilla/5.0 (X11; U; Linux x86_64; en-US; rv:1.7.13) Gecko/20060414 Red Hat/1.7.13-1.1.3.1"
61.120.200.163 - - [11/Feb/2007:17:27:26 -0500] "GET /gallery/v/events/album02/contests/programmingContest05/?g2_highlightId=676 HTTP/1.0" 302 - "http://cs.tcnj.edu/gallery/v/events/album02/contests/programmingContest05/?g2_highlightId=676" "Mozilla/4.0 (compatible; MSIE 6.0; Windows NT 5.1; .NET CLR 1.1.4322)"
61.120.200.163 - - [11/Feb/2007:17:29:03 -0500] "GET /gallery/v/events/album02/contests/programmingContest05/?g2_highlightId=676 HTTP/1.0" 302 - "http://cs.tcnj.edu/gallery/v/events/album02/contests/programmingContest05/?g2_highlightId=676" "Mozilla/5.0 (Windows; U; Windows NT 5.0; en-US; rv:1.1) Gecko/20020826"
125.90.64.74 - - [11/Feb/2007:17:29:36 -0500] "GET /gallery/v/events/album02/contests/programmingContest05/?g2_highlightId=676 HTTP/1.0" 302 - "http://cs.tcnj.edu/gallery/v/events/album02/contests/programmingContest05/?g2_highlightId=676" "Mozilla/4.0 (compatible; MSIE 5.01; Windows NT 5.0; DT)"
66.249.65.103 - - [11/Feb/2007:17:30:01 -0500] "GET /gallery/v/presentations/f05/?g2_highlightId=1046 HTTP/1.1" 302 - "-" "Mozilla/5.0 (compatible; Googlebot/2.1; +http://www.google.com/bot.html)"
65.55.209.154 - - [11/Feb/2007:17:30:49 -0500] "GET /gallery/v/events/album02/digitalfortress/finalfrag06/?g2_highlightId=1898 HTTP/1.0" 302 - "-" "msnbot/1.0 (+http://search.msn.com/msnbot.htm)"
61.120.200.163 - - [11/Feb/2007:17:27:29 -0500] "GET /gallery/v/events/album02/contests/programmingContest05/?g2_GALLERYSID=4b83093a4a6af8273ea06b7a29ab44b7 HTTP/1.0" 200 16262 "http://cs.tcnj.edu/gallery/v/events/album02/contests/programmingContest05/?g2_highlightId=676" "Mozilla/4.0 (compatible; MSIE 6.0; Windows NT 5.1; .NET CLR 1.1.4322)"
66.249.65.103 - - [11/Feb/2007:17:33:26 -0500] "GET /gallery/v/presentations/f05/?g2_highlightId=1031 HTTP/1.1" 302 - "-" "Mozilla/5.0 (compatible; Googlebot/2.1; +http://www.google.com/bot.html)"
61.120.200.163 - - [11/Feb/2007:17:29:08 -0500] "GET /gallery/v/events/album02/contests/programmingContest05/?g2_GALLERYSID=8da569630dcd6b28387846a95590ccb9 HTTP/1.0" 200 24326 "http://cs.tcnj.edu/gallery/v/events/album02/contests/programmingContest05/?g2_highlightId=676" "Mozilla/5.0 (Windows; U; Windows NT 5.0; en-US; rv:1.1) Gecko/20020826"
74.6.75.48 - - [11/Feb/2007:17:35:05 -0500] "GET /robots.txt HTTP/1.0" 200 49 "-" "Mozilla/5.0 (compatible; Yahoo! Slurp; http://help.yahoo.com/help/us/ysearch/slurp)"
74.6.70.163 - - [11/Feb/2007:17:35:05 -0500] "GET /gallery/v/events/album02/contests/programmingContest05/Programming_Contest_24.jpg.html HTTP/1.0" 200 15509 "-" "Mozilla/5.0 (compatible; Yahoo! Slurp; http://help.yahoo.com/help/us/ysearch/slurp)"
74.6.85.216 - - [11/Feb/2007:17:35:21 -0500] "GET /robots.txt HTTP/1.0" 200 49 "-" "Mozilla/5.0 (compatible; Yahoo! Slurp; http://help.yahoo.com/help/us/ysearch/slurp)"
74.6.85.235 - - [11/Feb/2007:17:36:38 -0500] "GET /acmPrinceton.php HTTP/1.0" 404 409 "-" "Mozilla/5.0 (compatible; Yahoo! Slurp; http://help.yahoo.com/help/us/ysearch/slurp)"
66.249.65.103 - - [11/Feb/2007:17:36:50 -0500] "GET /gallery/v/events/album02/XBox1/?g2_highlightId=656 HTTP/1.1" 302 - "-" "Mozilla/5.0 (compatible; Googlebot/2.1; +http://www.google.com/bot.html)"
64.34.166.88 - - [11/Feb/2007:17:39:56 -0500] "GET /gallery/main.php?g2_view=comment.ShowComments&amp;g2_itemId=664 HTTP/1.0" 200 6001 "-" "-"
65.55.209.149 - - [11/Feb/2007:17:39:56 -0500] "GET /gallery/main.php?g2_view=slideshow.Slideshow&g2_itemId=1655 HTTP/1.0" 200 38819 "-" "msnbot/1.0 (+http://search.msn.com/msnbot.htm)"
65.55.209.149 - - [11/Feb/2007:17:39:57 -0500] "GET /gallery/main.php?g2_view=slideshow.Slideshow&g2_itemId=1955 HTTP/1.0" 200 67165 "-" "msnbot/1.0 (+http://search.msn.com/msnbot.htm)"
64.34.166.88 - - [11/Feb/2007:17:40:07 -0500] "POST /gallery/main.php?g2_GALLERYSID=8e40e3140abfabdab31afae53c7a656c HTTP/1.0" 200 9256 "-" "-"
66.249.65.103 - - [11/Feb/2007:17:40:15 -0500] "GET /gallery/v/presentations/album05/?g2_highlightId=350 HTTP/1.1" 302 - "-" "Mozilla/5.0 (compatible; Googlebot/2.1; +http://www.google.com/bot.html)"
69.249.23.195 - - [11/Feb/2007:17:40:27 -0500] "GET /~depasqua/csc230 HTTP/1.1" 301 455 "-" "Mozilla/4.0 (compatible; MSIE 6.0; Windows NT 5.1; SV1; .NET CLR 1.0.3705; .NET CLR 1.1.4322; Media Center PC 4.0)"
69.249.23.195 - - [11/Feb/2007:17:40:27 -0500] "GET /~depasqua/csc230/ HTTP/1.1" 200 1245 "-" "Mozilla/4.0 (compatible; MSIE 6.0; Windows NT 5.1; SV1; .NET CLR 1.0.3705; .NET CLR 1.1.4322; Media Center PC 4.0)"
69.249.23.195 - - [11/Feb/2007:17:40:27 -0500] "GET /icons/blank.png HTTP/1.1" 304 - "http://depasquale.tcnj.edu/~depasqua/csc230/" "Mozilla/4.0 (compatible; MSIE 6.0; Windows NT 5.1; SV1; .NET CLR 1.0.3705; .NET CLR 1.1.4322; Media Center PC 4.0)"
69.249.23.195 - - [11/Feb/2007:17:40:27 -0500] "GET /icons/folder.png HTTP/1.1" 304 - "http://depasquale.tcnj.edu/~depasqua/csc230/" "Mozilla/4.0 (compatible; MSIE 6.0; Windows NT 5.1; SV1; .NET CLR 1.0.3705; .NET CLR 1.1.4322; Media Center PC 4.0)"
69.249.23.195 - - [11/Feb/2007:17:40:27 -0500] "GET /icons/back.png HTTP/1.1" 304 - "http://depasquale.tcnj.edu/~depasqua/csc230/" "Mozilla/4.0 (compatible; MSIE 6.0; Windows NT 5.1; SV1; .NET CLR 1.0.3705; .NET CLR 1.1.4322; Media Center PC 4.0)"
69.249.23.195 - - [11/Feb/2007:17:40:34 -0500] "GET /~depasqua/csc230/examples/ HTTP/1.1" 200 853 "http://depasquale.tcnj.edu/~depasqua/csc230/" "Mozilla/4.0 (compatible; MSIE 6.0; Windows NT 5.1; SV1; .NET CLR 1.0.3705; .NET CLR 1.1.4322; Media Center PC 4.0)"
69.249.23.195 - - [11/Feb/2007:17:40:34 -0500] "GET /icons/unknown.png HTTP/1.1" 304 - "http://depasquale.tcnj.edu/~depasqua/csc230/examples/" "Mozilla/4.0 (compatible; MSIE 6.0; Windows NT 5.1; SV1; .NET CLR 1.0.3705; .NET CLR 1.1.4322; Media Center PC 4.0)"
69.249.23.195 - - [11/Feb/2007:17:40:36 -0500] "GET /~depasqua/csc230/examples/Example.java HTTP/1.1" 200 406 "http://depasquale.tcnj.edu/~depasqua/csc230/examples/" "Mozilla/4.0 (compatible; MSIE 6.0; Windows NT 5.1; SV1; .NET CLR 1.0.3705; .NET CLR 1.1.4322; Media Center PC 4.0)"
222.191.251.51 - - [11/Feb/2007:17:40:44 -0500] "GET /gallery/v/graduations/graduation05/Graduation_2005_01.jpg.html HTTP/1.1" 200 15482 "-" "User-Agent: Mozilla/4.0 (compatible; MSIE 6.0; Windows NT 5.1)"
