84.109.62.2 - - [11/Feb/2007:17:54:33 -0500] "GET /gallery/v/events/album02/contests/programmingContest05/?g2_page=2&g2_fromNavId=x2e9cb9e6 HTTP/1.0" 200 16013 "http://cs.tcnj.edu/gallery/main.php?g2_view=comment.AddComment&g2_itemId=664&g2_return=http://cs.tcnj.edu/gallery/v/events/album02/contests/programmingContest05/?g2_page=2&g2_GALLERYSID=062d1df5839569d3028e4a39ac0dd0de&g2_returnName=album" "Mozilla/4.0 (compatible; MSIE 6.0; Windows NT 5.1)"
68.48.104.176 - - [11/Feb/2007:17:56:21 -0500] "POST /gallery/main.php HTTP/1.1" 200 8797 "-" "User-Agent: Mozilla/4.0 (compatible; MSIE 6.0; Windows NT 5.1)"
72.141.189.161 - - [11/Feb/2007:17:57:13 -0500] "POST /gallery/main.php?g2_GALLERYSID=2b0c6ff04ec5561422f2d82eb544c693 HTTP/1.1" 200 8790 "-" "User-Agent: Mozilla/4.0 (compatible; MSIE 6.0; Windows NT 5.1)"
66.249.65.103 - - [11/Feb/2007:17:57:20 -0500] "GET /gallery/v/events/album03/upeInduction2006/?g2_highlightId=1076 HTTP/1.1" 302 - "-" "Mozilla/5.0 (compatible; Googlebot/2.1; +http://www.google.com/bot.html)"
159.91.23.222 - - [11/Feb/2007:17:58:35 -0500] "GET /~depasqua/csc230/java%20software%20structures%202e/ HTTP/1.1" 200 2440 "http://depasquale.tcnj.edu/~depasqua/csc230/" "Mozilla/5.0 (X11; U; Linux x86_64; en-US; rv:1.7.8) Gecko/20050511 Firefox/1.0.4"
159.91.23.222 - - [11/Feb/2007:17:58:37 -0500] "GET /~depasqua/csc230/java%20foundations%201e/ HTTP/1.1" 200 3285 "http://depasquale.tcnj.edu/~depasqua/csc230/" "Mozilla/5.0 (X11; U; Linux x86_64; en-US; rv:1.7.8) Gecko/20050511 Firefox/1.0.4"
159.91.23.222 - - [11/Feb/2007:17:58:38 -0500] "GET /~depasqua/csc230/java%20foundations%201e/chap13/ HTTP/1.1" 200 1516 "http://depasquale.tcnj.edu/~depasqua/csc230/java%20foundations%201e/" "Mozilla/5.0 (X11; U; Linux x86_64; en-US; rv:1.7.8) Gecko/20050511 Firefox/1.0.4"
159.91.23.222 - - [11/Feb/2007:17:58:41 -0500] "GET /~depasqua/csc230/java%20foundations%201e/chap13/Sorting.java HTTP/1.1" 200 5997 "http://depasquale.tcnj.edu/~depasqua/csc230/java%20foundations%201e/chap13/" "Mozilla/5.0 (X11; U; Linux x86_64; en-US; rv:1.7.8) Gecko/20050511 Firefox/1.0.4"
66.249.65.103 - - [11/Feb/2007:18:00:45 -0500] "GET /gallery/v/events/album02/contests/programmingContest05/?g2_highlightId=697 HTTP/1.1" 302 - "-" "Mozilla/5.0 (compatible; Googlebot/2.1; +http://www.google.com/bot.html)"
159.91.23.221 - - [11/Feb/2007:18:03:41 -0500] "GET /~depasqua/csc230/ HTTP/1.1" 200 1245 "-" "Mozilla/5.0 (X11; U; Linux x86_64; en-US; rv:1.7.13) Gecko/20060414 Red Hat/1.7.13-1.1.3.1"
159.91.23.221 - - [11/Feb/2007:18:03:43 -0500] "GET /~depasqua/csc230/java%20software%20structures%202e/ HTTP/1.1" 200 2440 "http://depasquale.tcnj.edu/~depasqua/csc230/" "Mozilla/5.0 (X11; U; Linux x86_64; en-US; rv:1.7.13) Gecko/20060414 Red Hat/1.7.13-1.1.3.1"
159.91.23.221 - - [11/Feb/2007:18:03:44 -0500] "GET /~depasqua/csc230/ HTTP/1.1" 200 1245 "http://depasquale.tcnj.edu/~depasqua/csc230/java%20software%20structures%202e/" "Mozilla/5.0 (X11; U; Linux x86_64; en-US; rv:1.7.13) Gecko/20060414 Red Hat/1.7.13-1.1.3.1"
74.106.18.74 - - [11/Feb/2007:18:03:45 -0500] "POST /gallery/main.php?g2_GALLERYSID=28de00acbc5b5d9bad5c613d703f81fc HTTP/1.1" 200 8794 "-" "User-Agent: Mozilla/4.0 (compatible; MSIE 6.0; Windows NT 5.1)"
159.91.23.221 - - [11/Feb/2007:18:03:46 -0500] "GET /~depasqua/csc230/java%20foundations%201e/ HTTP/1.1" 200 3285 "http://depasquale.tcnj.edu/~depasqua/csc230/" "Mozilla/5.0 (X11; U; Linux x86_64; en-US; rv:1.7.13) Gecko/20060414 Red Hat/1.7.13-1.1.3.1"
159.91.23.221 - - [11/Feb/2007:18:03:47 -0500] "GET /~depasqua/csc230/ HTTP/1.1" 200 1245 "http://depasquale.tcnj.edu/~depasqua/csc230/java%20foundations%201e/" "Mozilla/5.0 (X11; U; Linux x86_64; en-US; rv:1.7.13) Gecko/20060414 Red Hat/1.7.13-1.1.3.1"
159.91.23.221 - - [11/Feb/2007:18:03:48 -0500] "GET /~depasqua/csc230/dataSources/ HTTP/1.1" 200 854 "http://depasquale.tcnj.edu/~depasqua/csc230/" "Mozilla/5.0 (X11; U; Linux x86_64; en-US; rv:1.7.13) Gecko/20060414 Red Hat/1.7.13-1.1.3.1"
159.91.23.221 - - [11/Feb/2007:18:03:50 -0500] "GET /~depasqua/csc230/dataSources/itunes.txt HTTP/1.1" 200 361868 "http://depasquale.tcnj.edu/~depasqua/csc230/dataSources/" "Mozilla/5.0 (X11; U; Linux x86_64; en-US; rv:1.7.13) Gecko/20060414 Red Hat/1.7.13-1.1.3.1"
66.249.65.103 - - [11/Feb/2007:18:04:10 -0500] "GET /gallery/v/presentations/f05/?g2_highlightId=1022 HTTP/1.1" 302 - "-" "Mozilla/5.0 (compatible; Googlebot/2.1; +http://www.google.com/bot.html)"
208.72.168.34 - - [11/Feb/2007:18:04:36 -0500] "GET /gallery/v/events/album02/contests/programmingContest05/?g2_highlightId=709 HTTP/1.1" 302 - "-" "Jakarta Commons-HttpClient/3.0.1"
208.72.168.34 - - [11/Feb/2007:18:04:36 -0500] "GET /gallery/v/events/album02/contests/programmingContest05/?g2_GALLERYSID=3122203e20df111911bec7059bfb7fee HTTP/1.1" 200 51885 "-" "Jakarta Commons-HttpClient/3.0.1"
202.108.11.106 - - [11/Feb/2007:18:05:28 -0500] "GET / HTTP/1.1" 200 14854 "-" "Baiduspider+(+http://www.baidu.com/search/spider.htm)"
159.91.23.205 - - [11/Feb/2007:18:06:24 -0500] "GET /~depasqua/csc230/java%20foundations%201e/ HTTP/1.1" 200 3285 "http://depasquale.tcnj.edu/~depasqua/csc230/" "Mozilla/5.0 (X11; U; Linux x86_64; en-US; rv:1.7.13) Gecko/20060414 Red Hat/1.7.13-1.1.3.1"
159.91.23.205 - - [11/Feb/2007:18:06:31 -0500] "GET /~depasqua/csc230/java%20software%20structures%202e/ HTTP/1.1" 200 2440 "http://depasquale.tcnj.edu/~depasqua/csc230/" "Mozilla/5.0 (X11; U; Linux x86_64; en-US; rv:1.7.13) Gecko/20060414 Red Hat/1.7.13-1.1.3.1"
159.91.23.205 - - [11/Feb/2007:18:06:35 -0500] "GET /~depasqua/csc230/java%20software%20structures%202e/ch12-13%20Code/ HTTP/1.1" 200 1309 "http://depasquale.tcnj.edu/~depasqua/csc230/java%20software%20structures%202e/" "Mozilla/5.0 (X11; U; Linux x86_64; en-US; rv:1.7.13) Gecko/20060414 Red Hat/1.7.13-1.1.3.1"
159.91.23.205 - - [11/Feb/2007:18:06:38 -0500] "GET /~depasqua/csc230/java%20foundations%201e/ HTTP/1.1" 200 3285 "http://depasquale.tcnj.edu/~depasqua/csc230/" "Mozilla/5.0 (X11; U; Linux x86_64; en-US; rv:1.7.13) Gecko/20060414 Red Hat/1.7.13-1.1.3.1"
159.91.23.205 - - [11/Feb/2007:18:06:41 -0500] "GET /~depasqua/csc230/java%20foundations%201e/chap13/ HTTP/1.1" 200 1516 "http://depasquale.tcnj.edu/~depasqua/csc230/java%20foundations%201e/" "Mozilla/5.0 (X11; U; Linux x86_64; en-US; rv:1.7.13) Gecko/20060414 Red Hat/1.7.13-1.1.3.1"
159.91.23.205 - - [11/Feb/2007:18:06:43 -0500] "GET /~depasqua/csc230/java%20foundations%201e/chap13/Sorting.java HTTP/1.1" 304 - "http://depasquale.tcnj.edu/~depasqua/csc230/java%20foundations%201e/chap13/" "Mozilla/5.0 (X11; U; Linux x86_64; en-US; rv:1.7.13) Gecko/20060414 Red Hat/1.7.13-1.1.3.1"
66.249.65.103 - - [11/Feb/2007:18:07:35 -0500] "GET /gallery/v/events/album02/contests/programmingContest05/?g2_highlightId=676 HTTP/1.1" 302 - "-" "Mozilla/5.0 (compatible; Googlebot/2.1; +http://www.google.com/bot.html)"
207.46.98.83 - - [11/Feb/2007:18:08:00 -0500] "GET /gallery/v/graduations/graduation04/DSC00821.jpg.html HTTP/1.0" 200 12978 "-" "msnbot/1.0 (+http://search.msn.com/msnbot.htm)"
195.225.177.40 - - [11/Feb/2007:18:08:37 -0500] "GET /gallery/main.php?g2_view=comment.AddComment&g2_itemId=664 HTTP/1.1" 200 12252 "http://cs.tcnj.edu/gallery/main.php?g2_view=comment.AddComment&g2_itemId=664" "User-Agent: Mozilla/4.0 (compatible; MSIE 6.0; Windows NT 5.1)"
195.225.177.40 - - [11/Feb/2007:18:08:38 -0500] "POST /gallery/main.php?g2_GALLERYSID=eafc0b57310f9b83ec6e8385ad086525 HTTP/1.1" 200 13601 "http://cs.tcnj.edu/gallery/main.php?g2_view=comment.AddComment&g2_itemId=664" "User-Agent: Mozilla/4.0 (compatible; MSIE 6.0; Windows NT 5.1)"
72.30.177.93 - - [11/Feb/2007:18:09:00 -0500] "GET /robots.txt HTTP/1.0" 200 185 "-" "Mozilla/5.0 (compatible; Yahoo! Slurp; http://help.yahoo.com/help/us/ysearch/slurp)"
74.6.71.235 - - [11/Feb/2007:18:09:02 -0500] "GET /~depasqua/sandbox/UsersGuide/running.htm HTTP/1.0" 200 3419 "-" "Mozilla/5.0 (compatible; Yahoo! Slurp; http://help.yahoo.com/help/us/ysearch/slurp)"
159.91.23.205 - - [11/Feb/2007:18:09:05 -0500] "GET /~depasqua/csc230/java%20foundations%201e/chap13/SortPlayerList.java HTTP/1.1" 200 1211 "http://depasquale.tcnj.edu/~depasqua/csc230/java%20foundations%201e/chap13/" "Mozilla/5.0 (X11; U; Linux x86_64; en-US; rv:1.7.13) Gecko/20060414 Red Hat/1.7.13-1.1.3.1"
68.85.17.25 - - [11/Feb/2007:18:09:07 -0500] "GET /newsEventsRSS.php HTTP/1.1" 200 10627 "-" "Mozilla/5.0 (Sage)"
159.91.23.205 - - [11/Feb/2007:18:09:11 -0500] "GET /~depasqua/csc230/java%20foundations%201e/chap13/Searching.java HTTP/1.1" 304 - "http://depasquale.tcnj.edu/~depasqua/csc230/java%20foundations%201e/chap13/" "Mozilla/5.0 (X11; U; Linux x86_64; en-US; rv:1.7.13) Gecko/20060414 Red Hat/1.7.13-1.1.3.1"
159.91.23.205 - - [11/Feb/2007:18:09:16 -0500] "GET /~depasqua/csc230/java%20foundations%201e/chap13/SearchPlayerList.java HTTP/1.1" 304 - "http://depasquale.tcnj.edu/~depasqua/csc230/java%20foundations%201e/chap13/" "Mozilla/5.0 (X11; U; Linux x86_64; en-US; rv:1.7.13) Gecko/20060414 Red Hat/1.7.13-1.1.3.1"
68.85.17.25 - - [11/Feb/2007:18:09:22 -0500] "GET /newsEventsRSS.php HTTP/1.1" 200 10627 "-" "Mozilla/5.0 (Sage)"
122.199.151.120 - - [11/Feb/2007:18:09:49 -0500] "POST /gallery/main.php HTTP/1.1" 200 8745 "-" "User-Agent: Mozilla/4.0 (compatible; MSIE 6.0; Windows NT 5.1)"
84.110.231.221 - - [11/Feb/2007:18:10:05 -0500] "GET /gallery/main.php?g2_view=comment.AddComment&g2_itemId=664&g2_return=http://cs.tcnj.edu/gallery/v/events/album02/contests/programmingContest05/?g2_GALLERYSID=82892d178aae47713c857f1573d2da19&g2_returnName=album HTTP/1.0" 200 12009 "-" "Mozilla/4.0 (compatible; MSIE 6.0; Windows NT 5.1)"
84.110.231.221 - - [11/Feb/2007:18:10:10 -0500] "POST /gallery/main.php?g2_GALLERYSID=a533377d252cea1bab189c53cf0c4a12 HTTP/1.0" 302 - "http://cs.tcnj.edu/gallery/main.php?g2_view=comment.AddComment&g2_itemId=664&g2_return=http://cs.tcnj.edu/gallery/v/events/album02/contests/programmingContest05/?g2_GALLERYSID=82892d178aae47713c857f1573d2da19&g2_returnName=album" "Mozilla/4.0 (compatible; MSIE 6.0; Windows NT 5.1)"
84.110.231.221 - - [11/Feb/2007:18:10:15 -0500] "GET /gallery/v/events/album02/contests/programmingContest05/?g2_GALLERYSID=82892d178aae47713c857f1573d2da19&g2_fromNavId=x368d8e1f HTTP/1.0" 200 16021 "http://cs.tcnj.edu/gallery/main.php?g2_view=comment.AddComment&g2_itemId=664&g2_return=http://cs.tcnj.edu/gallery/v/events/album02/contests/programmingContest05/?g2_GALLERYSID=82892d178aae47713c857f1573d2da19&g2_returnName=album" "Mozilla/4.0 (compatible; MSIE 6.0; Windows NT 5.1)"
218.204.249.28 - - [11/Feb/2007:18:10:59 -0500] "GET /gallery/main.php?g2_view=comment.ShowComments&amp;g2_itemId=664 HTTP/1.1" 200 6016 "http://cs.tcnj.edu/gallery/main.php?g2_view=comment.ShowComments&amp;g2_itemId=664" "User-Agent: Mozilla/4.0 (compatible; MSIE 6.0; Windows NT 5.1)"
66.249.65.103 - - [11/Feb/2007:18:11:00 -0500] "GET /gallery/v/presentations/album06/?g2_highlightId=422 HTTP/1.1" 302 - "-" "Mozilla/5.0 (compatible; Googlebot/2.1; +http://www.google.com/bot.html)"
218.204.249.28 - - [11/Feb/2007:18:11:00 -0500] "GET /gallery/main.php?g2_view=comment.ShowComments&amp;g2_itemId=664 HTTP/1.1" 200 5615 "http://cs.tcnj.edu/gallery/main.php?g2_view=comment.ShowComments&amp;g2_itemId=664" "User-Agent: Mozilla/4.0 (compatible; MSIE 6.0; Windows NT 5.1)"
218.204.249.28 - - [11/Feb/2007:18:11:03 -0500] "GET /gallery/main.php?g2_view=comment.ShowComments&amp;g2_itemId=664 HTTP/1.1" 200 5508 "http://cs.tcnj.edu/gallery/main.php?g2_view=comment.ShowComments&amp;g2_itemId=664" "User-Agent: Mozilla/4.0 (compatible; MSIE 6.0; Windows NT 5.1)"
218.204.249.28 - - [11/Feb/2007:18:11:06 -0500] "POST /gallery/main.php HTTP/1.1" 200 8694 "http://cs.tcnj.edu/gallery/main.php?g2_view=comment.ShowComments&amp;g2_itemId=664" "User-Agent: Mozilla/4.0 (compatible; MSIE 6.0; Windows NT 5.1)"
207.46.98.83 - - [11/Feb/2007:18:11:08 -0500] "GET /gallery/v/events/album02/contests/programmingContest05/ HTTP/1.0" 200 51410 "-" "msnbot/1.0 (+http://search.msn.com/msnbot.htm)"
222.172.222.79 - - [11/Feb/2007:18:11:14 -0500] "GET /gallery/main.php?g2_view=comment.ShowComments&amp;g2_itemId=664 HTTP/1.1" 200 5616 "http://cs.tcnj.edu/gallery/main.php?g2_view=comment.ShowComments&amp;g2_itemId=664" "User-Agent: Mozilla/4.0 (compatible; MSIE 6.0; Windows NT 5.1)"
222.221.241.174 - - [11/Feb/2007:18:11:15 -0500] "GET /gallery/main.php?g2_view=comment.ShowComments&amp;g2_itemId=664 HTTP/1.0" 200 6006 "http://cs.tcnj.edu/gallery/main.php?g2_view=comment.ShowComments&amp;g2_itemId=664" "User-Agent: Mozilla/4.0 (compatible; MSIE 6.0; Windows NT 5.1)"
222.221.241.174 - - [11/Feb/2007:18:11:18 -0500] "POST /gallery/main.php?g2_GALLERYSID=ed55069df902fd33f6447653aedf2dbc HTTP/1.0" 200 8942 "http://cs.tcnj.edu/gallery/main.php?g2_view=comment.ShowComments&amp;g2_itemId=664" "User-Agent: Mozilla/4.0 (compatible; MSIE 6.0; Windows NT 5.1)"
222.172.222.79 - - [11/Feb/2007:18:11:21 -0500] "POST /gallery/main.php HTTP/1.1" 200 8696 "http://cs.tcnj.edu/gallery/main.php?g2_view=comment.ShowComments&amp;g2_itemId=664" "User-Agent: Mozilla/4.0 (compatible; MSIE 6.0; Windows NT 5.1)"
159.91.23.205 - - [11/Feb/2007:18:12:43 -0500] "GET /~depasqua/csc230/java%20foundations%201e/chap13/ HTTP/1.1" 200 1516 "http://depasquale.tcnj.edu/~depasqua/csc230/java%20foundations%201e/" "Mozilla/5.0 (X11; U; Linux x86_64; en-US; rv:1.7.13) Gecko/20060414 Red Hat/1.7.13-1.1.3.1"
159.91.23.205 - - [11/Feb/2007:18:13:59 -0500] "GET /~depasqua/csc230/examples/ HTTP/1.1" 200 853 "http://depasquale.tcnj.edu/~depasqua/csc230/" "Mozilla/5.0 (X11; U; Linux x86_64; en-US; rv:1.7.13) Gecko/20060414 Red Hat/1.7.13-1.1.3.1"
66.249.65.103 - - [11/Feb/2007:18:14:25 -0500] "GET /gallery/v/presentations/album06/?g2_highlightId=431 HTTP/1.1" 302 - "-" "Mozilla/5.0 (compatible; Googlebot/2.1; +http://www.google.com/bot.html)"
72.14.199.84 - - [11/Feb/2007:18:15:52 -0500] "GET /newsEventsRSS.php HTTP/1.1" 200 10627 "-" "Feedfetcher-Google; (+http://www.google.com/feedfetcher.html)"
84.110.225.77 - - [11/Feb/2007:18:16:16 -0500] "GET /gallery/main.php?g2_view=comment.AddComment&g2_itemId=664&g2_return=http://cs.tcnj.edu/gallery/v/events/album02/contests/programmingContest05/?g2_GALLERYSID=82892d178aae47713c857f1573d2da19&g2_returnName=album HTTP/1.0" 200 12000 "-" "Mozilla/4.0 (compatible; MSIE 6.0; Windows NT 5.1)"
84.110.225.77 - - [11/Feb/2007:18:16:24 -0500] "POST /gallery/main.php?g2_GALLERYSID=c15bd7e682038240c18f87b4b36a8c10 HTTP/1.0" 302 - "http://cs.tcnj.edu/gallery/main.php?g2_view=comment.AddComment&g2_itemId=664&g2_return=http://cs.tcnj.edu/gallery/v/events/album02/contests/programmingContest05/?g2_GALLERYSID=82892d178aae47713c857f1573d2da19&g2_returnName=album" "Mozilla/4.0 (compatible; MSIE 6.0; Windows NT 5.1)"
84.110.225.77 - - [11/Feb/2007:18:16:29 -0500] "GET /gallery/v/events/album02/contests/programmingContest05/?g2_GALLERYSID=82892d178aae47713c857f1573d2da19&g2_fromNavId=x4a102e54 HTTP/1.0" 200 16018 "http://cs.tcnj.edu/gallery/main.php?g2_view=comment.AddComment&g2_itemId=664&g2_return=http://cs.tcnj.edu/gallery/v/events/album02/contests/programmingContest05/?g2_GALLERYSID=82892d178aae47713c857f1573d2da19&g2_returnName=album" "Mozilla/4.0 (compatible; MSIE 6.0; Windows NT 5.1)"
65.214.44.161 - - [11/Feb/2007:18:17:07 -0500] "GET /robots.txt HTTP/1.0" 200 49 "-" "Mozilla/2.0 (compatible; Ask Jeeves/Teoma; +http://about.ask.com/en/docs/about/webmasters.shtml)"
65.214.44.161 - - [11/Feb/2007:18:17:24 -0500] "GET /courselist.php?id=1 HTTP/1.0" 200 9509 "-" "Mozilla/2.0 (compatible; Ask Jeeves/Teoma; +http://about.ask.com/en/docs/about/webmasters.shtml)"
66.249.65.103 - - [11/Feb/2007:18:17:50 -0500] "GET /gallery/v/presentations/f05/?g2_highlightId=1040 HTTP/1.1" 302 - "-" "Mozilla/5.0 (compatible; Googlebot/2.1; +http://www.google.com/bot.html)"
63.135.27.242 - - [11/Feb/2007:18:20:59 -0500] "POST /gallery/main.php?g2_GALLERYSID=de06c6780b2182b1827c1690b3a1261d HTTP/1.1" 200 8779 "-" "User-Agent: Mozilla/4.0 (compatible; MSIE 6.0; Windows NT 5.1)"
66.249.65.103 - - [11/Feb/2007:18:21:15 -0500] "GET /gallery/v/events/childrenToWork05/?g2_highlightId=898 HTTP/1.1" 302 - "-" "Mozilla/5.0 (compatible; Googlebot/2.1; +http://www.google.com/bot.html)"
69.182.103.172 - - [11/Feb/2007:18:21:58 -0500] "POST /gallery/main.php HTTP/1.1" 200 8807 "-" "User-Agent: Mozilla/4.0 (compatible; MSIE 6.0; Windows NT 5.1)"
74.6.65.254 - - [11/Feb/2007:18:22:15 -0500] "GET /cslinks.php?id=4 HTTP/1.0" 200 8049 "-" "Mozilla/5.0 (compatible; Yahoo! Slurp; http://help.yahoo.com/help/us/ysearch/slurp)"
65.214.44.29 - - [11/Feb/2007:18:23:52 -0500] "GET /newsEventsRSS.php HTTP/1.1" 200 10627 "-" "Bloglines/3.1 (http://www.bloglines.com; 1 subscriber)"
66.249.65.103 - - [11/Feb/2007:18:24:40 -0500] "GET /gallery/v/presentations/album06/?g2_highlightId=428 HTTP/1.1" 302 - "-" "Mozilla/5.0 (compatible; Googlebot/2.1; +http://www.google.com/bot.html)"
159.91.23.205 - - [11/Feb/2007:18:25:38 -0500] "GET /~depasqua/csc230/java%20software%20structures%202e/ HTTP/1.1" 200 2440 "http://depasquale.tcnj.edu/~depasqua/csc230/" "Mozilla/5.0 (X11; U; Linux x86_64; en-US; rv:1.7.13) Gecko/20060414 Red Hat/1.7.13-1.1.3.1"
159.91.23.205 - - [11/Feb/2007:18:25:40 -0500] "GET /~depasqua/csc230/java%20software%20structures%202e/ch12-13%20Code/ HTTP/1.1" 200 1309 "http://depasquale.tcnj.edu/~depasqua/csc230/java%20software%20structures%202e/" "Mozilla/5.0 (X11; U; Linux x86_64; en-US; rv:1.7.13) Gecko/20060414 Red Hat/1.7.13-1.1.3.1"
159.91.23.205 - - [11/Feb/2007:18:25:44 -0500] "GET /~depasqua/csc230/java%20foundations%201e/ HTTP/1.1" 200 3285 "http://depasquale.tcnj.edu/~depasqua/csc230/" "Mozilla/5.0 (X11; U; Linux x86_64; en-US; rv:1.7.13) Gecko/20060414 Red Hat/1.7.13-1.1.3.1"
159.91.23.205 - - [11/Feb/2007:18:25:46 -0500] "GET /~depasqua/csc230/java%20foundations%201e/chap13/ HTTP/1.1" 200 1516 "http://depasquale.tcnj.edu/~depasqua/csc230/java%20foundations%201e/" "Mozilla/5.0 (X11; U; Linux x86_64; en-US; rv:1.7.13) Gecko/20060414 Red Hat/1.7.13-1.1.3.1"
84.108.10.49 - - [11/Feb/2007:18:27:41 -0500] "GET /gallery/main.php?g2_view=comment.AddComment&g2_itemId=664&g2_return=http://cs.tcnj.edu/gallery/v/events/album02/contests/programmingContest05/?g2_page=2&g2_GALLERYSID=062d1df5839569d3028e4a39ac0dd0de&g2_returnName=album HTTP/1.0" 200 11997 "-" "Mozilla/4.0 (compatible; MSIE 6.0; Windows NT 5.1)"
84.108.10.49 - - [11/Feb/2007:18:27:50 -0500] "POST /gallery/main.php?g2_GALLERYSID=062d1df5839569d3028e4a39ac0dd0de HTTP/1.0" 302 - "http://cs.tcnj.edu/gallery/main.php?g2_view=comment.AddComment&g2_itemId=664&g2_return=http://cs.tcnj.edu/gallery/v/events/album02/contests/programmingContest05/?g2_page=2&g2_GALLERYSID=062d1df5839569d3028e4a39ac0dd0de&g2_returnName=album" "Mozilla/4.0 (compatible; MSIE 6.0; Windows NT 5.1)"
84.108.10.49 - - [11/Feb/2007:18:27:57 -0500] "GET /gallery/v/events/album02/contests/programmingContest05/?g2_page=2&g2_fromNavId=x22c89ccf HTTP/1.0" 200 16030 "http://cs.tcnj.edu/gallery/main.php?g2_view=comment.AddComment&g2_itemId=664&g2_return=http://cs.tcnj.edu/gallery/v/events/album02/contests/programmingContest05/?g2_page=2&g2_GALLERYSID=062d1df5839569d3028e4a39ac0dd0de&g2_returnName=album" "Mozilla/4.0 (compatible; MSIE 6.0; Windows NT 5.1)"
66.249.65.103 - - [11/Feb/2007:18:28:05 -0500] "GET /gallery/v/events/childrenToWork05/?g2_highlightId=895 HTTP/1.1" 302 - "-" "Mozilla/5.0 (compatible; Googlebot/2.1; +http://www.google.com/bot.html)"
65.55.209.149 - - [11/Feb/2007:18:28:31 -0500] "GET /gallery/main.php?g2_view=slideshow.Slideshow&g2_itemId=1898 HTTP/1.0" 200 67165 "-" "msnbot/1.0 (+http://search.msn.com/msnbot.htm)"
65.55.209.153 - - [11/Feb/2007:18:28:56 -0500] "GET /gallery/v/events/album02/digitalfortress/finalfrag06/172.jpg.html?g2_imageViewsIndex=1 HTTP/1.0" 200 13137 "-" "msnbot/1.0 (+http://search.msn.com/msnbot.htm)"
159.91.23.216 - - [11/Feb/2007:18:30:13 -0500] "GET /~depasqua/csc230/ HTTP/1.1" 200 1245 "-" "Mozilla/5.0 (X11; U; Linux x86_64; en-US; rv:1.7.13) Gecko/20060414 Red Hat/1.7.13-1.1.3.1"
159.91.23.216 - - [11/Feb/2007:18:30:28 -0500] "GET /~depasqua/csc230/java%20foundations%201e/ HTTP/1.1" 200 3285 "http://depasquale.tcnj.edu/~depasqua/csc230/" "Mozilla/5.0 (X11; U; Linux x86_64; en-US; rv:1.7.13) Gecko/20060414 Red Hat/1.7.13-1.1.3.1"
159.91.23.216 - - [11/Feb/2007:18:30:59 -0500] "GET /~depasqua/csc230/dataSources/ HTTP/1.1" 200 854 "http://depasquale.tcnj.edu/~depasqua/csc230/" "Mozilla/5.0 (X11; U; Linux x86_64; en-US; rv:1.7.13) Gecko/20060414 Red Hat/1.7.13-1.1.3.1"
159.91.23.216 - - [11/Feb/2007:18:31:02 -0500] "GET /~depasqua/csc230/dataSources/itunes.txt HTTP/1.1" 200 361868 "http://depasquale.tcnj.edu/~depasqua/csc230/dataSources/" "Mozilla/5.0 (X11; U; Linux x86_64; en-US; rv:1.7.13) Gecko/20060414 Red Hat/1.7.13-1.1.3.1"
66.249.65.103 - - [11/Feb/2007:18:31:29 -0500] "GET /gallery/v/presentations/album05/?g2_highlightId=377 HTTP/1.1" 302 - "-" "Mozilla/5.0 (compatible; Googlebot/2.1; +http://www.google.com/bot.html)"
207.46.98.85 - - [11/Feb/2007:18:32:28 -0500] "GET /gallery/v/?g2_highlightId=507 HTTP/1.0" 302 - "-" "msnbot/1.0 (+http://search.msn.com/msnbot.htm)"
220.181.31.44 - - [11/Feb/2007:18:34:08 -0500] "GET /gallery/main.php?g2_view=comment.ShowComments&amp;g2_itemId=664 HTTP/1.0" 200 5510 "http://cs.tcnj.edu/gallery/main.php?g2_view=comment.ShowComments&amp;g2_itemId=664" "User-Agent: Mozilla/4.0 (compatible; MSIE 6.0; Windows NT 5.1)"
220.181.31.44 - - [11/Feb/2007:18:34:16 -0500] "POST /gallery/main.php HTTP/1.0" 200 8769 "http://cs.tcnj.edu/gallery/main.php?g2_view=comment.ShowComments&amp;g2_itemId=664" "User-Agent: Mozilla/4.0 (compatible; MSIE 6.0; Windows NT 5.1)"
66.249.65.103 - - [11/Feb/2007:18:34:54 -0500] "GET /gallery/v/presentations/f05/?g2_highlightId=1049 HTTP/1.1" 302 - "-" "Mozilla/5.0 (compatible; Googlebot/2.1; +http://www.google.com/bot.html)"
64.79.206.76 - - [11/Feb/2007:18:36:46 -0500] "GET /gallery/main.php?g2_view=comment.ShowComments&g2_itemId=664 HTTP/1.1" 200 1036047 "-" "Mozilla/4.0 (compatible; MSIE 6.0; Windows NT 5.0; Maxthon)"
66.249.65.103 - - [11/Feb/2007:18:38:19 -0500] "GET /gallery/v/events/childrenToWork05/?g2_highlightId=916 HTTP/1.1" 302 - "-" "Mozilla/5.0 (compatible; Googlebot/2.1; +http://www.google.com/bot.html)"
207.46.98.85 - - [11/Feb/2007:18:38:37 -0500] "GET /gallery/v/ HTTP/1.0" 200 17605 "-" "msnbot/1.0 (+http://search.msn.com/msnbot.htm)"
66.249.65.103 - - [11/Feb/2007:18:41:44 -0500] "GET /gallery/v/graduations/graduation04/?g2_highlightId=43 HTTP/1.1" 302 - "-" "Mozilla/5.0 (compatible; Googlebot/2.1; +http://www.google.com/bot.html)"
66.249.65.103 - - [11/Feb/2007:18:41:45 -0500] "GET /gallery/v/graduations/graduation04/ HTTP/1.1" 200 47969 "-" "Mozilla/5.0 (compatible; Googlebot/2.1; +http://www.google.com/bot.html)"
72.36.168.234 - - [11/Feb/2007:18:43:02 -0500] "GET /gallery/main.php?g2_view=comment.ShowComments&g2_itemId=664 HTTP/1.1" 200 126867 "-" "-"
66.249.65.103 - - [11/Feb/2007:18:45:09 -0500] "GET /gallery/v/events/album03/upeInduction2006/?g2_highlightId=1079 HTTP/1.1" 302 - "-" "Mozilla/5.0 (compatible; Googlebot/2.1; +http://www.google.com/bot.html)"
193.47.80.48 - - [11/Feb/2007:18:46:02 -0500] "GET / HTTP/1.1" 200 14853 "-" "Mozilla/5.0 (compatible; Exabot/3.0; +http://www.exabot.com/go/robot)"
65.55.209.154 - - [11/Feb/2007:18:46:07 -0500] "GET /gallery/main.php?g2_view=slideshow.Slideshow&g2_itemId=660 HTTP/1.0" 200 12868 "-" "msnbot/1.0 (+http://search.msn.com/msnbot.htm)"
74.6.75.48 - - [11/Feb/2007:18:46:31 -0500] "GET /robots.txt HTTP/1.0" 200 49 "-" "Mozilla/5.0 (compatible; Yahoo! Slurp; http://help.yahoo.com/help/us/ysearch/slurp)"
74.6.74.37 - - [11/Feb/2007:18:46:32 -0500] "GET /gallery/main.php?g2_view=slideshowapplet.SlideshowApplet&g2_itemId=928 HTTP/1.0" 200 10665 "-" "Mozilla/5.0 (compatible; Yahoo! Slurp; http://help.yahoo.com/help/us/ysearch/slurp)"
66.249.65.103 - - [11/Feb/2007:18:48:34 -0500] "GET /gallery/v/events/album02/contests/programmingContest05/?g2_highlightId=709 HTTP/1.1" 302 - "-" "Mozilla/5.0 (compatible; Googlebot/2.1; +http://www.google.com/bot.html)"
159.91.23.221 - - [11/Feb/2007:18:49:50 -0500] "GET /~depasqua/csc230/dataSources/itunes.txt HTTP/1.1" 200 361868 "-" "Java/1.5.0_04"
68.85.17.25 - - [11/Feb/2007:18:50:39 -0500] "GET /style.css HTTP/1.1" 200 3484 "http://cs.tcnj.edu/" "Mozilla/5.0 (Windows; U; Windows NT 5.1; en-US; rv:1.8.1.1) Gecko/20061204 Firefox/2.0.0.1"
68.85.17.25 - - [11/Feb/2007:18:50:39 -0500] "GET / HTTP/1.1" 200 14853 "-" "Mozilla/5.0 (Windows; U; Windows NT 5.1; en-US; rv:1.8.1.1) Gecko/20061204 Firefox/2.0.0.1"
68.85.17.25 - - [11/Feb/2007:18:50:39 -0500] "GET /images/feed-icon-16x16.gif HTTP/1.1" 200 652 "http://cs.tcnj.edu/" "Mozilla/5.0 (Windows; U; Windows NT 5.1; en-US; rv:1.8.1.1) Gecko/20061204 Firefox/2.0.0.1"
68.85.17.25 - - [11/Feb/2007:18:50:39 -0500] "GET /images/frontpageImage/holman.jpg HTTP/1.1" 200 33084 "http://cs.tcnj.edu/" "Mozilla/5.0 (Windows; U; Windows NT 5.1; en-US; rv:1.8.1.1) Gecko/20061204 Firefox/2.0.0.1"
68.85.17.25 - - [11/Feb/2007:18:50:39 -0500] "GET /images/top_banner.jpg HTTP/1.1" 200 145765 "http://cs.tcnj.edu/" "Mozilla/5.0 (Windows; U; Windows NT 5.1; en-US; rv:1.8.1.1) Gecko/20061204 Firefox/2.0.0.1"
68.85.17.25 - - [11/Feb/2007:18:50:39 -0500] "GET /favicon.ico HTTP/1.1" 200 614 "-" "Mozilla/5.0 (Windows; U; Windows NT 5.1; en-US; rv:1.8.1.1) Gecko/20061204 Firefox/2.0.0.1"
66.249.65.103 - - [11/Feb/2007:18:51:59 -0500] "GET /gallery/v/events/childrenToWork05/?g2_highlightId=913 HTTP/1.1" 302 - "-" "Mozilla/5.0 (compatible; Googlebot/2.1; +http://www.google.com/bot.html)"
207.46.98.84 - - [11/Feb/2007:18:52:52 -0500] "GET /gallery/main.php?g2_view=slideshow.Slideshow&g2_itemId=1658 HTTP/1.0" 200 38817 "-" "msnbot/1.0 (+http://search.msn.com/msnbot.htm)"
159.91.23.205 - - [11/Feb/2007:18:53:00 -0500] "GET /~depasqua/csc230/ HTTP/1.1" 200 1245 "-" "Mozilla/5.0 (X11; U; Linux x86_64; en-US; rv:1.7.13) Gecko/20060414 Red Hat/1.7.13-1.1.3.1"
159.91.23.205 - - [11/Feb/2007:18:53:01 -0500] "GET /~depasqua/ HTTP/1.1" 302 1 "http://depasquale.tcnj.edu/~depasqua/csc230/" "Mozilla/5.0 (X11; U; Linux x86_64; en-US; rv:1.7.13) Gecko/20060414 Red Hat/1.7.13-1.1.3.1"
159.91.23.205 - - [11/Feb/2007:18:53:01 -0500] "GET /scheduleDisplayer.php?id=2 HTTP/1.1" 200 11192 "http://www.tcnj.edu/~depasqua/misc/contactInfoNews.htm" "Mozilla/5.0 (X11; U; Linux x86_64; en-US; rv:1.7.13) Gecko/20060414 Red Hat/1.7.13-1.1.3.1"
74.6.67.77 - - [11/Feb/2007:18:53:09 -0500] "GET /gallery/v/events/album02/programmingTeam/2006 HTTP/1.0" 200 19348 "-" "Mozilla/5.0 (compatible; Yahoo! Slurp; http://help.yahoo.com/help/us/ysearch/slurp)"
65.214.44.29 - - [11/Feb/2007:18:55:19 -0500] "GET /newsEventsRSS.php HTTP/1.1" 200 10627 "-" "Bloglines/3.1 (http://www.bloglines.com; 1 subscriber)"
159.91.23.221 - - [11/Feb/2007:18:55:22 -0500] "GET /~depasqua/csc230/dataSources/itunes.txt HTTP/1.1" 200 361868 "-" "Java/1.5.0_04"
66.249.65.103 - - [11/Feb/2007:18:55:24 -0500] "GET /gallery/v/events/album02/contests/programmingContest05/?g2_highlightId=706 HTTP/1.1" 302 - "-" "Mozilla/5.0 (compatible; Googlebot/2.1; +http://www.google.com/bot.html)"
222.191.251.51 - - [11/Feb/2007:18:55:49 -0500] "GET /gallery/v/graduations/graduation05/Graduation_2005_02.jpg.html HTTP/1.1" 200 15731 "-" "User-Agent: Mozilla/4.0 (compatible; MSIE 6.0; Windows NT 5.1)"
74.6.68.218 - - [11/Feb/2007:18:56:37 -0500] "GET /gallery/v/events/album02/digitalfortress/november2006/?g2_highlightId=1601 HTTP/1.0" 302 - "-" "Mozilla/5.0 (compatible; Yahoo! Slurp; http://help.yahoo.com/help/us/ysearch/slurp)"
74.6.68.218 - - [11/Feb/2007:18:56:38 -0500] "GET /gallery/v/events/album02/digitalfortress/november2006/?g2_page=2 HTTP/1.0" 200 47911 "-" "Mozilla/5.0 (compatible; Yahoo! Slurp; http://help.yahoo.com/help/us/ysearch/slurp)"
66.249.65.103 - - [11/Feb/2007:18:58:49 -0500] "GET /gallery/v/events/childrenToWork05/?g2_highlightId=922 HTTP/1.1" 302 - "-" "Mozilla/5.0 (compatible; Googlebot/2.1; +http://www.google.com/bot.html)"
74.52.83.122 - - [11/Feb/2007:18:59:43 -0500] "GET /gallery/main.php?g2_view=comment.ShowComments&g2_itemId=664 HTTP/1.1" 200 118804 "-" "-"
74.52.83.122 - - [11/Feb/2007:18:59:50 -0500] "GET /gallery/v/presentations/album06/poster_presentations_08.jpg.html?g2_gallerysid=7accd1d80b268e69966e29d4ea843e61 HTTP/1.1" 200 17060 "-" "-"
84.108.220.79 - - [11/Feb/2007:19:00:42 -0500] "GET /gallery/main.php?g2_view=comment.AddComment&g2_itemId=664&g2_return=http://cs.tcnj.edu/gallery/v/events/album02/contests/programmingContest05/?g2_page=2&g2_GALLERYSID=062d1df5839569d3028e4a39ac0dd0de&g2_returnName=album HTTP/1.0" 200 12007 "-" "Mozilla/4.0 (compatible; MSIE 6.0; Windows NT 5.1)"
84.108.220.79 - - [11/Feb/2007:19:00:50 -0500] "POST /gallery/main.php?g2_GALLERYSID=062d1df5839569d3028e4a39ac0dd0de HTTP/1.0" 302 - "http://cs.tcnj.edu/gallery/main.php?g2_view=comment.AddComment&g2_itemId=664&g2_return=http://cs.tcnj.edu/gallery/v/events/album02/contests/programmingContest05/?g2_page=2&g2_GALLERYSID=062d1df5839569d3028e4a39ac0dd0de&g2_returnName=album" "Mozilla/4.0 (compatible; MSIE 6.0; Windows NT 5.1)"
84.108.220.79 - - [11/Feb/2007:19:00:58 -0500] "GET /gallery/v/events/album02/contests/programmingContest05/?g2_page=2&g2_fromNavId=xa1d4c3bd HTTP/1.0" 200 16030 "http://cs.tcnj.edu/gallery/main.php?g2_view=comment.AddComment&g2_itemId=664&g2_return=http://cs.tcnj.edu/gallery/v/events/album02/contests/programmingContest05/?g2_page=2&g2_GALLERYSID=062d1df5839569d3028e4a39ac0dd0de&g2_returnName=album" "Mozilla/4.0 (compatible; MSIE 6.0; Windows NT 5.1)"
222.221.241.174 - - [11/Feb/2007:19:01:48 -0500] "GET /gallery/main.php?g2_view=comment.ShowComments&amp;g2_itemId=664 HTTP/1.0" 200 5530 "http://cs.tcnj.edu/gallery/main.php?g2_view=comment.ShowComments&amp;g2_itemId=664" "User-Agent: Mozilla/4.0 (compatible; MSIE 6.0; Windows NT 5.1)"
66.249.65.103 - - [11/Feb/2007:19:02:14 -0500] "GET /robots.txt HTTP/1.1" 200 49 "-" "Mozilla/5.0 (compatible; Googlebot/2.1; +http://www.google.com/bot.html)"
66.249.65.103 - - [11/Feb/2007:19:02:14 -0500] "GET /gallery/main.php?g2_view=slideshow.Slideshow&g2_itemId=697 HTTP/1.1" 200 32781 "-" "Mozilla/5.0 (compatible; Googlebot/2.1; +http://www.google.com/bot.html)"
159.91.54.93 - - [11/Feb/2007:19:02:33 -0500] "GET /newsEventsRSS.php HTTP/1.1" 200 10627 "-" "Mozilla/5.0 (Windows; U; Windows NT 5.1; en-US; rv:1.8.1.1) Gecko/20061204 Firefox/2.0.0.1"
159.91.54.93 - - [11/Feb/2007:19:02:33 -0500] "GET /style.css HTTP/1.1" 200 3484 "http://cs.tcnj.edu/" "Mozilla/5.0 (Windows; U; Windows NT 5.1; en-US; rv:1.8.1.1) Gecko/20061204 Firefox/2.0.0.1"
159.91.54.93 - - [11/Feb/2007:19:02:33 -0500] "GET /images/top_banner.jpg HTTP/1.1" 200 145765 "http://cs.tcnj.edu/" "Mozilla/5.0 (Windows; U; Windows NT 5.1; en-US; rv:1.8.1.1) Gecko/20061204 Firefox/2.0.0.1"
159.91.54.93 - - [11/Feb/2007:19:02:32 -0500] "GET / HTTP/1.1" 200 14861 "http://www.googlesyndicatedsearch.com/u/tcnj?domains=www.tcnj.edu&sitesearch=www.tcnj.edu&q=computer+science&sa=Search" "Mozilla/5.0 (Windows; U; Windows NT 5.1; en-US; rv:1.8.1.1) Gecko/20061204 Firefox/2.0.0.1"
159.91.54.93 - - [11/Feb/2007:19:02:33 -0500] "GET /images/feed-icon-16x16.gif HTTP/1.1" 200 652 "http://cs.tcnj.edu/" "Mozilla/5.0 (Windows; U; Windows NT 5.1; en-US; rv:1.8.1.1) Gecko/20061204 Firefox/2.0.0.1"
159.91.54.93 - - [11/Feb/2007:19:02:33 -0500] "GET /images/frontpageImage/grad06a.jpg HTTP/1.1" 200 29325 "http://cs.tcnj.edu/" "Mozilla/5.0 (Windows; U; Windows NT 5.1; en-US; rv:1.8.1.1) Gecko/20061204 Firefox/2.0.0.1"
159.91.54.93 - - [11/Feb/2007:19:02:33 -0500] "GET /favicon.ico HTTP/1.1" 200 614 "-" "Mozilla/5.0 (Windows; U; Windows NT 5.1; en-US; rv:1.8.1.1) Gecko/20061204 Firefox/2.0.0.1"
159.91.54.93 - - [11/Feb/2007:19:02:40 -0500] "GET /faculty_fulltime.php HTTP/1.1" 200 10107 "http://cs.tcnj.edu/" "Mozilla/5.0 (Windows; U; Windows NT 5.1; en-US; rv:1.8.1.1) Gecko/20061204 Firefox/2.0.0.1"
159.91.54.93 - - [11/Feb/2007:19:02:40 -0500] "GET /newsEventsRSS.php HTTP/1.1" 200 10627 "-" "Mozilla/5.0 (Windows; U; Windows NT 5.1; en-US; rv:1.8.1.1) Gecko/20061204 Firefox/2.0.0.1"
159.91.54.93 - - [11/Feb/2007:19:02:40 -0500] "GET /images/facultyHeadshots/depasquale.jpg HTTP/1.1" 200 13455 "http://cs.tcnj.edu/faculty_fulltime.php" "Mozilla/5.0 (Windows; U; Windows NT 5.1; en-US; rv:1.8.1.1) Gecko/20061204 Firefox/2.0.0.1"
159.91.54.93 - - [11/Feb/2007:19:02:40 -0500] "GET /images/facultyHeadshots/knox.jpg HTTP/1.1" 200 15190 "http://cs.tcnj.edu/faculty_fulltime.php" "Mozilla/5.0 (Windows; U; Windows NT 5.1; en-US; rv:1.8.1.1) Gecko/20061204 Firefox/2.0.0.1"
159.91.54.93 - - [11/Feb/2007:19:02:40 -0500] "GET /images/facultyHeadshots/goldberg.jpg HTTP/1.1" 200 15695 "http://cs.tcnj.edu/faculty_fulltime.php" "Mozilla/5.0 (Windows; U; Windows NT 5.1; en-US; rv:1.8.1.1) Gecko/20061204 Firefox/2.0.0.1"
159.91.54.93 - - [11/Feb/2007:19:02:40 -0500] "GET /images/facultyHeadshots/martinovic.jpg HTTP/1.1" 200 16499 "http://cs.tcnj.edu/faculty_fulltime.php" "Mozilla/5.0 (Windows; U; Windows NT 5.1; en-US; rv:1.8.1.1) Gecko/20061204 Firefox/2.0.0.1"
159.91.54.93 - - [11/Feb/2007:19:02:40 -0500] "GET /images/facultyHeadshots/neff.jpg HTTP/1.1" 200 15761 "http://cs.tcnj.edu/faculty_fulltime.php" "Mozilla/5.0 (Windows; U; Windows NT 5.1; en-US; rv:1.8.1.1) Gecko/20061204 Firefox/2.0.0.1"
159.91.54.93 - - [11/Feb/2007:19:02:40 -0500] "GET /images/facultyHeadshots/li.jpg HTTP/1.1" 200 15594 "http://cs.tcnj.edu/faculty_fulltime.php" "Mozilla/5.0 (Windows; U; Windows NT 5.1; en-US; rv:1.8.1.1) Gecko/20061204 Firefox/2.0.0.1"
159.91.54.93 - - [11/Feb/2007:19:02:40 -0500] "GET /images/facultyHeadshots/pulimood.jpg HTTP/1.1" 200 13261 "http://cs.tcnj.edu/faculty_fulltime.php" "Mozilla/5.0 (Windows; U; Windows NT 5.1; en-US; rv:1.8.1.1) Gecko/20061204 Firefox/2.0.0.1"
159.91.54.93 - - [11/Feb/2007:19:02:40 -0500] "GET /images/facultyHeadshots/wolz.jpg HTTP/1.1" 200 18970 "http://cs.tcnj.edu/faculty_fulltime.php" "Mozilla/5.0 (Windows; U; Windows NT 5.1; en-US; rv:1.8.1.1) Gecko/20061204 Firefox/2.0.0.1"
159.91.54.93 - - [11/Feb/2007:19:02:40 -0500] "GET /images/facultyHeadshots/salgian.jpg HTTP/1.1" 200 7557 "http://cs.tcnj.edu/faculty_fulltime.php" "Mozilla/5.0 (Windows; U; Windows NT 5.1; en-US; rv:1.8.1.1) Gecko/20061204 Firefox/2.0.0.1"
159.91.54.93 - - [11/Feb/2007:19:02:44 -0500] "GET /facultyview.php?id=12 HTTP/1.1" 200 17647 "http://cs.tcnj.edu/faculty_fulltime.php" "Mozilla/5.0 (Windows; U; Windows NT 5.1; en-US; rv:1.8.1.1) Gecko/20061204 Firefox/2.0.0.1"
159.91.54.93 - - [11/Feb/2007:19:02:44 -0500] "GET /newsEventsRSS.php HTTP/1.1" 200 10627 "-" "Mozilla/5.0 (Windows; U; Windows NT 5.1; en-US; rv:1.8.1.1) Gecko/20061204 Firefox/2.0.0.1"
159.91.54.93 - - [11/Feb/2007:19:03:13 -0500] "GET /courseview.php?id=26 HTTP/1.1" 200 8713 "http://cs.tcnj.edu/facultyview.php?id=12" "Mozilla/5.0 (Windows; U; Windows NT 5.1; en-US; rv:1.8.1.1) Gecko/20061204 Firefox/2.0.0.1"
159.91.54.93 - - [11/Feb/2007:19:03:14 -0500] "GET /newsEventsRSS.php HTTP/1.1" 200 10627 "-" "Mozilla/5.0 (Windows; U; Windows NT 5.1; en-US; rv:1.8.1.1) Gecko/20061204 Firefox/2.0.0.1"
159.91.54.93 - - [11/Feb/2007:19:03:18 -0500] "GET /newsEventsRSS.php HTTP/1.1" 200 10627 "-" "Mozilla/5.0 (Windows; U; Windows NT 5.1; en-US; rv:1.8.1.1) Gecko/20061204 Firefox/2.0.0.1"
159.91.23.221 - - [11/Feb/2007:19:05:13 -0500] "GET /~depasqua/csc230/dataSources/itunes.txt HTTP/1.1" 200 361868 "-" "Java/1.5.0_04"
202.108.11.106 - - [11/Feb/2007:19:05:28 -0500] "GET / HTTP/1.1" 200 14860 "-" "Baiduspider+(+http://www.baidu.com/search/spider.htm)"
66.249.65.103 - - [11/Feb/2007:19:05:39 -0500] "GET /gallery/v/events/childrenToWork05/?g2_highlightId=892 HTTP/1.1" 302 - "-" "Mozilla/5.0 (compatible; Googlebot/2.1; +http://www.google.com/bot.html)"
69.137.160.191 - - [11/Feb/2007:19:06:56 -0500] "GET /newsAndEvents.php?type=e HTTP/1.1" 200 35150 "http://www.google.com/search?num=100&hl=en&safe=off&q=technology+seminars+greater+philadelphia&btnG=Search" "Mozilla/5.0 (Windows; U; Windows NT 5.1; en-US; rv:1.8.0.9) Gecko/20061206 Firefox/1.5.0.9"
66.249.65.103 - - [11/Feb/2007:19:09:03 -0500] "GET /gallery/v/events/album02/contests/programmingContest05/?g2_highlightId=721 HTTP/1.1" 302 - "-" "Mozilla/5.0 (compatible; Googlebot/2.1; +http://www.google.com/bot.html)"
159.91.23.221 - - [11/Feb/2007:19:09:09 -0500] "GET /~depasqua/csc230/dataSources/itunes.txt HTTP/1.1" 200 361868 "-" "Java/1.5.0_04"
159.91.23.221 - - [11/Feb/2007:19:10:34 -0500] "GET /~depasqua/csc230/dataSources/itunes.txt HTTP/1.1" 200 361868 "-" "Java/1.5.0_04"
68.99.104.65 - - [11/Feb/2007:19:11:31 -0500] "POST /gallery/main.php?g2_GALLERYSID=cfde5d48c5d0a226687cffe2a3658247 HTTP/1.1" 200 8795 "-" "User-Agent: Mozilla/4.0 (compatible; MSIE 6.0; Windows NT 5.1)"
66.249.65.103 - - [11/Feb/2007:19:12:29 -0500] "GET /gallery/v/events/album02/contests/programmingContest04/?g2_highlightId=587 HTTP/1.1" 302 - "-" "Mozilla/5.0 (compatible; Googlebot/2.1; +http://www.google.com/bot.html)"
121.13.247.75 - - [11/Feb/2007:19:12:59 -0500] "GET /gallery/v/events/album02/contests/programmingContest05/?g2_highlightId=766 HTTP/1.1" 302 - "http://cs.tcnj.edu/gallery/v/events/album02/contests/programmingContest05/?g2_highlightId=766" "Mozilla/4.0 (compatible; MSIE 4.0; Windows 95)"
218.204.249.28 - - [11/Feb/2007:19:13:16 -0500] "POST /gallery/main.php?g2_GALLERYSID=733ea0456bbbcd5a50aa4dddf194b970 HTTP/1.1" 200 8887 "http://cs.tcnj.edu/gallery/main.php?g2_view=comment.ShowComments&g2_itemId=664" "User-Agent: Mozilla/4.0 (compatible; MSIE 6.0; Windows NT 5.1)"
68.9.37.24 - - [11/Feb/2007:19:15:13 -0500] "POST /gallery/main.php?g2_GALLERYSID=3a25ae43440fbf1c9a752cfa7249ed69 HTTP/1.1" 200 8833 "-" "User-Agent: Mozilla/4.0 (compatible; MSIE 6.0; Windows NT 5.1)"
72.14.199.84 - - [11/Feb/2007:19:15:52 -0500] "GET /newsEventsRSS.php HTTP/1.1" 200 10627 "-" "Feedfetcher-Google; (+http://www.google.com/feedfetcher.html)"
66.249.65.103 - - [11/Feb/2007:19:15:53 -0500] "GET /gallery/main.php?g2_view=slideshow.Slideshow&g2_itemId=1680 HTTP/1.1" 200 21159 "-" "Mozilla/5.0 (compatible; Googlebot/2.1; +http://www.google.com/bot.html)"
159.91.23.221 - - [11/Feb/2007:19:16:52 -0500] "GET /~depasqua/csc230/dataSources/itunes.txt HTTP/1.1" 200 361868 "-" "Java/1.5.0_04"
159.91.23.219 - - [11/Feb/2007:19:17:11 -0500] "GET /~depasqua/csc230/java%20software%20structures%202e/ch12-13%20Code/ HTTP/1.1" 200 1309 "http://depasquale.tcnj.edu/~depasqua/csc230/java%20software%20structures%202e/" "Mozilla/5.0 (X11; U; Linux x86_64; en-US; rv:1.7.13) Gecko/20060414 Red Hat/1.7.13-1.1.3.1"
159.91.23.219 - - [11/Feb/2007:19:17:14 -0500] "GET /~depasqua/csc230/java%20software%20structures%202e/ch11%20Code/ HTTP/1.1" 200 1465 "http://depasquale.tcnj.edu/~depasqua/csc230/java%20software%20structures%202e/" "Mozilla/5.0 (X11; U; Linux x86_64; en-US; rv:1.7.13) Gecko/20060414 Red Hat/1.7.13-1.1.3.1"
159.91.23.219 - - [11/Feb/2007:19:17:16 -0500] "GET /~depasqua/csc230/java%20software%20structures%202e/ch11%20Code/TestSorting.java HTTP/1.1" 200 913 "http://depasquale.tcnj.edu/~depasqua/csc230/java%20software%20structures%202e/ch11%20Code/" "Mozilla/5.0 (X11; U; Linux x86_64; en-US; rv:1.7.13) Gecko/20060414 Red Hat/1.7.13-1.1.3.1"
159.91.23.219 - - [11/Feb/2007:19:17:21 -0500] "GET /~depasqua/csc230/java%20foundations%201e/ HTTP/1.1" 200 3285 "http://depasquale.tcnj.edu/~depasqua/csc230/" "Mozilla/5.0 (X11; U; Linux x86_64; en-US; rv:1.7.13) Gecko/20060414 Red Hat/1.7.13-1.1.3.1"
159.91.23.219 - - [11/Feb/2007:19:17:23 -0500] "GET /~depasqua/csc230/java%20foundations%201e/chap11/ HTTP/1.1" 200 1375 "http://depasquale.tcnj.edu/~depasqua/csc230/java%20foundations%201e/" "Mozilla/5.0 (X11; U; Linux x86_64; en-US; rv:1.7.13) Gecko/20060414 Red Hat/1.7.13-1.1.3.1"
159.91.23.221 - - [11/Feb/2007:19:17:26 -0500] "GET /~depasqua/csc230/dataSources/itunes.txt HTTP/1.1" 200 361868 "-" "Java/1.5.0_04"
159.91.23.219 - - [11/Feb/2007:19:17:27 -0500] "GET /~depasqua/csc230/examples/ HTTP/1.1" 200 853 "http://depasquale.tcnj.edu/~depasqua/csc230/" "Mozilla/5.0 (X11; U; Linux x86_64; en-US; rv:1.7.13) Gecko/20060414 Red Hat/1.7.13-1.1.3.1"
218.75.68.205 - - [11/Feb/2007:19:17:43 -0500] "POST /gallery/main.php?g2_GALLERYSID=733ea0456bbbcd5a50aa4dddf194b970 HTTP/1.1" 200 8864 "http://cs.tcnj.edu/gallery/main.php?g2_view=comment.ShowComments&g2_itemId=664" "User-Agent: Mozilla/4.0 (compatible; MSIE 6.0; Windows NT 5.1)"
159.91.23.221 - - [11/Feb/2007:19:17:44 -0500] "GET /~depasqua/csc230/dataSources/itunes.txt HTTP/1.1" 200 361868 "-" "Java/1.5.0_04"
159.91.23.221 - - [11/Feb/2007:19:18:05 -0500] "GET /~depasqua/csc230/dataSources/itunes.txt HTTP/1.1" 200 361868 "-" "Java/1.5.0_04"
159.91.23.221 - - [11/Feb/2007:19:18:26 -0500] "GET /~depasqua/csc230/dataSources/itunes.txt HTTP/1.1" 200 361868 "-" "Java/1.5.0_04"
159.91.23.221 - - [11/Feb/2007:19:19:05 -0500] "GET /~depasqua/csc230/dataSources/itunes.txt HTTP/1.1" 200 361868 "-" "Java/1.5.0_04"
66.249.65.103 - - [11/Feb/2007:19:19:20 -0500] "GET /gallery/v/events/album02/contests/programmingContest05/?g2_highlightId=694 HTTP/1.1" 302 - "-" "Mozilla/5.0 (compatible; Googlebot/2.1; +http://www.google.com/bot.html)"
159.91.23.221 - - [11/Feb/2007:19:19:43 -0500] "GET /~depasqua/csc230/dataSources/itunes.txt HTTP/1.1" 200 361868 "-" "Java/1.5.0_04"
159.91.23.221 - - [11/Feb/2007:19:20:16 -0500] "GET /~depasqua/csc230/dataSources/itunes.txt HTTP/1.1" 200 361868 "-" "Java/1.5.0_04"
159.91.23.221 - - [11/Feb/2007:19:20:26 -0500] "GET /~depasqua/csc230/dataSources/itunes.txt HTTP/1.1" 200 361868 "-" "Java/1.5.0_04"
159.91.23.221 - - [11/Feb/2007:19:20:41 -0500] "GET /~depasqua/csc230/dataSources/itunes.txt HTTP/1.1" 200 361868 "-" "Java/1.5.0_04"
220.181.31.44 - - [11/Feb/2007:19:20:56 -0500] "GET /gallery/main.php?g2_view=comment.ShowComments&amp;g2_itemId=664 HTTP/1.0" 200 5529 "http://cs.tcnj.edu/gallery/main.php?g2_view=comment.ShowComments&amp;g2_itemId=664" "User-Agent: Mozilla/4.0 (compatible; MSIE 6.0; Windows NT 5.1)"
220.181.31.44 - - [11/Feb/2007:19:20:58 -0500] "POST /gallery/main.php HTTP/1.0" 200 8757 "http://cs.tcnj.edu/gallery/main.php?g2_view=comment.ShowComments&amp;g2_itemId=664" "User-Agent: Mozilla/4.0 (compatible; MSIE 6.0; Windows NT 5.1)"
159.91.23.221 - - [11/Feb/2007:19:22:11 -0500] "GET /~depasqua/csc230/dataSources/itunes.txt HTTP/1.1" 200 361868 "-" "Java/1.5.0_04"
159.91.23.221 - - [11/Feb/2007:19:22:26 -0500] "GET /~depasqua/csc230/dataSources/itunes.txt HTTP/1.1" 200 361868 "-" "Java/1.5.0_04"
66.249.65.103 - - [11/Feb/2007:19:22:43 -0500] "GET /gallery/v/events/album02/contests/programmingContest05/?g2_highlightId=691 HTTP/1.1" 302 - "-" "Mozilla/5.0 (compatible; Googlebot/2.1; +http://www.google.com/bot.html)"
159.91.23.221 - - [11/Feb/2007:19:23:26 -0500] "GET /~depasqua/csc230/dataSources/itunes.txt HTTP/1.1" 200 361868 "-" "Java/1.5.0_04"
159.91.23.221 - - [11/Feb/2007:19:24:35 -0500] "GET /~depasqua/csc230/dataSources/itunes.txt HTTP/1.1" 200 361868 "-" "Java/1.5.0_04"
121.13.247.75 - - [11/Feb/2007:19:13:08 -0500] "GET /gallery/v/events/album02/contests/programmingContest05/?g2_page=2&g2_GALLERYSID=e011745a354ce450846f87c910b881e0 HTTP/1.1" 200 24396 "http://cs.tcnj.edu/gallery/v/events/album02/contests/programmingContest05/?g2_highlightId=766" "Mozilla/4.0 (compatible; MSIE 4.0; Windows 95)"
159.91.23.221 - - [11/Feb/2007:19:24:53 -0500] "GET /~depasqua/csc230/dataSources/itunes.txt HTTP/1.1" 200 361868 "-" "Java/1.5.0_04"
159.91.23.221 - - [11/Feb/2007:19:25:14 -0500] "GET /~depasqua/csc230/dataSources/itunes.txt HTTP/1.1" 200 361868 "-" "Java/1.5.0_04"
159.91.23.221 - - [11/Feb/2007:19:25:25 -0500] "GET /~depasqua/csc230/dataSources/itunes.txt HTTP/1.1" 200 361868 "-" "Java/1.5.0_04"
66.249.65.103 - - [11/Feb/2007:19:26:08 -0500] "GET /gallery/v/events/album02/contests/programmingContest05/?g2_highlightId=703 HTTP/1.1" 302 - "-" "Mozilla/5.0 (compatible; Googlebot/2.1; +http://www.google.com/bot.html)"
65.214.44.29 - - [11/Feb/2007:19:26:37 -0500] "GET /newsEventsRSS.php HTTP/1.1" 200 10627 "-" "Bloglines/3.1 (http://www.bloglines.com; 1 subscriber)"
70.181.15.159 - - [11/Feb/2007:19:26:54 -0500] "POST /gallery/main.php HTTP/1.1" 200 8771 "-" "User-Agent: Mozilla/4.0 (compatible; MSIE 6.0; Windows NT 5.1)"
66.249.65.103 - - [11/Feb/2007:19:29:33 -0500] "GET /gallery/v/presentations/f05/?g2_highlightId=1055 HTTP/1.1" 302 - "-" "Mozilla/5.0 (compatible; Googlebot/2.1; +http://www.google.com/bot.html)"
159.91.23.221 - - [11/Feb/2007:19:30:19 -0500] "GET /~depasqua/csc230/dataSources/itunes.txt HTTP/1.1" 200 361868 "-" "Java/1.5.0_04"
159.91.23.221 - - [11/Feb/2007:19:31:29 -0500] "GET /~depasqua/csc230/dataSources/itunes.txt HTTP/1.1" 200 361868 "-" "Java/1.5.0_04"
159.91.23.221 - - [11/Feb/2007:19:32:09 -0500] "GET /~depasqua/csc230/dataSources/itunes.txt HTTP/1.1" 200 361868 "-" "Java/1.5.0_04"
159.91.23.221 - - [11/Feb/2007:19:32:21 -0500] "GET /~depasqua/csc230/dataSources/itunes.txt HTTP/1.1" 200 361868 "-" "Java/1.5.0_04"
159.91.23.221 - - [11/Feb/2007:19:32:38 -0500] "GET /~depasqua/csc230/dataSources/itunes.txt HTTP/1.1" 200 361868 "-" "Java/1.5.0_04"
159.91.23.221 - - [11/Feb/2007:19:32:56 -0500] "GET /~depasqua/csc230/dataSources/itunes.txt HTTP/1.1" 200 361868 "-" "Java/1.5.0_04"
66.249.65.103 - - [11/Feb/2007:19:32:58 -0500] "GET /gallery/v/presentations/album06/?g2_highlightId=413 HTTP/1.1" 302 - "-" "Mozilla/5.0 (compatible; Googlebot/2.1; +http://www.google.com/bot.html)"
70.87.66.66 - - [11/Feb/2007:19:33:01 -0500] "POST /gallery/main.php?g2_GALLERYSID=733ea0456bbbcd5a50aa4dddf194b970 HTTP/1.0" 200 8918 "-" "-"
159.91.23.221 - - [11/Feb/2007:19:33:05 -0500] "GET /~depasqua/csc230/dataSources/itunes.txt HTTP/1.1" 200 361868 "-" "Java/1.5.0_04"
159.91.23.221 - - [11/Feb/2007:19:33:27 -0500] "GET /~depasqua/csc230/dataSources/itunes.txt HTTP/1.1" 200 361868 "-" "Java/1.5.0_04"
159.91.23.221 - - [11/Feb/2007:19:34:00 -0500] "GET /~depasqua/csc230/dataSources/itunes.txt HTTP/1.1" 200 361868 "-" "Java/1.5.0_04"
159.91.170.64 - - [11/Feb/2007:19:34:07 -0500] "GET /style.css HTTP/1.1" 200 3484 "http://cs.tcnj.edu/" "Mozilla/5.0 (X11; U; Linux i686; en-US; rv:1.8.0.9) Gecko/20070131 Fedora/1.5.0.9-2.fc6 Firefox/1.5.0.9 pango-text"
159.91.170.64 - - [11/Feb/2007:19:34:06 -0500] "GET / HTTP/1.1" 200 14861 "http://www.tcnj.edu/~ssivy/" "Mozilla/5.0 (X11; U; Linux i686; en-US; rv:1.8.0.9) Gecko/20070131 Fedora/1.5.0.9-2.fc6 Firefox/1.5.0.9 pango-text"
159.91.170.64 - - [11/Feb/2007:19:34:07 -0500] "GET /images/top_banner.jpg HTTP/1.1" 200 145765 "http://cs.tcnj.edu/" "Mozilla/5.0 (X11; U; Linux i686; en-US; rv:1.8.0.9) Gecko/20070131 Fedora/1.5.0.9-2.fc6 Firefox/1.5.0.9 pango-text"
159.91.170.64 - - [11/Feb/2007:19:34:09 -0500] "GET /images/feed-icon-16x16.gif HTTP/1.1" 200 652 "http://cs.tcnj.edu/" "Mozilla/5.0 (X11; U; Linux i686; en-US; rv:1.8.0.9) Gecko/20070131 Fedora/1.5.0.9-2.fc6 Firefox/1.5.0.9 pango-text"
159.91.170.64 - - [11/Feb/2007:19:34:08 -0500] "GET /images/frontpageImage/holman2.jpg HTTP/1.1" 200 59700 "http://cs.tcnj.edu/" "Mozilla/5.0 (X11; U; Linux i686; en-US; rv:1.8.0.9) Gecko/20070131 Fedora/1.5.0.9-2.fc6 Firefox/1.5.0.9 pango-text"
159.91.170.64 - - [11/Feb/2007:19:34:09 -0500] "GET /favicon.ico HTTP/1.1" 200 614 "-" "Mozilla/5.0 (X11; U; Linux i686; en-US; rv:1.8.0.9) Gecko/20070131 Fedora/1.5.0.9-2.fc6 Firefox/1.5.0.9 pango-text"
159.91.23.221 - - [11/Feb/2007:19:34:11 -0500] "GET /~depasqua/csc230/dataSources/itunes.txt HTTP/1.1" 200 361868 "-" "Java/1.5.0_04"
159.91.23.221 - - [11/Feb/2007:19:34:26 -0500] "GET /~depasqua/csc230/dataSources/itunes.txt HTTP/1.1" 200 361868 "-" "Java/1.5.0_04"
74.6.72.98 - - [11/Feb/2007:19:35:03 -0500] "GET /~depasqua/phpicalendar/day.php?cal=all_calendars_combined971&getdate=20060115 HTTP/1.0" 404 423 "-" "Mozilla/5.0 (compatible; Yahoo! Slurp; http://help.yahoo.com/help/us/ysearch/slurp)"
159.91.23.221 - - [11/Feb/2007:19:35:24 -0500] "GET /~depasqua/csc230/dataSources/itunes.txt HTTP/1.1" 200 361868 "-" "Java/1.5.0_04"
68.85.17.25 - - [11/Feb/2007:19:35:26 -0500] "GET /~depasqua/csc230 HTTP/1.1" 301 439 "-" "Mozilla/5.0 (Windows; U; Windows NT 5.1; en-US; rv:1.8.1.1) Gecko/20061204 Firefox/2.0.0.1"
68.85.17.25 - - [11/Feb/2007:19:35:27 -0500] "GET /~depasqua/csc230/ HTTP/1.1" 200 1237 "-" "Mozilla/5.0 (Windows; U; Windows NT 5.1; en-US; rv:1.8.1.1) Gecko/20061204 Firefox/2.0.0.1"
68.85.17.25 - - [11/Feb/2007:19:35:27 -0500] "GET /icons/blank.png HTTP/1.1" 200 153 "http://cs.tcnj.edu/~depasqua/csc230/" "Mozilla/5.0 (Windows; U; Windows NT 5.1; en-US; rv:1.8.1.1) Gecko/20061204 Firefox/2.0.0.1"
68.85.17.25 - - [11/Feb/2007:19:35:27 -0500] "GET /icons/folder.png HTTP/1.1" 200 230 "http://cs.tcnj.edu/~depasqua/csc230/" "Mozilla/5.0 (Windows; U; Windows NT 5.1; en-US; rv:1.8.1.1) Gecko/20061204 Firefox/2.0.0.1"
68.85.17.25 - - [11/Feb/2007:19:35:27 -0500] "GET /icons/back.png HTTP/1.1" 200 243 "http://cs.tcnj.edu/~depasqua/csc230/" "Mozilla/5.0 (Windows; U; Windows NT 5.1; en-US; rv:1.8.1.1) Gecko/20061204 Firefox/2.0.0.1"
68.85.17.25 - - [11/Feb/2007:19:35:28 -0500] "GET /~depasqua/csc230/examples/ HTTP/1.1" 200 845 "http://cs.tcnj.edu/~depasqua/csc230/" "Mozilla/5.0 (Windows; U; Windows NT 5.1; en-US; rv:1.8.1.1) Gecko/20061204 Firefox/2.0.0.1"
68.85.17.25 - - [11/Feb/2007:19:35:29 -0500] "GET /icons/unknown.png HTTP/1.1" 200 250 "http://cs.tcnj.edu/~depasqua/csc230/examples/" "Mozilla/5.0 (Windows; U; Windows NT 5.1; en-US; rv:1.8.1.1) Gecko/20061204 Firefox/2.0.0.1"
68.85.17.25 - - [11/Feb/2007:19:35:29 -0500] "GET /~depasqua/csc230/examples/Example.java HTTP/1.1" 200 406 "http://cs.tcnj.edu/~depasqua/csc230/examples/" "Mozilla/5.0 (Windows; U; Windows NT 5.1; en-US; rv:1.8.1.1) Gecko/20061204 Firefox/2.0.0.1"
